Component: ARM Compiler 5.06 update 2 (build 183) Tool: armlink [4d35b7]

==============================================================================

Section Cross References

    serial.o(.rev16_text) refers (Special) to use_no_semi.o(.text) for __use_no_semihosting_swi
    serial.o(.revsh_text) refers (Special) to use_no_semi.o(.text) for __use_no_semihosting_swi
    serial.o(.rrx_text) refers (Special) to use_no_semi.o(.text) for __use_no_semihosting_swi
    serial.o(.text) refers (Special) to use_no_semi.o(.text) for __use_no_semihosting_swi
    serial.o(.text) refers to _printf_percent.o(.ARM.Collect$$_printf_percent$$00000000) for _printf_percent
    serial.o(.text) refers to _printf_s.o(.ARM.Collect$$_printf_percent$$00000014) for _printf_s
    serial.o(.text) refers to _printf_str.o(.text) for _printf_str
    serial.o(.text) refers to queue.o(.text) for QueueConstructor
    serial.o(.text) refers to stm32f4xx_rcc.o(.text) for RCC_APB1PeriphClockCmd
    serial.o(.text) refers to stm32f4xx_gpio.o(.text) for GPIO_Init
    serial.o(.text) refers to stm32f4xx_usart.o(.text) for USART_Init
    serial.o(.text) refers to misc.o(.text) for NVIC_Init
    serial.o(.text) refers to strcmpv7m.o(.text) for strcmp
    serial.o(.text) refers to utils.o(.text) for int2bin
    serial.o(.text) refers to noretval__2printf.o(.text) for __2printf
    serial.o(.text) refers to serial.o(.data) for debugInitialised
    serial.o(.text) refers to serial.o(.bss) for debugBuf
    serial.o(.text) refers to switches.o(.data) for menuPosition
    serial.o(.bss) refers (Special) to use_no_semi.o(.text) for __use_no_semihosting_swi
    serial.o(.data) refers (Special) to use_no_semi.o(.text) for __use_no_semihosting_swi
    utils.o(.text) refers to drleqf.o(x$fpl$drleqf) for __aeabi_cdrcmple
    utils.o(.text) refers to daddsub_clz.o(x$fpl$dsub) for __aeabi_dsub
    utils.o(.text) refers to dmul.o(x$fpl$dmul) for __aeabi_dmul
    utils.o(.text) refers to ddiv.o(x$fpl$ddiv) for __aeabi_ddiv
    utils.o(.text) refers to daddsub_clz.o(x$fpl$dadd) for __aeabi_dadd
    utils.o(.text) refers to utils.o(.data) for msTicks
    lcd_buffer.o(.text) refers to h1_free.o(.text) for free
    lcd_buffer.o(.text) refers to lcd_buffer.o(.bss) for unmalloc_buffer
    lcd_driver.o(.text) refers to lcd_buffer.o(.text) for buffer_empty
    lcd_driver.o(.text) refers to lcd_driver.o(.bss) for lcd_commandBuffer
    lcd_driver.o(.text) refers to lcd_driver.o(.data) for stage
    adc.o(.text) refers to _printf_percent.o(.ARM.Collect$$_printf_percent$$00000000) for _printf_percent
    adc.o(.text) refers to _printf_d.o(.ARM.Collect$$_printf_percent$$00000009) for _printf_d
    adc.o(.text) refers to _printf_dec.o(.text) for _printf_int_dec
    adc.o(.text) refers to _printf_f.o(.ARM.Collect$$_printf_percent$$00000003) for _printf_f
    adc.o(.text) refers to printf1.o(x$fpl$printf1) for _printf_fp_dec
    adc.o(.text) refers to stm32f4xx_rcc.o(.text) for RCC_AHB1PeriphClockCmd
    adc.o(.text) refers to stm32f4xx_gpio.o(.text) for GPIO_Init
    adc.o(.text) refers to utils.o(.text) for Delay
    adc.o(.text) refers to dmm.o(.text) for stageAlpha
    adc.o(.text) refers to dflt_clz.o(x$fpl$dfltu) for __aeabi_ui2d
    adc.o(.text) refers to ddiv.o(x$fpl$ddiv) for __aeabi_ddiv
    adc.o(.text) refers to dleqf.o(x$fpl$dleqf) for __aeabi_cdcmple
    adc.o(.text) refers to drleqf.o(x$fpl$drleqf) for __aeabi_cdrcmple
    adc.o(.text) refers to noretval__2printf.o(.text) for __2printf
    adc.o(.text) refers to dfixu.o(x$fpl$dfixu) for __aeabi_d2uiz
    adc.o(.text) refers to adc.o(.data) for isInitialised
    adc.o(.text) refers to adc.o(.conststring) for .conststring
    stm32f4xx_gpio.o(.text) refers to stm32f4xx_rcc.o(.text) for RCC_AHB1PeriphResetCmd
    stm32f4xx_rcc.o(.text) refers to stm32f4xx_rcc.o(.data) for APBAHBPrescTable
    stm32f4xx_usart.o(.text) refers to stm32f4xx_rcc.o(.text) for RCC_APB2PeriphResetCmd
    sig_gen.o(.text) refers to stm32f4xx_tim.o(.text) for TIM_GetITStatus
    sig_gen.o(.text) refers to stm32f4xx_gpio.o(.text) for GPIO_SetBits
    sig_gen.o(.text) refers to misc.o(.text) for NVIC_Init
    sig_gen.o(.text) refers to stm32f4xx_rcc.o(.text) for RCC_APB1PeriphClockCmd
    sig_gen.o(.text) refers to sig_gen.o(.data) for pulse_width
    sig_gen.o(.text) refers to sig_gen.o(.bss) for TIM_TimeBaseStructure
    stm32f4xx_tim.o(.text) refers to stm32f4xx_rcc.o(.text) for RCC_APB2PeriphResetCmd
    queue.o(.text) refers to _printf_percent.o(.ARM.Collect$$_printf_percent$$00000000) for _printf_percent
    queue.o(.text) refers to _printf_s.o(.ARM.Collect$$_printf_percent$$00000014) for _printf_s
    queue.o(.text) refers to _printf_str.o(.text) for _printf_str
    queue.o(.text) refers to h1_alloc.o(.text) for malloc
    queue.o(.text) refers to h1_free.o(.text) for free
    queue.o(.text) refers to noretval__2printf.o(.text) for __2printf
[...]
    x$fpl$usenofp                            0x080062f6   Section        0  usenofp.o(x$fpl$usenofp)
    .constdata                               0x080062f8   Section       32  dmm.o(.constdata)
    .constdata                               0x08006318   Section      256  dac.o(.constdata)
    .constdata                               0x08006418   Section       16  system_stm32f4xx.o(.constdata)
    .constdata                               0x08006428   Section      148  bigflt0.o(.constdata)
    tenpwrs_x                                0x08006428   Data          60  bigflt0.o(.constdata)
    tenpwrs_i                                0x08006464   Data          64  bigflt0.o(.constdata)
    .conststring                             0x080064bc   Section      181  adc.o(.conststring)
    .conststring                             0x08006574   Section      110  dac.o(.conststring)
    locale$$data                             0x08006604   Section       28  lc_numeric_c.o(locale$$data)
    __lcnum_c_name                           0x08006608   Data           2  lc_numeric_c.o(locale$$data)
    __lcnum_c_start                          0x08006610   Data           0  lc_numeric_c.o(locale$$data)
    __lcnum_c_point                          0x0800661c   Data           0  lc_numeric_c.o(locale$$data)
    __lcnum_c_thousands                      0x0800661e   Data           0  lc_numeric_c.o(locale$$data)
    __lcnum_c_grouping                       0x0800661f   Data           0  lc_numeric_c.o(locale$$data)
    __lcnum_c_end                            0x08006620   Data           0  lc_numeric_c.o(locale$$data)
    .data                                    0x20000000   Section       32  serial.o(.data)
    .data                                    0x20000020   Section        4  utils.o(.data)
    .data                                    0x20000024   Section        9  lcd_driver.o(.data)
    stage                                    0x20000024   Data           4  lcd_driver.o(.data)
    buffer_data                              0x20000028   Data           4  lcd_driver.o(.data)
    scrolling                                0x2000002c   Data           1  lcd_driver.o(.data)
    .data                                    0x2000002e   Section        5  adc.o(.data)
    ADC1_prevRange                           0x20000032   Data           1  adc.o(.data)
    .data                                    0x20000033   Section       16  stm32f4xx_rcc.o(.data)
    APBAHBPrescTable                         0x20000033   Data          16  stm32f4xx_rcc.o(.data)
    .data                                    0x20000044   Section      529  sig_gen.o(.data)
    .data                                    0x20000255   Section        1  switches.o(.data)
    .data                                    0x20000256   Section        5  dmm.o(.data)
    prev_menuPosition                        0x2000025a   Data           1  dmm.o(.data)
    .data                                    0x2000025c   Section        7  dac.o(.data)
    .data                                    0x20000264   Section        4  system_stm32f4xx.o(.data)
    .bss                                     0x20000268   Section       34  serial.o(.bss)
    .bss                                     0x2000028c   Section      512  lcd_buffer.o(.bss)
    .bss                                     0x2000048c   Section       16  lcd_driver.o(.bss)
    .bss                                     0x2000049c   Section       48  sig_gen.o(.bss)
    .bss                                     0x200004cc   Section       12  dac.o(.bss)
    .bss                                     0x200004d8   Section       96  libspace.o(.bss)
    HEAP                                     0x20000538   Section      512  startup_stm32f407xx.o(HEAP)
    Heap_Mem                                 0x20000538   Data         512  startup_stm32f407xx.o(HEAP)
    STACK                                    0x20000738   Section     1024  startup_stm32f407xx.o(STACK)
    Stack_Mem                                0x20000738   Data        1024  startup_stm32f407xx.o(STACK)
    __initial_sp                             0x20000b38   Data           0  startup_stm32f407xx.o(STACK)

    Global Symbols

    Symbol Name                              Value     Ov Type        Size  Object(Section)

    BuildAttributes$$THM_ISAv4$E$P$D$K$B$S$7EM$VFPi3$EXTD16$VFPS$VFMA$PE$A:L22UL41UL21$X:L11$S22US41US21$IEEE1$IW$USESV6$~STKCKD$USESV7$~SHL$OTIME$ROPI$IEEEJ$EBA8$UX$STANDARDLIB$REQ8$PRES8$EABIv2 0x00000000   Number         0  anon$$obj.o ABSOLUTE
    __ARM_use_no_argv                        0x00000000   Number         0  dmm.o ABSOLUTE
    _printf_flags                            0x00000000   Number         0  printf_stubs.o ABSOLUTE
    _printf_return_value                     0x00000000   Number         0  printf_stubs.o ABSOLUTE
    _printf_sizespec                         0x00000000   Number         0  printf_stubs.o ABSOLUTE
    _printf_widthprec                        0x00000000   Number         0  printf_stubs.o ABSOLUTE
    __ARM_exceptions_init                     - Undefined Weak Reference
    __alloca_initialize                       - Undefined Weak Reference
    __arm_preinit_                            - Undefined Weak Reference
    __cpp_initialize__aeabi_                  - Undefined Weak Reference
    __cxa_finalize                            - Undefined Weak Reference
    __sigvec_lookup                           - Undefined Weak Reference
    __user_heap_extent                        - Undefined Weak Reference
    _atexit_init                              - Undefined Weak Reference
    _call_atexit_fns                          - Undefined Weak Reference
    _clock_init                               - Undefined Weak Reference
    _fp_trap_init                             - Undefined Weak Reference
    _fp_trap_shutdown                         - Undefined Weak Reference
    _get_lc_collate                           - Undefined Weak Reference
    _get_lc_ctype                             - Undefined Weak Reference
    _get_lc_monetary                          - Undefined Weak Reference
    _get_lc_time                              - Undefined Weak Reference
    _getenv_init                              - Undefined Weak Reference
    _handle_redirection                       - Undefined Weak Reference
    _initio                                   - Undefined Weak Reference
    _mutex_acquire                            - Undefined Weak Reference
    _mutex_free                               - Undefined Weak Reference
    _mutex_release                            - Undefined Weak Reference
    _printf_mbtowc                            - Undefined Weak Reference
    _printf_post_padding                      - Undefined Weak Reference
    _printf_pre_padding                       - Undefined Weak Reference
    _printf_truncate_signed                   - Undefined Weak Reference
    _printf_truncate_unsigned                 - Undefined Weak Reference
    _rand_init                                - Undefined Weak Reference
    _signal_finish                            - Undefined Weak Reference
    _signal_init                              - Undefined Weak Reference
    _terminateio                              - Undefined Weak Reference
    __Vectors_Size                           0x00000188   Number         0  startup_stm32f407xx.o ABSOLUTE
    __Vectors                                0x08000000   Data           4  startup_stm32f407xx.o(RESET)
    __Vectors_End                            0x08000188   Data           0  startup_stm32f407xx.o(RESET)
    __main                                   0x08000189   Thumb Code     8  __main.o(!!!main)
    __scatterload                            0x08000191   Thumb Code     0  __scatter.o(!!!scatter)
    __scatterload_rt2                        0x08000191   Thumb Code    44  __scatter.o(!!!scatter)
    __scatterload_rt2_thumb_only             0x08000191   Thumb Code     0  __scatter.o(!!!scatter)
    __scatterload_null                       0x0800019f   Thumb Code     0  __scatter.o(!!!scatter)
    __decompress                             0x080001c5   Thumb Code    90  __dczerorl2.o(!!dczerorl2)
    __decompress1                            0x080001c5   Thumb Code     0  __dczerorl2.o(!!dczerorl2)
    __scatterload_zeroinit                   0x08000221   Thumb Code    28  __scatter_zi.o(!!handler_zi)
    _printf_f                                0x0800023d   Thumb Code     0  _printf_f.o(.ARM.Collect$$_printf_percent$$00000003)
    _printf_percent                          0x0800023d   Thumb Code     0  _printf_percent.o(.ARM.Collect$$_printf_percent$$00000000)
    _printf_d                                0x08000243   Thumb Code     0  _printf_d.o(.ARM.Collect$$_printf_percent$$00000009)
    _printf_s                                0x08000249   Thumb Code     0  _printf_s.o(.ARM.Collect$$_printf_percent$$00000014)
    _printf_percent_end                      0x0800024f   Thumb Code     0  _printf_percent_end.o(.ARM.Collect$$_printf_percent$$00000017)
    __rt_lib_init                            0x08000253   Thumb Code     0  libinit.o(.ARM.Collect$$libinit$$00000000)
    __rt_lib_init_fp_1                       0x08000255   Thumb Code     0  libinit2.o(.ARM.Collect$$libinit$$00000001)
    __rt_lib_init_heap_2                     0x08000259   Thumb Code     0  libinit2.o(.ARM.Collect$$libinit$$00000005)
    __rt_lib_init_preinit_1                  0x08000259   Thumb Code     0  libinit2.o(.ARM.Collect$$libinit$$00000004)
    __rt_lib_init_heap_1                     0x08000261   Thumb Code     0  libinit2.o(.ARM.Collect$$libinit$$0000000A)
    __rt_lib_init_lc_common                  0x08000261   Thumb Code     0  libinit2.o(.ARM.Collect$$libinit$$0000000F)
    __rt_lib_init_rand_1                     0x08000261   Thumb Code     0  libinit2.o(.ARM.Collect$$libinit$$0000000E)
    __rt_lib_init_user_alloc_1               0x08000261   Thumb Code     0  libinit2.o(.ARM.Collect$$libinit$$0000000C)
    __rt_lib_init_lc_collate_1               0x08000267   Thumb Code     0  libinit2.o(.ARM.Collect$$libinit$$00000011)
    __rt_lib_init_lc_ctype_1                 0x08000267   Thumb Code     0  libinit2.o(.ARM.Collect$$libinit$$00000013)
    __rt_lib_init_lc_monetary_1              0x08000267   Thumb Code     0  libinit2.o(.ARM.Collect$$libinit$$00000015)
    __rt_lib_init_lc_numeric_2               0x08000267   Thumb Code     0  libinit2.o(.ARM.Collect$$libinit$$00000016)
    __rt_lib_init_alloca_1                   0x08000271   Thumb Code     0  libinit2.o(.ARM.Collect$$libinit$$0000002E)
    __rt_lib_init_argv_1                     0x08000271   Thumb Code     0  libinit2.o(.ARM.Collect$$libinit$$0000002C)
    __rt_lib_init_atexit_1                   0x08000271   Thumb Code     0  libinit2.o(.ARM.Collect$$libinit$$0000001B)
    __rt_lib_init_clock_1                    0x08000271   Thumb Code     0  libinit2.o(.ARM.Collect$$libinit$$00000021)
    __rt_lib_init_cpp_1                      0x08000271   Thumb Code     0  libinit2.o(.ARM.Collect$$libinit$$00000032)
    __rt_lib_init_exceptions_1               0x08000271   Thumb Code     0  libinit2.o(.ARM.Collect$$libinit$$00000030)
    __rt_lib_init_fp_trap_1                  0x08000271   Thumb Code     0  libinit2.o(.ARM.Collect$$libinit$$0000001F)
    __rt_lib_init_getenv_1                   0x08000271   Thumb Code     0  libinit2.o(.ARM.Collect$$libinit$$00000023)
    __rt_lib_init_lc_numeric_1               0x08000271   Thumb Code     0  libinit2.o(.ARM.Collect$$libinit$$00000017)
    __rt_lib_init_lc_time_1                  0x08000271   Thumb Code     0  libinit2.o(.ARM.Collect$$libinit$$00000019)
    __rt_lib_init_return                     0x08000271   Thumb Code     0  libinit2.o(.ARM.Collect$$libinit$$00000033)
    __rt_lib_init_signal_1                   0x08000271   Thumb Code     0  libinit2.o(.ARM.Collect$$libinit$$0000001D)
    __rt_lib_init_stdio_1                    0x08000271   Thumb Code     0  libinit2.o(.ARM.Collect$$libinit$$00000025)
    __rt_lib_shutdown                        0x08000273   Thumb Code     0  libshutdown.o(.ARM.Collect$$libshutdown$$00000000)
    __rt_lib_shutdown_cpp_1                  0x08000275   Thumb Code     0  libshutdown2.o(.ARM.Collect$$libshutdown$$00000002)
    __rt_lib_shutdown_fp_trap_1              0x08000275   Thumb Code     0  libshutdown2.o(.ARM.Collect$$libshutdown$$00000007)
    __rt_lib_shutdown_heap_1                 0x08000275   Thumb Code     0  libshutdown2.o(.ARM.Collect$$libshutdown$$0000000F)
    __rt_lib_shutdown_return                 0x08000275   Thumb Code     0  libshutdown2.o(.ARM.Collect$$libshutdown$$00000010)
    __rt_lib_shutdown_signal_1               0x08000275   Thumb Code     0  libshutdown2.o(.ARM.Collect$$libshutdown$$0000000A)
    __rt_lib_shutdown_stdio_1                0x08000275   Thumb Code     0  libshutdown2.o(.ARM.Collect$$libshutdown$$00000004)
    __rt_lib_shutdown_user_alloc_1           0x08000275   Thumb Code     0  libshutdown2.o(.ARM.Collect$$libshutdown$$0000000C)
    __rt_entry                               0x08000277   Thumb Code     0  __rtentry.o(.ARM.Collect$$rtentry$$00000000)
    __rt_entry_presh_1                       0x08000277   Thumb Code     0  __rtentry2.o(.ARM.Collect$$rtentry$$00000002)
    __rt_entry_sh                            0x08000277   Thumb Code     0  __rtentry4.o(.ARM.Collect$$rtentry$$00000004)
    __rt_entry_li                            0x0800027d   Thumb Code     0  __rtentry2.o(.ARM.Collect$$rtentry$$0000000A)
    __rt_entry_postsh_1                      0x0800027d   Thumb Code     0  __rtentry2.o(.ARM.Collect$$rtentry$$00000009)
    __rt_entry_main                          0x08000281   Thumb Code     0  __rtentry2.o(.ARM.Collect$$rtentry$$0000000D)
    __rt_entry_postli_1                      0x08000281   Thumb Code     0  __rtentry2.o(.ARM.Collect$$rtentry$$0000000C)
    __rt_exit                                0x08000289   Thumb Code     0  rtexit.o(.ARM.Collect$$rtexit$$00000000)
    __rt_exit_ls                             0x0800028b   Thumb Code     0  rtexit2.o(.ARM.Collect$$rtexit$$00000003)
    __rt_exit_prels_1                        0x0800028b   Thumb Code     0  rtexit2.o(.ARM.Collect$$rtexit$$00000002)
    __rt_exit_exit                           0x0800028f   Thumb Code     0  rtexit2.o(.ARM.Collect$$rtexit$$00000004)
    _maybe_terminate_alloc                   0x08000295   Thumb Code     0  maybetermalloc1.o(.emb_text)
    serial_init                              0x08000295   Thumb Code   192  serial.o(.text)
    bluetooth_init                           0x08000355   Thumb Code   194  serial.o(.text)
    bt_send_str                              0x08000417   Thumb Code    56  serial.o(.text)
    uart_rec                                 0x0800044f   Thumb Code    26  serial.o(.text)
    bt_rec                                   0x08000469   Thumb Code    26  serial.o(.text)
    USART2_IRQHandler                        0x08000483   Thumb Code   104  serial.o(.text)
    USART3_IRQHandler                        0x080004eb   Thumb Code   156  serial.o(.text)
    printBus                                 0x08000587   Thumb Code    30  serial.o(.text)
    sendchar                                 0x080005a5   Thumb Code    26  serial.o(.text)
    fputc                                    0x080005bf   Thumb Code    28  serial.o(.text)
    ferror                                   0x080005db   Thumb Code     8  serial.o(.text)
    _ttywrch                                 0x080005e3   Thumb Code    12  serial.o(.text)
    _sys_exit                                0x080005ef   Thumb Code     4  serial.o(.text)
    map                                      0x08000669   Thumb Code   186  utils.o(.text)
    int2bin                                  0x08000723   Thumb Code    34  utils.o(.text)
    SysTick_Handler                          0x08000745   Thumb Code    12  utils.o(.text)
    Delay                                    0x08000751   Thumb Code    18  utils.o(.text)
    buffer_init                              0x08000771   Thumb Code    16  lcd_buffer.o(.text)
    buffer_destroy                           0x08000781   Thumb Code    12  lcd_buffer.o(.text)
    buffer_full                              0x0800078d   Thumb Code    30  lcd_buffer.o(.text)
    buffer_empty                             0x080007ab   Thumb Code    18  lcd_buffer.o(.text)
    buffer_put                               0x080007bd   Thumb Code    44  lcd_buffer.o(.text)
    buffer_get                               0x080007e9   Thumb Code    44  lcd_buffer.o(.text)
    lcd_write                                0x08000819   Thumb Code    62  lcd_driver.o(.text)
    lcd_move_cursor                          0x08000857   Thumb Code    36  lcd_driver.o(.text)
    lcd_clear_display                        0x0800087b   Thumb Code    32  lcd_driver.o(.text)
    lcd_change_settings                      0x0800089b   Thumb Code    34  lcd_driver.o(.text)
    lcd_setup_timer                          0x080008bd   Thumb Code    54  lcd_driver.o(.text)
    lcd_setup_GPIO                           0x080008f3   Thumb Code   150  lcd_driver.o(.text)
    lcd_init                                 0x08000989   Thumb Code   130  lcd_driver.o(.text)
    lcd_write_string                         0x08000a0b   Thumb Code    58  lcd_driver.o(.text)
    lcd_scrolling                            0x08000a45   Thumb Code    48  lcd_driver.o(.text)
    TIM6_DAC_IRQHandler                      0x08000a75   Thumb Code   492  lcd_driver.o(.text)
    autorange_init                           0x08000c6d   Thumb Code    48  adc.o(.text)
    read_ADC1_raw                            0x08000c9d   Thumb Code    44  adc.o(.text)
    calibrate_ADC1                           0x08000cc9   Thumb Code    58  adc.o(.text)
    ADC1_init                                0x08000d03   Thumb Code   144  adc.o(.text)
    runningAverage                           0x08000d93   Thumb Code    82  adc.o(.text)
    autoRange                                0x08000de5   Thumb Code   222  adc.o(.text)
    read_ADC1                                0x08000ec3   Thumb Code   256  adc.o(.text)
    set_cont_ADC1                            0x08000fc3   Thumb Code    24  adc.o(.text)
    read_cont_ADC1                           0x08000fdb   Thumb Code    20  adc.o(.text)
    GPIO_DeInit                              0x0800107d   Thumb Code   268  stm32f4xx_gpio.o(.text)
    GPIO_Init                                0x08001189   Thumb Code   144  stm32f4xx_gpio.o(.text)
    GPIO_StructInit                          0x08001219   Thumb Code    18  stm32f4xx_gpio.o(.text)
    GPIO_PinLockConfig                       0x0800122b   Thumb Code    34  stm32f4xx_gpio.o(.text)
    GPIO_ReadInputDataBit                    0x0800124d   Thumb Code    18  stm32f4xx_gpio.o(.text)
    GPIO_ReadInputData                       0x0800125f   Thumb Code     8  stm32f4xx_gpio.o(.text)
    GPIO_ReadOutputDataBit                   0x08001267   Thumb Code    18  stm32f4xx_gpio.o(.text)
    GPIO_ReadOutputData                      0x08001279   Thumb Code     8  stm32f4xx_gpio.o(.text)
    GPIO_SetBits                             0x08001281   Thumb Code     4  stm32f4xx_gpio.o(.text)
    GPIO_ResetBits                           0x08001285   Thumb Code     4  stm32f4xx_gpio.o(.text)
    GPIO_WriteBit                            0x08001289   Thumb Code    10  stm32f4xx_gpio.o(.text)
    GPIO_Write                               0x08001293   Thumb Code     4  stm32f4xx_gpio.o(.text)
    GPIO_ToggleBits                          0x08001297   Thumb Code     8  stm32f4xx_gpio.o(.text)
    GPIO_PinAFConfig                         0x0800129f   Thumb Code    70  stm32f4xx_gpio.o(.text)
    NVIC_PriorityGroupConfig                 0x08001311   Thumb Code    10  misc.o(.text)
    NVIC_Init                                0x0800131b   Thumb Code   106  misc.o(.text)
    NVIC_SetVectorTable                      0x08001385   Thumb Code    14  misc.o(.text)
    NVIC_SystemLPConfig                      0x08001393   Thumb Code    34  misc.o(.text)
    SysTick_CLKSourceConfig                  0x080013b5   Thumb Code    40  misc.o(.text)
    RCC_DeInit                               0x080013f1   Thumb Code    82  stm32f4xx_rcc.o(.text)
    RCC_HSEConfig                            0x08001443   Thumb Code    14  stm32f4xx_rcc.o(.text)
    RCC_GetFlagStatus                        0x08001451   Thumb Code    60  stm32f4xx_rcc.o(.text)
    RCC_WaitForHSEStartUp                    0x0800148d   Thumb Code    56  stm32f4xx_rcc.o(.text)
    RCC_AdjustHSICalibrationValue            0x080014c5   Thumb Code    20  stm32f4xx_rcc.o(.text)
    RCC_HSICmd                               0x080014d9   Thumb Code     6  stm32f4xx_rcc.o(.text)
    RCC_LSEConfig                            0x080014df   Thumb Code    46  stm32f4xx_rcc.o(.text)
    RCC_LSICmd                               0x0800150d   Thumb Code     6  stm32f4xx_rcc.o(.text)
    RCC_PLLConfig                            0x08001513   Thumb Code    32  stm32f4xx_rcc.o(.text)
    RCC_PLLCmd                               0x08001533   Thumb Code     6  stm32f4xx_rcc.o(.text)
    RCC_PLLI2SConfig                         0x08001539   Thumb Code    14  stm32f4xx_rcc.o(.text)
    RCC_PLLI2SCmd                            0x08001547   Thumb Code     6  stm32f4xx_rcc.o(.text)
    RCC_PLLSAIConfig                         0x0800154d   Thumb Code    20  stm32f4xx_rcc.o(.text)
    RCC_PLLSAICmd                            0x08001561   Thumb Code     6  stm32f4xx_rcc.o(.text)
    RCC_ClockSecuritySystemCmd               0x08001567   Thumb Code     6  stm32f4xx_rcc.o(.text)
    RCC_MCO1Config                           0x0800156d   Thumb Code    28  stm32f4xx_rcc.o(.text)
    RCC_MCO2Config                           0x08001589   Thumb Code    28  stm32f4xx_rcc.o(.text)
    RCC_SYSCLKConfig                         0x080015a5   Thumb Code    20  stm32f4xx_rcc.o(.text)
    RCC_GetSYSCLKSource                      0x080015b9   Thumb Code    12  stm32f4xx_rcc.o(.text)
    RCC_HCLKConfig                           0x080015c5   Thumb Code    20  stm32f4xx_rcc.o(.text)
    RCC_PCLK1Config                          0x080015d9   Thumb Code    20  stm32f4xx_rcc.o(.text)
    RCC_PCLK2Config                          0x080015ed   Thumb Code    22  stm32f4xx_rcc.o(.text)
    RCC_GetClocksFreq                        0x08001603   Thumb Code   222  stm32f4xx_rcc.o(.text)
    RCC_RTCCLKConfig                         0x080016e1   Thumb Code    54  stm32f4xx_rcc.o(.text)
    RCC_RTCCLKCmd                            0x08001717   Thumb Code     8  stm32f4xx_rcc.o(.text)
    RCC_BackupResetCmd                       0x0800171f   Thumb Code     8  stm32f4xx_rcc.o(.text)
    RCC_I2SCLKConfig                         0x08001727   Thumb Code     6  stm32f4xx_rcc.o(.text)
    RCC_SAIBlockACLKConfig                   0x0800172d   Thumb Code    20  stm32f4xx_rcc.o(.text)
    RCC_SAIBlockBCLKConfig                   0x08001741   Thumb Code    20  stm32f4xx_rcc.o(.text)
    RCC_SAIPLLI2SClkDivConfig                0x08001755   Thumb Code    26  stm32f4xx_rcc.o(.text)
    RCC_SAIPLLSAIClkDivConfig                0x0800176f   Thumb Code    28  stm32f4xx_rcc.o(.text)
    RCC_LTDCCLKDivConfig                     0x0800178b   Thumb Code    20  stm32f4xx_rcc.o(.text)
    RCC_TIMCLKPresConfig                     0x0800179f   Thumb Code     6  stm32f4xx_rcc.o(.text)
    RCC_AHB1PeriphClockCmd                   0x080017a5   Thumb Code    34  stm32f4xx_rcc.o(.text)
    RCC_AHB2PeriphClockCmd                   0x080017c7   Thumb Code    78  stm32f4xx_rcc.o(.text)
    RCC_AHB3PeriphClockCmd                   0x08001815   Thumb Code    34  stm32f4xx_rcc.o(.text)
    RCC_APB1PeriphClockCmd                   0x08001837   Thumb Code    34  stm32f4xx_rcc.o(.text)
    RCC_APB2PeriphClockCmd                   0x08001859   Thumb Code    34  stm32f4xx_rcc.o(.text)
    RCC_AHB1PeriphResetCmd                   0x0800187b   Thumb Code    34  stm32f4xx_rcc.o(.text)
    RCC_AHB2PeriphResetCmd                   0x0800189d   Thumb Code    34  stm32f4xx_rcc.o(.text)
    RCC_AHB3PeriphResetCmd                   0x080018bf   Thumb Code    34  stm32f4xx_rcc.o(.text)
    RCC_APB1PeriphResetCmd                   0x080018e1   Thumb Code    34  stm32f4xx_rcc.o(.text)
    RCC_APB2PeriphResetCmd                   0x08001903   Thumb Code    34  stm32f4xx_rcc.o(.text)
    RCC_AHB1PeriphClockLPModeCmd             0x08001925   Thumb Code    34  stm32f4xx_rcc.o(.text)
    RCC_AHB2PeriphClockLPModeCmd             0x08001947   Thumb Code    34  stm32f4xx_rcc.o(.text)
    RCC_AHB3PeriphClockLPModeCmd             0x08001969   Thumb Code    34  stm32f4xx_rcc.o(.text)
    RCC_APB1PeriphClockLPModeCmd             0x0800198b   Thumb Code    34  stm32f4xx_rcc.o(.text)
    RCC_APB2PeriphClockLPModeCmd             0x080019ad   Thumb Code    34  stm32f4xx_rcc.o(.text)
    RCC_LSEModeConfig                        0x080019cf   Thumb Code    40  stm32f4xx_rcc.o(.text)
    RCC_ITConfig                             0x080019f7   Thumb Code    34  stm32f4xx_rcc.o(.text)
    RCC_ClearFlag                            0x08001a19   Thumb Code    18  stm32f4xx_rcc.o(.text)
    RCC_GetITStatus                          0x08001a2b   Thumb Code    22  stm32f4xx_rcc.o(.text)
    RCC_ClearITPendingBit                    0x08001a41   Thumb Code     8  stm32f4xx_rcc.o(.text)
    USART_DeInit                             0x08001a4d   Thumb Code   206  stm32f4xx_usart.o(.text)
    USART_Init                               0x08001b1b   Thumb Code   204  stm32f4xx_usart.o(.text)
    USART_StructInit                         0x08001be7   Thumb Code    24  stm32f4xx_usart.o(.text)
    USART_ClockInit                          0x08001bff   Thumb Code    32  stm32f4xx_usart.o(.text)
    USART_ClockStructInit                    0x08001c1f   Thumb Code    12  stm32f4xx_usart.o(.text)
    USART_Cmd                                0x08001c2b   Thumb Code    24  stm32f4xx_usart.o(.text)
    USART_SetPrescaler                       0x08001c43   Thumb Code    16  stm32f4xx_usart.o(.text)
    USART_OverSampling8Cmd                   0x08001c53   Thumb Code    22  stm32f4xx_usart.o(.text)
    USART_OneBitMethodCmd                    0x08001c69   Thumb Code    24  stm32f4xx_usart.o(.text)
    USART_SendData                           0x08001c81   Thumb Code     8  stm32f4xx_usart.o(.text)
    USART_ReceiveData                        0x08001c89   Thumb Code    10  stm32f4xx_usart.o(.text)
    USART_SetAddress                         0x08001c93   Thumb Code    18  stm32f4xx_usart.o(.text)
    USART_ReceiverWakeUpCmd                  0x08001ca5   Thumb Code    24  stm32f4xx_usart.o(.text)
    USART_WakeUpConfig                       0x08001cbd   Thumb Code    18  stm32f4xx_usart.o(.text)
    USART_LINBreakDetectLengthConfig         0x08001ccf   Thumb Code    18  stm32f4xx_usart.o(.text)
    USART_LINCmd                             0x08001ce1   Thumb Code    24  stm32f4xx_usart.o(.text)
    USART_SendBreak                          0x08001cf9   Thumb Code    10  stm32f4xx_usart.o(.text)
    USART_HalfDuplexCmd                      0x08001d03   Thumb Code    24  stm32f4xx_usart.o(.text)
    USART_SetGuardTime                       0x08001d1b   Thumb Code    16  stm32f4xx_usart.o(.text)
    USART_SmartCardCmd                       0x08001d2b   Thumb Code    24  stm32f4xx_usart.o(.text)
    USART_SmartCardNACKCmd                   0x08001d43   Thumb Code    24  stm32f4xx_usart.o(.text)
    USART_IrDAConfig                         0x08001d5b   Thumb Code    18  stm32f4xx_usart.o(.text)
    USART_IrDACmd                            0x08001d6d   Thumb Code    24  stm32f4xx_usart.o(.text)
    USART_DMACmd                             0x08001d85   Thumb Code    18  stm32f4xx_usart.o(.text)
    USART_ITConfig                           0x08001d97   Thumb Code    74  stm32f4xx_usart.o(.text)
    USART_GetFlagStatus                      0x08001de1   Thumb Code    26  stm32f4xx_usart.o(.text)
    USART_ClearFlag                          0x08001dfb   Thumb Code    18  stm32f4xx_usart.o(.text)
    USART_GetITStatus                        0x08001e0d   Thumb Code   118  stm32f4xx_usart.o(.text)
    USART_ClearITPendingBit                  0x08001e83   Thumb Code    30  stm32f4xx_usart.o(.text)
    PWM_SetDC                                0x08001ea1   Thumb Code    42  sig_gen.o(.text)
    TIM2_IRQHandler                          0x08001ecb   Thumb Code    86  sig_gen.o(.text)
    INTTIM_Config                            0x08001f21   Thumb Code    82  sig_gen.o(.text)
    PWM_Config                               0x08001f73   Thumb Code   170  sig_gen.o(.text)
    LED_Config                               0x0800201d   Thumb Code    42  sig_gen.o(.text)
    TIM_Config                               0x08002047   Thumb Code   132  sig_gen.o(.text)
    generate_sine                            0x080020cb   Thumb Code    64  sig_gen.o(.text)
    TIM_DeInit                               0x0800213d   Thumb Code   346  stm32f4xx_tim.o(.text)
    TIM_TimeBaseInit                         0x08002297   Thumb Code   104  stm32f4xx_tim.o(.text)
    TIM_TimeBaseStructInit                   0x080022ff   Thumb Code    18  stm32f4xx_tim.o(.text)
    TIM_PrescalerConfig                      0x08002311   Thumb Code     6  stm32f4xx_tim.o(.text)
    TIM_CounterModeConfig                    0x08002317   Thumb Code    18  stm32f4xx_tim.o(.text)
    TIM_SetCounter                           0x08002329   Thumb Code     4  stm32f4xx_tim.o(.text)
    TIM_SetAutoreload                        0x0800232d   Thumb Code     4  stm32f4xx_tim.o(.text)
    TIM_GetCounter                           0x08002331   Thumb Code     6  stm32f4xx_tim.o(.text)
    TIM_GetPrescaler                         0x08002337   Thumb Code     6  stm32f4xx_tim.o(.text)
    TIM_UpdateDisableConfig                  0x0800233d   Thumb Code    24  stm32f4xx_tim.o(.text)
    TIM_UpdateRequestConfig                  0x08002355   Thumb Code    24  stm32f4xx_tim.o(.text)
    TIM_ARRPreloadConfig                     0x0800236d   Thumb Code    24  stm32f4xx_tim.o(.text)
    TIM_SelectOnePulseMode                   0x08002385   Thumb Code    18  stm32f4xx_tim.o(.text)
    TIM_SetClockDivision                     0x08002397   Thumb Code    18  stm32f4xx_tim.o(.text)
    TIM_Cmd                                  0x080023a9   Thumb Code    24  stm32f4xx_tim.o(.text)
    TIM_OC1Init                              0x080023c1   Thumb Code   114  stm32f4xx_tim.o(.text)
    TIM_OC2Init                              0x08002433   Thumb Code   154  stm32f4xx_tim.o(.text)
    TIM_OC3Init                              0x080024cd   Thumb Code   204  stm32f4xx_tim.o(.text)
    TIM_OC4Init                              0x08002599   Thumb Code   112  stm32f4xx_tim.o(.text)
    TIM_OCStructInit                         0x08002609   Thumb Code    20  stm32f4xx_tim.o(.text)
    TIM_SelectOCxM                           0x0800261d   Thumb Code    86  stm32f4xx_tim.o(.text)
    TIM_SetCompare1                          0x08002673   Thumb Code     4  stm32f4xx_tim.o(.text)
    TIM_SetCompare2                          0x08002677   Thumb Code     4  stm32f4xx_tim.o(.text)
    TIM_SetCompare3                          0x0800267b   Thumb Code     4  stm32f4xx_tim.o(.text)
    TIM_SetCompare4                          0x0800267f   Thumb Code     4  stm32f4xx_tim.o(.text)
    TIM_ForcedOC1Config                      0x08002683   Thumb Code    18  stm32f4xx_tim.o(.text)
    TIM_ForcedOC2Config                      0x08002695   Thumb Code    26  stm32f4xx_tim.o(.text)
    TIM_ForcedOC3Config                      0x080026af   Thumb Code    18  stm32f4xx_tim.o(.text)
    TIM_ForcedOC4Config                      0x080026c1   Thumb Code    26  stm32f4xx_tim.o(.text)
    TIM_OC1PreloadConfig                     0x080026db   Thumb Code    18  stm32f4xx_tim.o(.text)
    TIM_OC2PreloadConfig                     0x080026ed   Thumb Code    26  stm32f4xx_tim.o(.text)
    TIM_OC3PreloadConfig                     0x08002707   Thumb Code    18  stm32f4xx_tim.o(.text)
    TIM_OC4PreloadConfig                     0x08002719   Thumb Code    26  stm32f4xx_tim.o(.text)
    TIM_OC1FastConfig                        0x08002733   Thumb Code    18  stm32f4xx_tim.o(.text)
    TIM_OC2FastConfig                        0x08002745   Thumb Code    26  stm32f4xx_tim.o(.text)
    TIM_OC3FastConfig                        0x0800275f   Thumb Code    18  stm32f4xx_tim.o(.text)
    TIM_OC4FastConfig                        0x08002771   Thumb Code    26  stm32f4xx_tim.o(.text)
    TIM_ClearOC1Ref                          0x0800278b   Thumb Code    18  stm32f4xx_tim.o(.text)
    TIM_ClearOC2Ref                          0x0800279d   Thumb Code    24  stm32f4xx_tim.o(.text)
    TIM_ClearOC3Ref                          0x080027b5   Thumb Code    18  stm32f4xx_tim.o(.text)
    TIM_ClearOC4Ref                          0x080027c7   Thumb Code    24  stm32f4xx_tim.o(.text)
    TIM_OC1PolarityConfig                    0x080027df   Thumb Code    18  stm32f4xx_tim.o(.text)
    TIM_OC1NPolarityConfig                   0x080027f1   Thumb Code    18  stm32f4xx_tim.o(.text)
    TIM_OC2PolarityConfig                    0x08002803   Thumb Code    26  stm32f4xx_tim.o(.text)
    TIM_OC2NPolarityConfig                   0x0800281d   Thumb Code    26  stm32f4xx_tim.o(.text)
    TIM_OC3PolarityConfig                    0x08002837   Thumb Code    26  stm32f4xx_tim.o(.text)
    TIM_OC3NPolarityConfig                   0x08002851   Thumb Code    26  stm32f4xx_tim.o(.text)
    TIM_OC4PolarityConfig                    0x0800286b   Thumb Code    26  stm32f4xx_tim.o(.text)
    TIM_CCxCmd                               0x08002885   Thumb Code    30  stm32f4xx_tim.o(.text)
    TIM_CCxNCmd                              0x080028a3   Thumb Code    30  stm32f4xx_tim.o(.text)
    TIM_SetIC4Prescaler                      0x080028c1   Thumb Code    26  stm32f4xx_tim.o(.text)
    TIM_SetIC3Prescaler                      0x0800292b   Thumb Code    18  stm32f4xx_tim.o(.text)
    TIM_SetIC2Prescaler                      0x08002985   Thumb Code    26  stm32f4xx_tim.o(.text)
    TIM_SetIC1Prescaler                      0x080029f9   Thumb Code    18  stm32f4xx_tim.o(.text)
    TIM_ICInit                               0x08002a45   Thumb Code   110  stm32f4xx_tim.o(.text)
    TIM_ICStructInit                         0x08002ab3   Thumb Code    18  stm32f4xx_tim.o(.text)
    TIM_PWMIConfig                           0x08002ac5   Thumb Code   124  stm32f4xx_tim.o(.text)
    TIM_GetCapture1                          0x08002b41   Thumb Code     6  stm32f4xx_tim.o(.text)
    TIM_GetCapture2                          0x08002b47   Thumb Code     6  stm32f4xx_tim.o(.text)
    TIM_GetCapture3                          0x08002b4d   Thumb Code     6  stm32f4xx_tim.o(.text)
    TIM_GetCapture4                          0x08002b53   Thumb Code     6  stm32f4xx_tim.o(.text)
    TIM_BDTRConfig                           0x08002b59   Thumb Code    32  stm32f4xx_tim.o(.text)
    TIM_BDTRStructInit                       0x08002b79   Thumb Code    18  stm32f4xx_tim.o(.text)
    TIM_CtrlPWMOutputs                       0x08002b8b   Thumb Code    30  stm32f4xx_tim.o(.text)
    TIM_SelectCOM                            0x08002ba9   Thumb Code    24  stm32f4xx_tim.o(.text)
    TIM_CCPreloadControl                     0x08002bc1   Thumb Code    24  stm32f4xx_tim.o(.text)
    TIM_ITConfig                             0x08002bd9   Thumb Code    18  stm32f4xx_tim.o(.text)
    TIM_GenerateEvent                        0x08002beb   Thumb Code     4  stm32f4xx_tim.o(.text)
    TIM_GetFlagStatus                        0x08002bef   Thumb Code    18  stm32f4xx_tim.o(.text)
    TIM_ClearFlag                            0x08002c01   Thumb Code     6  stm32f4xx_tim.o(.text)
    TIM_GetITStatus                          0x08002c07   Thumb Code    34  stm32f4xx_tim.o(.text)
    TIM_ClearITPendingBit                    0x08002c29   Thumb Code     6  stm32f4xx_tim.o(.text)
    TIM_DMAConfig                            0x08002c2f   Thumb Code    10  stm32f4xx_tim.o(.text)
    TIM_DMACmd                               0x08002c39   Thumb Code    18  stm32f4xx_tim.o(.text)
    TIM_SelectCCDMA                          0x08002c4b   Thumb Code    24  stm32f4xx_tim.o(.text)
    TIM_InternalClockConfig                  0x08002c63   Thumb Code    12  stm32f4xx_tim.o(.text)
    TIM_SelectInputTrigger                   0x08002c6f   Thumb Code    18  stm32f4xx_tim.o(.text)
    TIM_ITRxExternalClockConfig              0x08002c81   Thumb Code    24  stm32f4xx_tim.o(.text)
    TIM_TIxExternalClockConfig               0x08002c99   Thumb Code    62  stm32f4xx_tim.o(.text)
    TIM_ETRConfig                            0x08002cd7   Thumb Code    28  stm32f4xx_tim.o(.text)
    TIM_ETRClockMode1Config                  0x08002cf3   Thumb Code    54  stm32f4xx_tim.o(.text)
    TIM_ETRClockMode2Config                  0x08002d29   Thumb Code    32  stm32f4xx_tim.o(.text)
    TIM_SelectOutputTrigger                  0x08002d49   Thumb Code    18  stm32f4xx_tim.o(.text)
    TIM_SelectSlaveMode                      0x08002d5b   Thumb Code    18  stm32f4xx_tim.o(.text)
    TIM_SelectMasterSlaveMode                0x08002d6d   Thumb Code    18  stm32f4xx_tim.o(.text)
    TIM_EncoderInterfaceConfig               0x08002d7f   Thumb Code    66  stm32f4xx_tim.o(.text)
    TIM_SelectHallSensor                     0x08002dc1   Thumb Code    24  stm32f4xx_tim.o(.text)
    TIM_RemapConfig                          0x08002dd9   Thumb Code     6  stm32f4xx_tim.o(.text)
    NodeConstructor                          0x08002de1   Thumb Code    26  queue.o(.text)
    QueueConstructor                         0x08002dfb   Thumb Code    32  queue.o(.text)
    Enqueue                                  0x08002e1b   Thumb Code    30  queue.o(.text)
    Dequeue                                  0x08002e39   Thumb Code    50  queue.o(.text)
    DequeueString                            0x08002e6b   Thumb Code    28  queue.o(.text)
    EnqueueString                            0x08002e87   Thumb Code    56  queue.o(.text)
    displayQueue                             0x08002ebf   Thumb Code    56  queue.o(.text)
    sendPacket                               0x08002f79   Thumb Code    56  packet.o(.text)
    EXTI_DeInit                              0x08002fbd   Thumb Code    28  stm32f4xx_exti.o(.text)
    EXTI_Init                                0x08002fd9   Thumb Code   142  stm32f4xx_exti.o(.text)
    EXTI_StructInit                          0x08003067   Thumb Code    16  stm32f4xx_exti.o(.text)
    EXTI_GenerateSWInterrupt                 0x08003077   Thumb Code    16  stm32f4xx_exti.o(.text)
    EXTI_GetFlagStatus                       0x08003087   Thumb Code    22  stm32f4xx_exti.o(.text)
    EXTI_ClearFlag                           0x0800309d   Thumb Code     8  stm32f4xx_exti.o(.text)
    EXTI_GetITStatus                         0x080030a5   Thumb Code    22  stm32f4xx_exti.o(.text)
    EXTI_ClearITPendingBit                   0x080030bb   Thumb Code     8  stm32f4xx_exti.o(.text)
    SYSCFG_DeInit                            0x080030cd   Thumb Code    22  stm32f4xx_syscfg.o(.text)
    SYSCFG_MemoryRemapConfig                 0x080030e3   Thumb Code     6  stm32f4xx_syscfg.o(.text)
    SYSCFG_MemorySwappingBank                0x080030e9   Thumb Code     6  stm32f4xx_syscfg.o(.text)
    SYSCFG_EXTILineConfig                    0x080030ef   Thumb Code    66  stm32f4xx_syscfg.o(.text)
    SYSCFG_ETH_MediaInterfaceConfig          0x08003131   Thumb Code     8  stm32f4xx_syscfg.o(.text)
    SYSCFG_CompensationCellCmd               0x08003139   Thumb Code     6  stm32f4xx_syscfg.o(.text)
    SYSCFG_GetCompensationCellStatus         0x0800313f   Thumb Code    22  stm32f4xx_syscfg.o(.text)
    switch_init                              0x08003161   Thumb Code   230  switches.o(.text)
    EXTI9_5_IRQHandler                       0x08003247   Thumb Code    60  switches.o(.text)
    EXTI15_10_IRQHandler                     0x08003283   Thumb Code   164  switches.o(.text)
    mode_switch_init                         0x08003369   Thumb Code    92  dmm.o(.text)
    stageAlpha                               0x080033c5   Thumb Code   108  dmm.o(.text)
    initialise_Peripherals                   0x08003431   Thumb Code    50  dmm.o(.text)
    stageBeta                                0x08003463   Thumb Code   110  dmm.o(.text)
    stageGamma                               0x080034d1   Thumb Code    84  dmm.o(.text)
    menu                                     0x08003525   Thumb Code   942  dmm.o(.text)
    main                                     0x080038d3   Thumb Code   150  dmm.o(.text)
    dac_initialise                           0x08003a99   Thumb Code    66  dac.o(.text)
    frequencyResponse                        0x08003adb   Thumb Code   134  dac.o(.text)
    DAC_DeInit                               0x08003b8d   Thumb Code    22  stm32f4xx_dac.o(.text)
    DAC_Init                                 0x08003ba3   Thumb Code    46  stm32f4xx_dac.o(.text)
    DAC_StructInit                           0x08003bd1   Thumb Code    12  stm32f4xx_dac.o(.text)
    DAC_Cmd                                  0x08003bdd   Thumb Code    34  stm32f4xx_dac.o(.text)
    DAC_SoftwareTriggerCmd                   0x08003bff   Thumb Code    48  stm32f4xx_dac.o(.text)
    DAC_DualSoftwareTriggerCmd               0x08003c2f   Thumb Code    38  stm32f4xx_dac.o(.text)
    DAC_WaveGenerationCmd                    0x08003c55   Thumb Code    36  stm32f4xx_dac.o(.text)
    DAC_SetChannel1Data                      0x08003c79   Thumb Code    26  stm32f4xx_dac.o(.text)
    DAC_SetChannel2Data                      0x08003c93   Thumb Code    26  stm32f4xx_dac.o(.text)
    DAC_SetDualChannelData                   0x08003cad   Thumb Code    32  stm32f4xx_dac.o(.text)
    DAC_GetDataOutputValue                   0x08003ccd   Thumb Code    32  stm32f4xx_dac.o(.text)
    DAC_DMACmd                               0x08003ced   Thumb Code    38  stm32f4xx_dac.o(.text)
    DAC_ITConfig                             0x08003d13   Thumb Code    36  stm32f4xx_dac.o(.text)
    DAC_GetFlagStatus                        0x08003d37   Thumb Code    28  stm32f4xx_dac.o(.text)
    DAC_ClearFlag                            0x08003d53   Thumb Code    12  stm32f4xx_dac.o(.text)
    DAC_GetITStatus                          0x08003d5f   Thumb Code    44  stm32f4xx_dac.o(.text)
    DAC_ClearITPendingBit                    0x08003d8b   Thumb Code    12  stm32f4xx_dac.o(.text)
    DMA_DeInit                               0x08003d9d   Thumb Code   324  stm32f4xx_dma.o(.text)
    DMA_Init                                 0x08003ee1   Thumb Code    82  stm32f4xx_dma.o(.text)
    DMA_StructInit                           0x08003f33   Thumb Code    34  stm32f4xx_dma.o(.text)
    DMA_Cmd                                  0x08003f55   Thumb Code    22  stm32f4xx_dma.o(.text)
    DMA_PeriphIncOffsetSizeConfig            0x08003f6b   Thumb Code    22  stm32f4xx_dma.o(.text)
    DMA_FlowControllerConfig                 0x08003f81   Thumb Code    22  stm32f4xx_dma.o(.text)
    DMA_SetCurrDataCounter                   0x08003f97   Thumb Code     4  stm32f4xx_dma.o(.text)
    DMA_GetCurrDataCounter                   0x08003f9b   Thumb Code     8  stm32f4xx_dma.o(.text)
    DMA_DoubleBufferModeConfig               0x08003fa3   Thumb Code    24  stm32f4xx_dma.o(.text)
    DMA_DoubleBufferModeCmd                  0x08003fbb   Thumb Code    22  stm32f4xx_dma.o(.text)
    DMA_MemoryTargetConfig                   0x08003fd1   Thumb Code    10  stm32f4xx_dma.o(.text)
    DMA_GetCurrentMemoryTarget               0x08003fdb   Thumb Code    20  stm32f4xx_dma.o(.text)
    DMA_GetCmdStatus                         0x08003fef   Thumb Code    20  stm32f4xx_dma.o(.text)
    DMA_GetFIFOStatus                        0x08004003   Thumb Code    12  stm32f4xx_dma.o(.text)
    DMA_GetFlagStatus                        0x0800400f   Thumb Code    56  stm32f4xx_dma.o(.text)
    DMA_ClearFlag                            0x08004047   Thumb Code    40  stm32f4xx_dma.o(.text)
    DMA_ITConfig                             0x0800406f   Thumb Code    58  stm32f4xx_dma.o(.text)
    DMA_GetITStatus                          0x080040a9   Thumb Code    84  stm32f4xx_dma.o(.text)
    DMA_ClearITPendingBit                    0x080040fd   Thumb Code    40  stm32f4xx_dma.o(.text)
    Reset_Handler                            0x08004145   Thumb Code     8  startup_stm32f407xx.o(.text)
    NMI_Handler                              0x0800414d   Thumb Code     2  startup_stm32f407xx.o(.text)
    HardFault_Handler                        0x0800414f   Thumb Code     2  startup_stm32f407xx.o(.text)
    MemManage_Handler                        0x08004151   Thumb Code     2  startup_stm32f407xx.o(.text)
    BusFault_Handler                         0x08004153   Thumb Code     2  startup_stm32f407xx.o(.text)
    UsageFault_Handler                       0x08004155   Thumb Code     2  startup_stm32f407xx.o(.text)
    SVC_Handler                              0x08004157   Thumb Code     2  startup_stm32f407xx.o(.text)
    DebugMon_Handler                         0x08004159   Thumb Code     2  startup_stm32f407xx.o(.text)
    PendSV_Handler                           0x0800415b   Thumb Code     2  startup_stm32f407xx.o(.text)
    ADC_IRQHandler                           0x0800415f   Thumb Code     0  startup_stm32f407xx.o(.text)
    CAN1_RX0_IRQHandler                      0x0800415f   Thumb Code     0  startup_stm32f407xx.o(.text)
    CAN1_RX1_IRQHandler                      0x0800415f   Thumb Code     0  startup_stm32f407xx.o(.text)
    CAN1_SCE_IRQHandler                      0x0800415f   Thumb Code     0  startup_stm32f407xx.o(.text)
    CAN1_TX_IRQHandler                       0x0800415f   Thumb Code     0  startup_stm32f407xx.o(.text)
    CAN2_RX0_IRQHandler                      0x0800415f   Thumb Code     0  startup_stm32f407xx.o(.text)
    CAN2_RX1_IRQHandler                      0x0800415f   Thumb Code     0  startup_stm32f407xx.o(.text)
    CAN2_SCE_IRQHandler                      0x0800415f   Thumb Code     0  startup_stm32f407xx.o(.text)
    CAN2_TX_IRQHandler                       0x0800415f   Thumb Code     0  startup_stm32f407xx.o(.text)
    DCMI_IRQHandler                          0x0800415f   Thumb Code     0  startup_stm32f407xx.o(.text)
    DMA1_Stream0_IRQHandler                  0x0800415f   Thumb Code     0  startup_stm32f407xx.o(.text)
    DMA1_Stream1_IRQHandler                  0x0800415f   Thumb Code     0  startup_stm32f407xx.o(.text)
    DMA1_Stream2_IRQHandler                  0x0800415f   Thumb Code     0  startup_stm32f407xx.o(.text)
    DMA1_Stream3_IRQHandler                  0x0800415f   Thumb Code     0  startup_stm32f407xx.o(.text)
    DMA1_Stream4_IRQHandler                  0x0800415f   Thumb Code     0  startup_stm32f407xx.o(.text)
    DMA1_Stream5_IRQHandler                  0x0800415f   Thumb Code     0  startup_stm32f407xx.o(.text)
    DMA1_Stream6_IRQHandler                  0x0800415f   Thumb Code     0  startup_stm32f407xx.o(.text)
    DMA1_Stream7_IRQHandler                  0x0800415f   Thumb Code     0  startup_stm32f407xx.o(.text)
    DMA2_Stream0_IRQHandler                  0x0800415f   Thumb Code     0  startup_stm32f407xx.o(.text)
    DMA2_Stream1_IRQHandler                  0x0800415f   Thumb Code     0  startup_stm32f407xx.o(.text)
    DMA2_Stream2_IRQHandler                  0x0800415f   Thumb Code     0  startup_stm32f407xx.o(.text)
    DMA2_Stream3_IRQHandler                  0x0800415f   Thumb Code     0  startup_stm32f407xx.o(.text)
    DMA2_Stream4_IRQHandler                  0x0800415f   Thumb Code     0  startup_stm32f407xx.o(.text)
    DMA2_Stream5_IRQHandler                  0x0800415f   Thumb Code     0  startup_stm32f407xx.o(.text)
    DMA2_Stream6_IRQHandler                  0x0800415f   Thumb Code     0  startup_stm32f407xx.o(.text)
    DMA2_Stream7_IRQHandler                  0x0800415f   Thumb Code     0  startup_stm32f407xx.o(.text)
    ETH_IRQHandler                           0x0800415f   Thumb Code     0  startup_stm32f407xx.o(.text)
    ETH_WKUP_IRQHandler                      0x0800415f   Thumb Code     0  startup_stm32f407xx.o(.text)
    EXTI0_IRQHandler                         0x0800415f   Thumb Code     0  startup_stm32f407xx.o(.text)
    EXTI1_IRQHandler                         0x0800415f   Thumb Code     0  startup_stm32f407xx.o(.text)
    EXTI2_IRQHandler                         0x0800415f   Thumb Code     0  startup_stm32f407xx.o(.text)
    EXTI3_IRQHandler                         0x0800415f   Thumb Code     0  startup_stm32f407xx.o(.text)
    EXTI4_IRQHandler                         0x0800415f   Thumb Code     0  startup_stm32f407xx.o(.text)
    FLASH_IRQHandler                         0x0800415f   Thumb Code     0  startup_stm32f407xx.o(.text)
    FMC_IRQHandler                           0x0800415f   Thumb Code     0  startup_stm32f407xx.o(.text)
    FPU_IRQHandler                           0x0800415f   Thumb Code     0  startup_stm32f407xx.o(.text)
    HASH_RNG_IRQHandler                      0x0800415f   Thumb Code     0  startup_stm32f407xx.o(.text)
    I2C1_ER_IRQHandler                       0x0800415f   Thumb Code     0  startup_stm32f407xx.o(.text)
    I2C1_EV_IRQHandler                       0x0800415f   Thumb Code     0  startup_stm32f407xx.o(.text)
    I2C2_ER_IRQHandler                       0x0800415f   Thumb Code     0  startup_stm32f407xx.o(.text)
    I2C2_EV_IRQHandler                       0x0800415f   Thumb Code     0  startup_stm32f407xx.o(.text)
    I2C3_ER_IRQHandler                       0x0800415f   Thumb Code     0  startup_stm32f407xx.o(.text)
    I2C3_EV_IRQHandler                       0x0800415f   Thumb Code     0  startup_stm32f407xx.o(.text)
    OTG_FS_IRQHandler                        0x0800415f   Thumb Code     0  startup_stm32f407xx.o(.text)
    OTG_FS_WKUP_IRQHandler                   0x0800415f   Thumb Code     0  startup_stm32f407xx.o(.text)
    OTG_HS_EP1_IN_IRQHandler                 0x0800415f   Thumb Code     0  startup_stm32f407xx.o(.text)
    OTG_HS_EP1_OUT_IRQHandler                0x0800415f   Thumb Code     0  startup_stm32f407xx.o(.text)
    OTG_HS_IRQHandler                        0x0800415f   Thumb Code     0  startup_stm32f407xx.o(.text)
    OTG_HS_WKUP_IRQHandler                   0x0800415f   Thumb Code     0  startup_stm32f407xx.o(.text)
    PVD_IRQHandler                           0x0800415f   Thumb Code     0  startup_stm32f407xx.o(.text)
    RCC_IRQHandler                           0x0800415f   Thumb Code     0  startup_stm32f407xx.o(.text)
    RTC_Alarm_IRQHandler                     0x0800415f   Thumb Code     0  startup_stm32f407xx.o(.text)
    RTC_WKUP_IRQHandler                      0x0800415f   Thumb Code     0  startup_stm32f407xx.o(.text)
    SDIO_IRQHandler                          0x0800415f   Thumb Code     0  startup_stm32f407xx.o(.text)
    SPI1_IRQHandler                          0x0800415f   Thumb Code     0  startup_stm32f407xx.o(.text)
    SPI2_IRQHandler                          0x0800415f   Thumb Code     0  startup_stm32f407xx.o(.text)
    SPI3_IRQHandler                          0x0800415f   Thumb Code     0  startup_stm32f407xx.o(.text)
    TAMP_STAMP_IRQHandler                    0x0800415f   Thumb Code     0  startup_stm32f407xx.o(.text)
    TIM1_BRK_TIM9_IRQHandler                 0x0800415f   Thumb Code     0  startup_stm32f407xx.o(.text)
    TIM1_CC_IRQHandler                       0x0800415f   Thumb Code     0  startup_stm32f407xx.o(.text)
    TIM1_TRG_COM_TIM11_IRQHandler            0x0800415f   Thumb Code     0  startup_stm32f407xx.o(.text)
    TIM1_UP_TIM10_IRQHandler                 0x0800415f   Thumb Code     0  startup_stm32f407xx.o(.text)
    TIM3_IRQHandler                          0x0800415f   Thumb Code     0  startup_stm32f407xx.o(.text)
    TIM4_IRQHandler                          0x0800415f   Thumb Code     0  startup_stm32f407xx.o(.text)
    TIM5_IRQHandler                          0x0800415f   Thumb Code     0  startup_stm32f407xx.o(.text)
    TIM7_IRQHandler                          0x0800415f   Thumb Code     0  startup_stm32f407xx.o(.text)
    TIM8_BRK_TIM12_IRQHandler                0x0800415f   Thumb Code     0  startup_stm32f407xx.o(.text)
    TIM8_CC_IRQHandler                       0x0800415f   Thumb Code     0  startup_stm32f407xx.o(.text)
    TIM8_TRG_COM_TIM14_IRQHandler            0x0800415f   Thumb Code     0  startup_stm32f407xx.o(.text)
    TIM8_UP_TIM13_IRQHandler                 0x0800415f   Thumb Code     0  startup_stm32f407xx.o(.text)
    UART4_IRQHandler                         0x0800415f   Thumb Code     0  startup_stm32f407xx.o(.text)
    UART5_IRQHandler                         0x0800415f   Thumb Code     0  startup_stm32f407xx.o(.text)
    USART1_IRQHandler                        0x0800415f   Thumb Code     0  startup_stm32f407xx.o(.text)
    USART6_IRQHandler                        0x0800415f   Thumb Code     0  startup_stm32f407xx.o(.text)
    WWDG_IRQHandler                          0x0800415f   Thumb Code     0  startup_stm32f407xx.o(.text)
    __user_initial_stackheap                 0x08004161   Thumb Code     0  startup_stm32f407xx.o(.text)
    SystemInit                               0x08004261   Thumb Code    88  system_stm32f4xx.o(.text)
    SystemCoreClockUpdate                    0x080042b9   Thumb Code   174  system_stm32f4xx.o(.text)
    __I$use$semihosting                      0x08004395   Thumb Code     0  use_no_semi.o(.text)
    __use_no_semihosting_swi                 0x08004395   Thumb Code     2  use_no_semi.o(.text)
    malloc                                   0x08004397   Thumb Code    94  h1_alloc.o(.text)
    free                                     0x080043f5   Thumb Code    78  h1_free.o(.text)
    __2printf                                0x08004445   Thumb Code    20  noretval__2printf.o(.text)
    __2sprintf                               0x0800445d   Thumb Code    34  noretval__2sprintf.o(.text)
    _printf_str                              0x08004485   Thumb Code    82  _printf_str.o(.text)
    _printf_int_dec                          0x080044d9   Thumb Code   104  _printf_dec.o(.text)
    __printf                                 0x08004551   Thumb Code   352  __printf_ss_wp.o(.text)
    strcmp                                   0x080046b1   Thumb Code   128  strcmpv7m.o(.text)
    __use_two_region_memory                  0x08004731   Thumb Code     2  heapauxi.o(.text)
    __rt_heap_escrow                         0x08004733   Thumb Code     2  heapauxi.o(.text)
    __rt_heap_expand                         0x08004735   Thumb Code     2  heapauxi.o(.text)
    __rt_heap_descriptor                     0x08004739   Thumb Code     8  rt_heap_descriptor_intlibspace.o(.text)
    __use_no_heap                            0x08004741   Thumb Code     2  hguard.o(.text)
    __heap$guard                             0x08004743   Thumb Code     2  hguard.o(.text)
    _terminate_user_alloc                    0x08004745   Thumb Code     2  init_alloc.o(.text)
    _init_user_alloc                         0x08004747   Thumb Code     2  init_alloc.o(.text)
    __Heap_Full                              0x08004749   Thumb Code    34  init_alloc.o(.text)
    __Heap_Broken                            0x0800476b   Thumb Code     6  init_alloc.o(.text)
    _init_alloc                              0x08004771   Thumb Code    94  init_alloc.o(.text)
    __Heap_Initialize                        0x080047cf   Thumb Code    10  h1_init.o(.text)
    __Heap_DescSize                          0x080047d9   Thumb Code     4  h1_init.o(.text)
    _printf_int_common                       0x080047dd   Thumb Code   178  _printf_intcommon.o(.text)
    __lib_sel_fp_printf                      0x0800488f   Thumb Code     2  _printf_fp_dec.o(.text)
    _printf_fp_dec_real                      0x08004a3d   Thumb Code   620  _printf_fp_dec.o(.text)
    _printf_char_common                      0x08004cb3   Thumb Code    32  _printf_char_common.o(.text)
    _sputc                                   0x08004cd9   Thumb Code    10  _sputc.o(.text)
    _printf_cs_common                        0x08004ce3   Thumb Code    20  _printf_char.o(.text)
    _printf_char                             0x08004cf7   Thumb Code    16  _printf_char.o(.text)
    _printf_string                           0x08004d07   Thumb Code     8  _printf_char.o(.text)
    _printf_char_file                        0x08004d11   Thumb Code    32  _printf_char_file.o(.text)
    __user_libspace                          0x08004d35   Thumb Code     8  libspace.o(.text)
    __user_perproc_libspace                  0x08004d35   Thumb Code     0  libspace.o(.text)
    __user_perthread_libspace                0x08004d35   Thumb Code     0  libspace.o(.text)
    __rt_locale                              0x08004d3d   Thumb Code     8  rt_locale_intlibspace.o(.text)
    __Heap_ProvideMemory                     0x08004d45   Thumb Code    52  h1_extend.o(.text)
    _ll_udiv10                               0x08004d79   Thumb Code   138  lludiv10.o(.text)
    _printf_fp_infnan                        0x08004e05   Thumb Code   112  _printf_fp_infnan.o(.text)
    _btod_etento                             0x08004e85   Thumb Code   216  bigflt0.o(.text)
    __rt_SIGRTMEM                            0x08004f61   Thumb Code    14  defsig_rtmem_outer.o(.text)
    __user_setup_stackheap                   0x08004f6f   Thumb Code    74  sys_stackheap_outer.o(.text)
    exit                                     0x08004fb9   Thumb Code    18  exit.o(.text)
    __sig_exit                               0x08004fcb   Thumb Code    10  defsig_exit.o(.text)
    __rt_SIGRTMEM_inner                      0x08004fd5   Thumb Code    22  defsig_rtmem_inner.o(.text)
    __default_signal_display                 0x08005025   Thumb Code    50  defsig_general.o(.text)
    _btod_d2e                                0x08005057   Thumb Code    62  btod.o(CL$$btod_d2e)
    _d2e_denorm_low                          0x08005095   Thumb Code    70  btod.o(CL$$btod_d2e_denorm_low)
    _d2e_norm_op1                            0x080050db   Thumb Code    96  btod.o(CL$$btod_d2e_norm_op1)
    __btod_div_common                        0x0800513b   Thumb Code   696  btod.o(CL$$btod_div_common)
    _e2e                                     0x08005473   Thumb Code   198  btod.o(CL$$btod_e2e)
    _btod_ediv                               0x08005539   Thumb Code    40  btod.o(CL$$btod_ediv)
    _btod_emul                               0x08005561   Thumb Code    40  btod.o(CL$$btod_emul)
    __btod_mult_common                       0x08005589   Thumb Code   580  btod.o(CL$$btod_mult_common)
    __ARM_fpclassify                         0x080057cd   Thumb Code    48  fpclassify.o(i.__ARM_fpclassify)
    __hardfp_fabs                            0x080057fd   Thumb Code    20  fabs.o(i.__hardfp_fabs)
    _is_digit                                0x08005811   Thumb Code    14  __printf_wp.o(i._is_digit)
    _get_lc_numeric                          0x08005821   Thumb Code    44  lc_numeric_c.o(locale$$code)
    __aeabi_d2f                              0x0800584d   Thumb Code     0  d2f.o(x$fpl$d2f)
    _d2f                                     0x0800584d   Thumb Code    98  d2f.o(x$fpl$d2f)
    __aeabi_dadd                             0x080058b1   Thumb Code     0  daddsub_clz.o(x$fpl$dadd)
    _dadd                                    0x080058b1   Thumb Code   332  daddsub_clz.o(x$fpl$dadd)
    __fpl_dcmp_Inf                           0x08005a01   Thumb Code    24  dcmpi.o(x$fpl$dcmpinf)
    __aeabi_ddiv                             0x08005a19   Thumb Code     0  ddiv.o(x$fpl$ddiv)
    _ddiv                                    0x08005a19   Thumb Code   552  ddiv.o(x$fpl$ddiv)
    __aeabi_d2uiz                            0x08005cc9   Thumb Code     0  dfixu.o(x$fpl$dfixu)
    _dfixu                                   0x08005cc9   Thumb Code    90  dfixu.o(x$fpl$dfixu)
    __aeabi_ui2d                             0x08005d23   Thumb Code     0  dflt_clz.o(x$fpl$dfltu)
    _dfltu                                   0x08005d23   Thumb Code    38  dflt_clz.o(x$fpl$dfltu)
    __aeabi_cdcmple                          0x08005d49   Thumb Code     0  dleqf.o(x$fpl$dleqf)
    _dcmple                                  0x08005d49   Thumb Code   120  dleqf.o(x$fpl$dleqf)
    __fpl_dcmple_InfNaN                      0x08005dab   Thumb Code     0  dleqf.o(x$fpl$dleqf)
    __aeabi_dmul                             0x08005dc1   Thumb Code     0  dmul.o(x$fpl$dmul)
    _dmul                                    0x08005dc1   Thumb Code   332  dmul.o(x$fpl$dmul)
    __fpl_dnaninf                            0x08005f15   Thumb Code   156  dnaninf.o(x$fpl$dnaninf)
    __fpl_dretinf                            0x08005fb1   Thumb Code    12  dretinf.o(x$fpl$dretinf)
    __aeabi_cdrcmple                         0x08005fbd   Thumb Code     0  drleqf.o(x$fpl$drleqf)
    _drcmple                                 0x08005fbd   Thumb Code   108  drleqf.o(x$fpl$drleqf)
    __aeabi_dsub                             0x08006029   Thumb Code     0  daddsub_clz.o(x$fpl$dsub)
    _dsub                                    0x08006029   Thumb Code   464  daddsub_clz.o(x$fpl$dsub)
    __aeabi_f2d                              0x080061fd   Thumb Code     0  f2d.o(x$fpl$f2d)
    _f2d                                     0x080061fd   Thumb Code    86  f2d.o(x$fpl$f2d)
    __fpl_fnaninf                            0x08006253   Thumb Code   140  fnaninf.o(x$fpl$fnaninf)
    _fp_init                                 0x080062df   Thumb Code    10  fpinit.o(x$fpl$fpinit)
    __fplib_config_fpu_vfp                   0x080062e7   Thumb Code     0  fpinit.o(x$fpl$fpinit)
    __fplib_config_pureend_doubles           0x080062e7   Thumb Code     0  fpinit.o(x$fpl$fpinit)
    __fpl_fretinf                            0x080062e9   Thumb Code    10  fretinf.o(x$fpl$fretinf)
    _printf_fp_dec                           0x080062f3   Thumb Code     4  printf1.o(x$fpl$printf1)
    __I$use$fp                               0x080062f6   Number         0  usenofp.o(x$fpl$usenofp)
    sine                                     0x08006318   Data         256  dac.o(.constdata)
    AHBPrescTable                            0x08006418   Data          16  system_stm32f4xx.o(.constdata)
    Region$$Table$$Base                      0x080065e4   Number         0  anon$$obj.o(Region$$Table)
    Region$$Table$$Limit                     0x08006604   Number         0  anon$$obj.o(Region$$Table)
    bluetoothQueue                           0x20000000   Data           4  serial.o(.data)
    debugQueue                               0x20000004   Data           4  serial.o(.data)
    isPacket                                 0x20000008   Data           1  serial.o(.data)
    bluetoothInitialised                     0x20000009   Data           1  serial.o(.data)
    debugInitialised                         0x2000000a   Data           1  serial.o(.data)
    iU                                       0x2000000c   Data           4  serial.o(.data)
    jU                                       0x20000010   Data           4  serial.o(.data)
    iB                                       0x20000014   Data           4  serial.o(.data)
    jB                                       0x20000018   Data           4  serial.o(.data)
    __stdout                                 0x2000001c   Data           4  serial.o(.data)
    msTicks                                  0x20000020   Data           4  utils.o(.data)
    calibrationValue                         0x2000002e   Data           2  adc.o(.data)
    isInitialised                            0x20000030   Data           1  adc.o(.data)
    ADC1_currentRange                        0x20000031   Data           1  adc.o(.data)
    GPIO_InitStructure                       0x20000044   Data           8  sig_gen.o(.data)
    sinetable                                0x2000004c   Data         512  sig_gen.o(.data)
    pulse_width                              0x2000024c   Data           2  sig_gen.o(.data)
    phase_accumulator                        0x20000250   Data           4  sig_gen.o(.data)
    angle                                    0x20000254   Data           1  sig_gen.o(.data)
    menuPosition                             0x20000255   Data           1  switches.o(.data)
    BluetoothMode                            0x20000256   Data           1  dmm.o(.data)
    alphaInit                                0x20000257   Data           1  dmm.o(.data)
    betaInit                                 0x20000258   Data           1  dmm.o(.data)
    gammaInit                                0x20000259   Data           1  dmm.o(.data)
    OUT_FREQ                                 0x2000025c   Data           4  dac.o(.data)
    TIM_PERIOD                               0x20000260   Data           2  dac.o(.data)
    dacInitialised                           0x20000262   Data           1  dac.o(.data)
    SystemCoreClock                          0x20000264   Data           4  system_stm32f4xx.o(.data)
    debugBuf                                 0x20000268   Data          17  serial.o(.bss)
    bluetoothBuf                             0x20000279   Data          17  serial.o(.bss)
    unmalloc_buffer                          0x2000028c   Data         512  lcd_buffer.o(.bss)
    lcd_commandBuffer                        0x2000048c   Data          16  lcd_driver.o(.bss)
    USART_InitStructure                      0x2000049c   Data          16  sig_gen.o(.bss)
    TIM_TimeBaseStructure                    0x200004ac   Data          12  sig_gen.o(.bss)
    TIM_OCInitStructure                      0x200004b8   Data          20  sig_gen.o(.bss)
    TIM5_TimeBase                            0x200004cc   Data          12  dac.o(.bss)
    __libspace_start                         0x200004d8   Data          96  libspace.o(.bss)
    __temporary_stack_top$libspace           0x20000538   Data           0  libspace.o(.bss)



==============================================================================

Memory Map of the image

  Image Entry point : 0x08000189

  Load Region LR_IROM1 (Base: 0x08000000, Size: 0x00006888, Max: 0x00100000, ABSOLUTE, COMPRESSED[0x000067d4])

    Execution Region ER_IROM1 (Base: 0x08000000, Size: 0x00006620, Max: 0x00100000, ABSOLUTE)

    Base Addr    Size         Type   Attr      Idx    E Section Name        Object

    0x08000000   0x00000188   Data   RO          755    RESET               startup_stm32f407xx.o
    0x08000188   0x00000008   Code   RO          899  * !!!main             c_w.l(__main.o)
    0x08000190   0x00000034   Code   RO         1203    !!!scatter          c_w.l(__scatter.o)
    0x080001c4   0x0000005a   Code   RO         1201    !!dczerorl2         c_w.l(__dczerorl2.o)
    0x0800021e   0x00000002   PAD
    0x08000220   0x0000001c   Code   RO         1205    !!handler_zi        c_w.l(__scatter_zi.o)
    0x0800023c   0x00000000   Code   RO          894    .ARM.Collect$$_printf_percent$$00000000  c_w.l(_printf_percent.o)
    0x0800023c   0x00000006   Code   RO          893    .ARM.Collect$$_printf_percent$$00000003  c_w.l(_printf_f.o)
    0x08000242   0x00000006   Code   RO          892    .ARM.Collect$$_printf_percent$$00000009  c_w.l(_printf_d.o)
    0x08000248   0x00000006   Code   RO          891    .ARM.Collect$$_printf_percent$$00000014  c_w.l(_printf_s.o)
    0x0800024e   0x00000004   Code   RO          979    .ARM.Collect$$_printf_percent$$00000017  c_w.l(_printf_percent_end.o)
    0x08000252   0x00000002   Code   RO         1144    .ARM.Collect$$libinit$$00000000  c_w.l(libinit.o)
    0x08000254   0x00000004   Code   RO          984    .ARM.Collect$$libinit$$00000001  c_w.l(libinit2.o)
    0x08000258   0x00000000   Code   RO          987    .ARM.Collect$$libinit$$00000004  c_w.l(libinit2.o)
    0x08000258   0x00000008   Code   RO          988    .ARM.Collect$$libinit$$00000005  c_w.l(libinit2.o)
    0x08000260   0x00000000   Code   RO          990    .ARM.Collect$$libinit$$0000000A  c_w.l(libinit2.o)
    0x08000260   0x00000000   Code   RO          992    .ARM.Collect$$libinit$$0000000C  c_w.l(libinit2.o)
    0x08000260   0x00000000   Code   RO          994    .ARM.Collect$$libinit$$0000000E  c_w.l(libinit2.o)
    0x08000260   0x00000006   Code   RO          995    .ARM.Collect$$libinit$$0000000F  c_w.l(libinit2.o)
    0x08000266   0x00000000   Code   RO          997    .ARM.Collect$$libinit$$00000011  c_w.l(libinit2.o)
    0x08000266   0x00000000   Code   RO          999    .ARM.Collect$$libinit$$00000013  c_w.l(libinit2.o)
    0x08000266   0x00000000   Code   RO         1001    .ARM.Collect$$libinit$$00000015  c_w.l(libinit2.o)
    0x08000266   0x0000000a   Code   RO         1002    .ARM.Collect$$libinit$$00000016  c_w.l(libinit2.o)
    0x08000270   0x00000000   Code   RO         1003    .ARM.Collect$$libinit$$00000017  c_w.l(libinit2.o)
    0x08000270   0x00000000   Code   RO         1005    .ARM.Collect$$libinit$$00000019  c_w.l(libinit2.o)
    0x08000270   0x00000000   Code   RO         1007    .ARM.Collect$$libinit$$0000001B  c_w.l(libinit2.o)
    0x08000270   0x00000000   Code   RO         1009    .ARM.Collect$$libinit$$0000001D  c_w.l(libinit2.o)
    0x08000270   0x00000000   Code   RO         1011    .ARM.Collect$$libinit$$0000001F  c_w.l(libinit2.o)
    0x08000270   0x00000000   Code   RO         1013    .ARM.Collect$$libinit$$00000021  c_w.l(libinit2.o)
    0x08000270   0x00000000   Code   RO         1015    .ARM.Collect$$libinit$$00000023  c_w.l(libinit2.o)
    0x08000270   0x00000000   Code   RO         1017    .ARM.Collect$$libinit$$00000025  c_w.l(libinit2.o)
    0x08000270   0x00000000   Code   RO         1021    .ARM.Collect$$libinit$$0000002C  c_w.l(libinit2.o)
    0x08000270   0x00000000   Code   RO         1023    .ARM.Collect$$libinit$$0000002E  c_w.l(libinit2.o)
    0x08000270   0x00000000   Code   RO         1025    .ARM.Collect$$libinit$$00000030  c_w.l(libinit2.o)
    0x08000270   0x00000000   Code   RO         1027    .ARM.Collect$$libinit$$00000032  c_w.l(libinit2.o)
    0x08000270   0x00000002   Code   RO         1028    .ARM.Collect$$libinit$$00000033  c_w.l(libinit2.o)
    0x08000272   0x00000002   Code   RO         1198    .ARM.Collect$$libshutdown$$00000000  c_w.l(libshutdown.o)
    0x08000274   0x00000000   Code   RO         1156    .ARM.Collect$$libshutdown$$00000002  c_w.l(libshutdown2.o)
    0x08000274   0x00000000   Code   RO         1158    .ARM.Collect$$libshutdown$$00000004  c_w.l(libshutdown2.o)
    0x08000274   0x00000000   Code   RO         1161    .ARM.Collect$$libshutdown$$00000007  c_w.l(libshutdown2.o)
    0x08000274   0x00000000   Code   RO         1164    .ARM.Collect$$libshutdown$$0000000A  c_w.l(libshutdown2.o)
    0x08000274   0x00000000   Code   RO         1166    .ARM.Collect$$libshutdown$$0000000C  c_w.l(libshutdown2.o)
    0x08000274   0x00000000   Code   RO         1169    .ARM.Collect$$libshutdown$$0000000F  c_w.l(libshutdown2.o)
    0x08000274   0x00000002   Code   RO         1170    .ARM.Collect$$libshutdown$$00000010  c_w.l(libshutdown2.o)
    0x08000276   0x00000000   Code   RO          941    .ARM.Collect$$rtentry$$00000000  c_w.l(__rtentry.o)
    0x08000276   0x00000000   Code   RO         1046    .ARM.Collect$$rtentry$$00000002  c_w.l(__rtentry2.o)
    0x08000276   0x00000006   Code   RO         1058    .ARM.Collect$$rtentry$$00000004  c_w.l(__rtentry4.o)
    0x0800027c   0x00000000   Code   RO         1048    .ARM.Collect$$rtentry$$00000009  c_w.l(__rtentry2.o)
    0x0800027c   0x00000004   Code   RO         1049    .ARM.Collect$$rtentry$$0000000A  c_w.l(__rtentry2.o)
    0x08000280   0x00000000   Code   RO         1051    .ARM.Collect$$rtentry$$0000000C  c_w.l(__rtentry2.o)
    0x08000280   0x00000008   Code   RO         1052    .ARM.Collect$$rtentry$$0000000D  c_w.l(__rtentry2.o)
    0x08000288   0x00000002   Code   RO         1145    .ARM.Collect$$rtexit$$00000000  c_w.l(rtexit.o)
    0x0800028a   0x00000000   Code   RO         1172    .ARM.Collect$$rtexit$$00000002  c_w.l(rtexit2.o)
    0x0800028a   0x00000004   Code   RO         1173    .ARM.Collect$$rtexit$$00000003  c_w.l(rtexit2.o)
    0x0800028e   0x00000006   Code   RO         1174    .ARM.Collect$$rtexit$$00000004  c_w.l(rtexit2.o)
    0x08000294   0x00000000   Code   RO         1067    .emb_text           c_w.l(maybetermalloc1.o)
    0x08000294   0x000003d4   Code   RO            4    .text               serial.o
    0x08000668   0x00000108   Code   RO          180    .text               utils.o
    0x08000770   0x000000a8   Code   RO          226    .text               lcd_buffer.o
    0x08000818   0x00000454   Code   RO          247    .text               lcd_driver.o
    0x08000c6c   0x00000410   Code   RO          282    .text               adc.o
    0x0800107c   0x00000294   Code   RO          321    .text               stm32f4xx_gpio.o
    0x08001310   0x000000e0   Code   RO          345    .text               misc.o
    0x080013f0   0x0000065c   Code   RO          369    .text               stm32f4xx_rcc.o
    0x08001a4c   0x00000454   Code   RO          395    .text               stm32f4xx_usart.o
    0x08001ea0   0x0000029c   Code   RO          419    .text               sig_gen.o
    0x0800213c   0x00000ca2   Code   RO          450    .text               stm32f4xx_tim.o
    0x08002dde   0x00000002   PAD
    0x08002de0   0x00000198   Code   RO          471    .text               queue.o
    0x08002f78   0x00000044   Code   RO          490    .text               packet.o
    0x08002fbc   0x00000110   Code   RO          517    .text               stm32f4xx_exti.o
    0x080030cc   0x00000094   Code   RO          541    .text               stm32f4xx_syscfg.o
    0x08003160   0x00000208   Code   RO          565    .text               switches.o
    0x08003368   0x0000066c   Code   RO          595    .text               dmm.o
    0x080039d4   0x000001b8   Code   RO          674    .text               dac.o
    0x08003b8c   0x00000210   Code   RO          708    .text               stm32f4xx_dac.o
    0x08003d9c   0x000003a8   Code   RO          732    .text               stm32f4xx_dma.o
    0x08004144   0x00000040   Code   RO          756    .text               startup_stm32f407xx.o
    0x08004184   0x00000210   Code   RO          763    .text               system_stm32f4xx.o
    0x08004394   0x00000002   Code   RO          793    .text               c_w.l(use_no_semi.o)
    0x08004396   0x0000005e   Code   RO          799    .text               c_w.l(h1_alloc.o)
    0x080043f4   0x0000004e   Code   RO          801    .text               c_w.l(h1_free.o)
    0x08004442   0x00000002   PAD
    0x08004444   0x00000018   Code   RO          861    .text               c_w.l(noretval__2printf.o)
    0x0800445c   0x00000028   Code   RO          863    .text               c_w.l(noretval__2sprintf.o)
    0x08004484   0x00000052   Code   RO          867    .text               c_w.l(_printf_str.o)
    0x080044d6   0x00000002   PAD
    0x080044d8   0x00000078   Code   RO          869    .text               c_w.l(_printf_dec.o)
    0x08004550   0x00000160   Code   RO          886    .text               c_w.l(__printf_ss_wp.o)
    0x080046b0   0x00000080   Code   RO          895    .text               c_w.l(strcmpv7m.o)
    0x08004730   0x00000006   Code   RO          897    .text               c_w.l(heapauxi.o)
    0x08004736   0x00000002   PAD
    0x08004738   0x00000008   Code   RO          945    .text               c_w.l(rt_heap_descriptor_intlibspace.o)
    0x08004740   0x00000004   Code   RO          947    .text               c_w.l(hguard.o)
    0x08004744   0x0000008a   Code   RO          949    .text               c_w.l(init_alloc.o)
    0x080047ce   0x0000000e   Code   RO          953    .text               c_w.l(h1_init.o)
    0x080047dc   0x000000b2   Code   RO          967    .text               c_w.l(_printf_intcommon.o)
    0x0800488e   0x0000041a   Code   RO          969    .text               c_w.l(_printf_fp_dec.o)
    0x08004ca8   0x00000030   Code   RO          971    .text               c_w.l(_printf_char_common.o)
    0x08004cd8   0x0000000a   Code   RO          973    .text               c_w.l(_sputc.o)
    0x08004ce2   0x0000002c   Code   RO          975    .text               c_w.l(_printf_char.o)
    0x08004d0e   0x00000002   PAD
    0x08004d10   0x00000024   Code   RO          977    .text               c_w.l(_printf_char_file.o)
    0x08004d34   0x00000008   Code   RO         1042    .text               c_w.l(libspace.o)
    0x08004d3c   0x00000008   Code   RO         1063    .text               c_w.l(rt_locale_intlibspace.o)
    0x08004d44   0x00000034   Code   RO         1069    .text               c_w.l(h1_extend.o)
    0x08004d78   0x0000008a   Code   RO         1073    .text               c_w.l(lludiv10.o)
    0x08004e02   0x00000002   PAD
    0x08004e04   0x00000080   Code   RO         1075    .text               c_w.l(_printf_fp_infnan.o)
    0x08004e84   0x000000dc   Code   RO         1079    .text               c_w.l(bigflt0.o)
    0x08004f60   0x0000000e   Code   RO         1107    .text               c_w.l(defsig_rtmem_outer.o)
    0x08004f6e   0x0000004a   Code   RO         1123    .text               c_w.l(sys_stackheap_outer.o)
    0x08004fb8   0x00000012   Code   RO         1129    .text               c_w.l(exit.o)
    0x08004fca   0x0000000a   Code   RO         1131    .text               c_w.l(defsig_exit.o)
    0x08004fd4   0x00000050   Code   RO         1133    .text               c_w.l(defsig_rtmem_inner.o)
    0x08005024   0x00000032   Code   RO         1153    .text               c_w.l(defsig_general.o)
    0x08005056   0x0000003e   Code   RO         1082    CL$$btod_d2e        c_w.l(btod.o)
    0x08005094   0x00000046   Code   RO         1084    CL$$btod_d2e_denorm_low  c_w.l(btod.o)
    0x080050da   0x00000060   Code   RO         1083    CL$$btod_d2e_norm_op1  c_w.l(btod.o)
    0x0800513a   0x00000338   Code   RO         1092    CL$$btod_div_common  c_w.l(btod.o)
    0x08005472   0x000000c6   Code   RO         1089    CL$$btod_e2e        c_w.l(btod.o)
    0x08005538   0x00000028   Code   RO         1086    CL$$btod_ediv       c_w.l(btod.o)
    0x08005560   0x00000028   Code   RO         1085    CL$$btod_emul       c_w.l(btod.o)
    0x08005588   0x00000244   Code   RO         1091    CL$$btod_mult_common  c_w.l(btod.o)
    0x080057cc   0x00000030   Code   RO         1120    i.__ARM_fpclassify  m_wm.l(fpclassify.o)
    0x080057fc   0x00000014   Code   RO          933    i.__hardfp_fabs     m_wm.l(fabs.o)
    0x08005810   0x0000000e   Code   RO          881    i._is_digit         c_w.l(__printf_wp.o)
    0x0800581e   0x00000002   PAD
    0x08005820   0x0000002c   Code   RO         1105    locale$$code        c_w.l(lc_numeric_c.o)
    0x0800584c   0x00000062   Code   RO          901    x$fpl$d2f           fz_wm.l(d2f.o)
    0x080058ae   0x00000002   PAD
    0x080058b0   0x00000150   Code   RO          903    x$fpl$dadd          fz_wm.l(daddsub_clz.o)
    0x08005a00   0x00000018   Code   RO         1029    x$fpl$dcmpinf       fz_wm.l(dcmpi.o)
    0x08005a18   0x000002b0   Code   RO          910    x$fpl$ddiv          fz_wm.l(ddiv.o)
    0x08005cc8   0x0000005a   Code   RO          913    x$fpl$dfixu         fz_wm.l(dfixu.o)
    0x08005d22   0x00000026   Code   RO          917    x$fpl$dfltu         fz_wm.l(dflt_clz.o)
    0x08005d48   0x00000078   Code   RO          923    x$fpl$dleqf         fz_wm.l(dleqf.o)
    0x08005dc0   0x00000154   Code   RO          925    x$fpl$dmul          fz_wm.l(dmul.o)
    0x08005f14   0x0000009c   Code   RO         1031    x$fpl$dnaninf       fz_wm.l(dnaninf.o)
    0x08005fb0   0x0000000c   Code   RO         1033    x$fpl$dretinf       fz_wm.l(dretinf.o)
    0x08005fbc   0x0000006c   Code   RO          927    x$fpl$drleqf        fz_wm.l(drleqf.o)
    0x08006028   0x000001d4   Code   RO          905    x$fpl$dsub          fz_wm.l(daddsub_clz.o)
    0x080061fc   0x00000056   Code   RO          929    x$fpl$f2d           fz_wm.l(f2d.o)
    0x08006252   0x0000008c   Code   RO         1035    x$fpl$fnaninf       fz_wm.l(fnaninf.o)
    0x080062de   0x0000000a   Code   RO         1116    x$fpl$fpinit        fz_wm.l(fpinit.o)
    0x080062e8   0x0000000a   Code   RO         1037    x$fpl$fretinf       fz_wm.l(fretinf.o)
    0x080062f2   0x00000004   Code   RO          931    x$fpl$printf1       fz_wm.l(printf1.o)
    0x080062f6   0x00000000   Code   RO         1039    x$fpl$usenofp       fz_wm.l(usenofp.o)
    0x080062f6   0x00000002   PAD
    0x080062f8   0x00000020   Data   RO          596    .constdata          dmm.o
    0x08006318   0x00000100   Data   RO          676    .constdata          dac.o
    0x08006418   0x00000010   Data   RO          764    .constdata          system_stm32f4xx.o
    0x08006428   0x00000094   Data   RO         1080    .constdata          c_w.l(bigflt0.o)
    0x080064bc   0x000000b5   Data   RO          283    .conststring        adc.o
    0x08006571   0x00000003   PAD
    0x08006574   0x0000006e   Data   RO          677    .conststring        dac.o
    0x080065e2   0x00000002   PAD
    0x080065e4   0x00000020   Data   RO         1199    Region$$Table       anon$$obj.o
    0x08006604   0x0000001c   Data   RO         1104    locale$$data        c_w.l(lc_numeric_c.o)


    Execution Region RW_IRAM1 (Base: 0x20000000, Size: 0x00000b38, Max: 0x00020000, ABSOLUTE, COMPRESSED[0x000001b4])

    Base Addr    Size         Type   Attr      Idx    E Section Name        Object

    0x20000000   0x00000020   Data   RW            6    .data               serial.o
    0x20000020   0x00000004   Data   RW          181    .data               utils.o
    0x20000024   0x00000009   Data   RW          249    .data               lcd_driver.o
    0x2000002d   0x00000001   PAD
    0x2000002e   0x00000005   Data   RW          284    .data               adc.o
    0x20000033   0x00000010   Data   RW          370    .data               stm32f4xx_rcc.o
    0x20000043   0x00000001   PAD
    0x20000044   0x00000211   Data   RW          421    .data               sig_gen.o
    0x20000255   0x00000001   Data   RW          566    .data               switches.o
    0x20000256   0x00000005   Data   RW          597    .data               dmm.o
    0x2000025b   0x00000001   PAD
    0x2000025c   0x00000007   Data   RW          678    .data               dac.o
    0x20000263   0x00000001   PAD
    0x20000264   0x00000004   Data   RW          765    .data               system_stm32f4xx.o
    0x20000268   0x00000022   Zero   RW            5    .bss                serial.o
    0x2000028a   0x00000002   PAD
    0x2000028c   0x00000200   Zero   RW          227    .bss                lcd_buffer.o
    0x2000048c   0x00000010   Zero   RW          248    .bss                lcd_driver.o
    0x2000049c   0x00000030   Zero   RW          420    .bss                sig_gen.o
    0x200004cc   0x0000000c   Zero   RW          675    .bss                dac.o
    0x200004d8   0x00000060   Zero   RW         1043    .bss                c_w.l(libspace.o)
    0x20000538   0x00000200   Zero   RW          754    HEAP                startup_stm32f407xx.o
    0x20000738   0x00000400   Zero   RW          753    STACK               startup_stm32f407xx.o


==============================================================================

Image component sizes


      Code (inc. data)   RO Data    RW Data    ZI Data      Debug   Object Name

      1040        142        181          5          0       3283   adc.o
       440         44        366          7         12       1999   dac.o
      1644        342         32          5          0      28980   dmm.o
       168          4          0          0        512       2302   lcd_buffer.o
      1108         58          0          9         16      29544   lcd_driver.o
       224         20          0          0          0       1925   misc.o
        68         12          0          0          0       1017   packet.o
       408        130          0          0          0       2460   queue.o
       980        118          0         32         34     317644   serial.o
       668         50          0        529         48       2650   sig_gen.o
        64         26        392          0       1536        844   startup_stm32f407xx.o
       528          6          0          0          0       5153   stm32f4xx_dac.o
       936         32          0          0          0       6501   stm32f4xx_dma.o
       272         10          0          0          0       2395   stm32f4xx_exti.o
       660         44          0          0          0       4261   stm32f4xx_gpio.o
      1628         52          0         16          0      13208   stm32f4xx_rcc.o
       148         12          0          0          0       1881   stm32f4xx_syscfg.o
      3234         60          0          0          0      23124   stm32f4xx_tim.o
      1108         34          0          0          0       7992   stm32f4xx_usart.o
       520         66          0          1          0       1313   switches.o
       528         46         16          4          0       1815   system_stm32f4xx.o
       264         14          0          4          0     238842   utils.o

    ----------------------------------------------------------------------
     16640       1322       1024        616       2160     699133   Object Totals
         0          0         32          0          0          0   (incl. Generated)
         2          0          5          4          2          0   (incl. Padding)

    ----------------------------------------------------------------------

      Code (inc. data)   RO Data    RW Data    ZI Data      Debug   Library Member Name

        90          0          0          0          0          0   __dczerorl2.o
         8          0          0          0          0         68   __main.o
       352          0          0          0          0         88   __printf_ss_wp.o
        14          0          0          0          0         68   __printf_wp.o
         0          0          0          0          0          0   __rtentry.o
        12          0          0          0          0          0   __rtentry2.o
         6          0          0          0          0          0   __rtentry4.o
        52          8          0          0          0          0   __scatter.o
        28          0          0          0          0          0   __scatter_zi.o
        44          0          0          0          0        108   _printf_char.o
        48          6          0          0          0         96   _printf_char_common.o
        36          4          0          0          0         80   _printf_char_file.o
         6          0          0          0          0          0   _printf_d.o
       120         16          0          0          0         92   _printf_dec.o
         6          0          0          0          0          0   _printf_f.o
      1050          0          0          0          0        216   _printf_fp_dec.o
       128         16          0          0          0         84   _printf_fp_infnan.o
       178          0          0          0          0         88   _printf_intcommon.o
         0          0          0          0          0          0   _printf_percent.o
         4          0          0          0          0          0   _printf_percent_end.o
         6          0          0          0          0          0   _printf_s.o
        82          0          0          0          0         80   _printf_str.o
        10          0          0          0          0         68   _sputc.o
       220          4        148          0          0         96   bigflt0.o
      1910        128          0          0          0        672   btod.o
        10          0          0          0          0         68   defsig_exit.o
        50          0          0          0          0         88   defsig_general.o
        80         58          0          0          0         76   defsig_rtmem_inner.o
        14          0          0          0          0         80   defsig_rtmem_outer.o
        18          0          0          0          0         80   exit.o
        94          0          0          0          0         80   h1_alloc.o
        52          0          0          0          0         68   h1_extend.o
        78          0          0          0          0         80   h1_free.o
        14          0          0          0          0         84   h1_init.o
         6          0          0          0          0        152   heapauxi.o
         4          0          0          0          0        136   hguard.o
       138          0          0          0          0        168   init_alloc.o
        44         10         28          0          0         76   lc_numeric_c.o
         2          0          0          0          0          0   libinit.o
        30          0          0          0          0          0   libinit2.o
         2          0          0          0          0          0   libshutdown.o
         2          0          0          0          0          0   libshutdown2.o
         8          4          0          0         96         68   libspace.o
       138          0          0          0          0         80   lludiv10.o
         0          0          0          0          0          0   maybetermalloc1.o
        24          4          0          0          0         84   noretval__2printf.o
        40          6          0          0          0         84   noretval__2sprintf.o
         8          4          0          0          0         68   rt_heap_descriptor_intlibspace.o
         8          4          0          0          0         68   rt_locale_intlibspace.o
         2          0          0          0          0          0   rtexit.o
        10          0          0          0          0          0   rtexit2.o
       128          0          0          0          0         68   strcmpv7m.o
        74          0          0          0          0         80   sys_stackheap_outer.o
         2          0          0          0          0         68   use_no_semi.o
        98          4          0          0          0        140   d2f.o
       804         16          0          0          0        368   daddsub_clz.o
        24          0          0          0          0        116   dcmpi.o
       688        140          0          0          0        256   ddiv.o
        90          4          0          0          0        140   dfixu.o
        38          0          0          0          0        116   dflt_clz.o
       120          4          0          0          0        140   dleqf.o
       340         12          0          0          0        152   dmul.o
       156          4          0          0          0        140   dnaninf.o
        12          0          0          0          0        116   dretinf.o
       108          0          0          0          0        128   drleqf.o
        86          4          0          0          0        132   f2d.o
       140          4          0          0          0        132   fnaninf.o
        10          0          0          0          0        116   fpinit.o
        10          0          0          0          0        116   fretinf.o
         4          0          0          0          0        116   printf1.o
         0          0          0          0          0          0   usenofp.o
        20          0          0          0          0        124   fabs.o
        48          0          0          0          0        124   fpclassify.o

    ----------------------------------------------------------------------
      8304        464        176          0         96       6480   Library Totals
        18          0          0          0          0          0   (incl. Padding)

    ----------------------------------------------------------------------

      Code (inc. data)   RO Data    RW Data    ZI Data      Debug   Library Name

      5490        272        176          0         96       3808   c_w.l
      2728        192          0          0          0       2424   fz_wm.l
        68          0          0          0          0        248   m_wm.l

    ----------------------------------------------------------------------
      8304        464        176          0         96       6480   Library Totals

    ----------------------------------------------------------------------

==============================================================================


      Code (inc. data)   RO Data    RW Data    ZI Data      Debug   

     24944       1786       1200        616       2256     696281   Grand Totals
     24944       1786       1200        436       2256     696281   ELF Image Totals (compressed)
     24944       1786       1200        436          0          0   ROM Totals

==============================================================================

    Total RO  Size (Code + RO Data)                26144 (  25.53kB)
    Total RW  Size (RW Data + ZI Data)              2872 (   2.80kB)
    Total ROM Size (Code + RO Data + RW Data)      26580 (  25.96kB)

==============================================================================

