Component: ARM Compiler 5.06 update 2 (build 183) Tool: armlink [4d35b7]

==============================================================================

Section Cross References

    stm32f4xx_gpio.o(.text) refers to stm32f4xx_rcc.o(.text) for RCC_AHB1PeriphResetCmd
    stm32f4xx_rcc.o(.text) refers to stm32f4xx_rcc.o(.data) for APBAHBPrescTable
    stm32f4xx_usart.o(.text) refers to stm32f4xx_rcc.o(.text) for RCC_APB2PeriphResetCmd
    stm32f4xx_tim.o(.text) refers to stm32f4xx_rcc.o(.text) for RCC_APB2PeriphResetCmd
    stm32f4xx_syscfg.o(.text) refers to stm32f4xx_rcc.o(.text) for RCC_APB2PeriphResetCmd
    stm32f4xx_adc.o(.text) refers to stm32f4xx_rcc.o(.text) for RCC_APB2PeriphResetCmd
    stm32f4xx_dac.o(.text) refers to stm32f4xx_rcc.o(.text) for RCC_APB1PeriphResetCmd
    adc.o(.text) refers to _printf_percent.o(.ARM.Collect$$_printf_percent$$00000000) for _printf_percent
    adc.o(.text) refers to _printf_d.o(.ARM.Collect$$_printf_percent$$00000009) for _printf_d
    adc.o(.text) refers to _printf_dec.o(.text) for _printf_int_dec
    adc.o(.text) refers to _printf_f.o(.ARM.Collect$$_printf_percent$$00000003) for _printf_f
    adc.o(.text) refers to printf1.o(x$fpl$printf1) for _printf_fp_dec
    adc.o(.text) refers to stm32f4xx_rcc.o(.text) for RCC_AHB1PeriphClockCmd
    adc.o(.text) refers to stm32f4xx_gpio.o(.text) for GPIO_Init
    adc.o(.text) refers to utils.o(.text) for Delay
    adc.o(.text) refers to dmm.o(.text) for stageAlpha
    adc.o(.text) refers to dflt_clz.o(x$fpl$dfltu) for __aeabi_ui2d
    adc.o(.text) refers to daddsub_clz.o(x$fpl$dsub) for __aeabi_dsub
    adc.o(.text) refers to dleqf.o(x$fpl$dleqf) for __aeabi_cdcmple
    adc.o(.text) refers to drleqf.o(x$fpl$drleqf) for __aeabi_cdrcmple
    adc.o(.text) refers to noretval__2printf.o(.text) for __2printf
    adc.o(.text) refers to dfixu.o(x$fpl$dfixu) for __aeabi_d2uiz
    adc.o(.text) refers to dmul.o(x$fpl$dmul) for __aeabi_dmul
    adc.o(.text) refers to pow.o(i.__hardfp_pow) for __hardfp_pow
    adc.o(.text) refers to daddsub_clz.o(x$fpl$dadd) for __aeabi_dadd
    adc.o(.text) refers to adc.o(.data) for isInitialised
    adc.o(.text) refers to adc.o(.conststring) for .conststring
    adc.o(.text) refers to dflt_clz.o(x$fpl$dflt) for __aeabi_i2d
    dac.o(.text) refers to _printf_percent.o(.ARM.Collect$$_printf_percent$$00000000) for _printf_percent
    dac.o(.text) refers to _printf_d.o(.ARM.Collect$$_printf_percent$$00000009) for _printf_d
    dac.o(.text) refers to _printf_f.o(.ARM.Collect$$_printf_percent$$00000003) for _printf_f
    dac.o(.text) refers to _printf_dec.o(.text) for _printf_int_dec
    dac.o(.text) refers to printf1.o(x$fpl$printf1) for _printf_fp_dec
    dac.o(.text) refers to stm32f4xx_dac.o(.text) for DAC_Init
    dac.o(.text) refers to stm32f4xx_dma.o(.text) for DMA_DeInit
    dac.o(.text) refers to stm32f4xx_rcc.o(.text) for RCC_APB1PeriphClockCmd
    dac.o(.text) refers to stm32f4xx_tim.o(.text) for TIM_TimeBaseStructInit
    dac.o(.text) refers to stm32f4xx_gpio.o(.text) for GPIO_Init
    dac.o(.text) refers to f2d.o(x$fpl$f2d) for __aeabi_f2d
    dac.o(.text) refers to noretval__2printf.o(.text) for __2printf
    dac.o(.text) refers to utils.o(.text) for compare_float
    dac.o(.text) refers to h1_free.o(.text) for free
    dac.o(.text) refers to calloc.o(.text) for calloc
    dac.o(.text) refers to rt_memcpy_v6.o(.text) for __aeabi_memcpy
    dac.o(.text) refers to ddiv.o(x$fpl$ddiv) for __aeabi_ddiv
    dac.o(.text) refers to dfix.o(x$fpl$dfix) for __aeabi_d2iz
    dac.o(.text) refers to adc.o(.text) for read_ADC1_NOAVERAGE
    dac.o(.text) refers to drleqf.o(x$fpl$drleqf) for __aeabi_cdrcmple
    dac.o(.text) refers to dleqf.o(x$fpl$dleqf) for __aeabi_cdcmple
    dac.o(.text) refers to daddsub_clz.o(x$fpl$dsub) for __aeabi_dsub
    dac.o(.text) refers to dflt_clz.o(x$fpl$dflt) for __aeabi_i2d
    dac.o(.text) refers to d2f.o(x$fpl$d2f) for __aeabi_d2f
    dac.o(.text) refers to packet.o(.text) for sendPacket
    dac.o(.text) refers to dac.o(.data) for OUT_FREQ
    dac.o(.text) refers to dac.o(.bss) for TIM5_TimeBase
    dac.o(.text) refers to dac.o(.conststring) for .conststring
    dmm.o(.text) refers to _printf_percent.o(.ARM.Collect$$_printf_percent$$00000000) for _printf_percent
    dmm.o(.text) refers to _printf_s.o(.ARM.Collect$$_printf_percent$$00000014) for _printf_s
    dmm.o(.text) refers to _printf_str.o(.text) for _printf_str
    dmm.o(.text) refers to _scanf_int.o(.text) for _scanf_int
    dmm.o(.text) refers to _scanf_str.o(.text) for _scanf_string
    dmm.o(.text) refers to scanf1.o(x$fpl$scanf1) for _scanf_real
    dmm.o(.text) refers to _printf_d.o(.ARM.Collect$$_printf_percent$$00000009) for _printf_d
    dmm.o(.text) refers to _printf_dec.o(.text) for _printf_int_dec
    dmm.o(.text) refers to _printf_f.o(.ARM.Collect$$_printf_percent$$00000003) for _printf_f
[...]
    RCC_MCO2Config                           0x080007e5   Thumb Code    28  stm32f4xx_rcc.o(.text)
    RCC_SYSCLKConfig                         0x08000801   Thumb Code    20  stm32f4xx_rcc.o(.text)
    RCC_GetSYSCLKSource                      0x08000815   Thumb Code    12  stm32f4xx_rcc.o(.text)
    RCC_HCLKConfig                           0x08000821   Thumb Code    20  stm32f4xx_rcc.o(.text)
    RCC_PCLK1Config                          0x08000835   Thumb Code    20  stm32f4xx_rcc.o(.text)
    RCC_PCLK2Config                          0x08000849   Thumb Code    22  stm32f4xx_rcc.o(.text)
    RCC_GetClocksFreq                        0x0800085f   Thumb Code   222  stm32f4xx_rcc.o(.text)
    RCC_RTCCLKConfig                         0x0800093d   Thumb Code    54  stm32f4xx_rcc.o(.text)
    RCC_RTCCLKCmd                            0x08000973   Thumb Code     8  stm32f4xx_rcc.o(.text)
    RCC_BackupResetCmd                       0x0800097b   Thumb Code     8  stm32f4xx_rcc.o(.text)
    RCC_I2SCLKConfig                         0x08000983   Thumb Code     6  stm32f4xx_rcc.o(.text)
    RCC_SAIBlockACLKConfig                   0x08000989   Thumb Code    20  stm32f4xx_rcc.o(.text)
    RCC_SAIBlockBCLKConfig                   0x0800099d   Thumb Code    20  stm32f4xx_rcc.o(.text)
    RCC_SAIPLLI2SClkDivConfig                0x080009b1   Thumb Code    26  stm32f4xx_rcc.o(.text)
    RCC_SAIPLLSAIClkDivConfig                0x080009cb   Thumb Code    28  stm32f4xx_rcc.o(.text)
    RCC_LTDCCLKDivConfig                     0x080009e7   Thumb Code    20  stm32f4xx_rcc.o(.text)
    RCC_TIMCLKPresConfig                     0x080009fb   Thumb Code     6  stm32f4xx_rcc.o(.text)
    RCC_AHB1PeriphClockCmd                   0x08000a01   Thumb Code    34  stm32f4xx_rcc.o(.text)
    RCC_AHB2PeriphClockCmd                   0x08000a23   Thumb Code    78  stm32f4xx_rcc.o(.text)
    RCC_AHB3PeriphClockCmd                   0x08000a71   Thumb Code    34  stm32f4xx_rcc.o(.text)
    RCC_APB1PeriphClockCmd                   0x08000a93   Thumb Code    34  stm32f4xx_rcc.o(.text)
    RCC_APB2PeriphClockCmd                   0x08000ab5   Thumb Code    34  stm32f4xx_rcc.o(.text)
    RCC_AHB1PeriphResetCmd                   0x08000ad7   Thumb Code    34  stm32f4xx_rcc.o(.text)
    RCC_AHB2PeriphResetCmd                   0x08000af9   Thumb Code    34  stm32f4xx_rcc.o(.text)
    RCC_AHB3PeriphResetCmd                   0x08000b1b   Thumb Code    34  stm32f4xx_rcc.o(.text)
    RCC_APB1PeriphResetCmd                   0x08000b3d   Thumb Code    34  stm32f4xx_rcc.o(.text)
    RCC_APB2PeriphResetCmd                   0x08000b5f   Thumb Code    34  stm32f4xx_rcc.o(.text)
    RCC_AHB1PeriphClockLPModeCmd             0x08000b81   Thumb Code    34  stm32f4xx_rcc.o(.text)
    RCC_AHB2PeriphClockLPModeCmd             0x08000ba3   Thumb Code    34  stm32f4xx_rcc.o(.text)
    RCC_AHB3PeriphClockLPModeCmd             0x08000bc5   Thumb Code    34  stm32f4xx_rcc.o(.text)
    RCC_APB1PeriphClockLPModeCmd             0x08000be7   Thumb Code    34  stm32f4xx_rcc.o(.text)
    RCC_APB2PeriphClockLPModeCmd             0x08000c09   Thumb Code    34  stm32f4xx_rcc.o(.text)
    RCC_LSEModeConfig                        0x08000c2b   Thumb Code    40  stm32f4xx_rcc.o(.text)
    RCC_ITConfig                             0x08000c53   Thumb Code    34  stm32f4xx_rcc.o(.text)
    RCC_ClearFlag                            0x08000c75   Thumb Code    18  stm32f4xx_rcc.o(.text)
    RCC_GetITStatus                          0x08000c87   Thumb Code    22  stm32f4xx_rcc.o(.text)
    RCC_ClearITPendingBit                    0x08000c9d   Thumb Code     8  stm32f4xx_rcc.o(.text)
    USART_DeInit                             0x08000ca9   Thumb Code   206  stm32f4xx_usart.o(.text)
    USART_Init                               0x08000d77   Thumb Code   204  stm32f4xx_usart.o(.text)
    USART_StructInit                         0x08000e43   Thumb Code    24  stm32f4xx_usart.o(.text)
    USART_ClockInit                          0x08000e5b   Thumb Code    32  stm32f4xx_usart.o(.text)
    USART_ClockStructInit                    0x08000e7b   Thumb Code    12  stm32f4xx_usart.o(.text)
    USART_Cmd                                0x08000e87   Thumb Code    24  stm32f4xx_usart.o(.text)
    USART_SetPrescaler                       0x08000e9f   Thumb Code    16  stm32f4xx_usart.o(.text)
    USART_OverSampling8Cmd                   0x08000eaf   Thumb Code    22  stm32f4xx_usart.o(.text)
    USART_OneBitMethodCmd                    0x08000ec5   Thumb Code    24  stm32f4xx_usart.o(.text)
    USART_SendData                           0x08000edd   Thumb Code     8  stm32f4xx_usart.o(.text)
    USART_ReceiveData                        0x08000ee5   Thumb Code    10  stm32f4xx_usart.o(.text)
    USART_SetAddress                         0x08000eef   Thumb Code    18  stm32f4xx_usart.o(.text)
    USART_ReceiverWakeUpCmd                  0x08000f01   Thumb Code    24  stm32f4xx_usart.o(.text)
    USART_WakeUpConfig                       0x08000f19   Thumb Code    18  stm32f4xx_usart.o(.text)
    USART_LINBreakDetectLengthConfig         0x08000f2b   Thumb Code    18  stm32f4xx_usart.o(.text)
    USART_LINCmd                             0x08000f3d   Thumb Code    24  stm32f4xx_usart.o(.text)
    USART_SendBreak                          0x08000f55   Thumb Code    10  stm32f4xx_usart.o(.text)
    USART_HalfDuplexCmd                      0x08000f5f   Thumb Code    24  stm32f4xx_usart.o(.text)
    USART_SetGuardTime                       0x08000f77   Thumb Code    16  stm32f4xx_usart.o(.text)
    USART_SmartCardCmd                       0x08000f87   Thumb Code    24  stm32f4xx_usart.o(.text)
    USART_SmartCardNACKCmd                   0x08000f9f   Thumb Code    24  stm32f4xx_usart.o(.text)
    USART_IrDAConfig                         0x08000fb7   Thumb Code    18  stm32f4xx_usart.o(.text)
    USART_IrDACmd                            0x08000fc9   Thumb Code    24  stm32f4xx_usart.o(.text)
    USART_DMACmd                             0x08000fe1   Thumb Code    18  stm32f4xx_usart.o(.text)
    USART_ITConfig                           0x08000ff3   Thumb Code    74  stm32f4xx_usart.o(.text)
    USART_GetFlagStatus                      0x0800103d   Thumb Code    26  stm32f4xx_usart.o(.text)
    USART_ClearFlag                          0x08001057   Thumb Code    18  stm32f4xx_usart.o(.text)
    USART_GetITStatus                        0x08001069   Thumb Code   118  stm32f4xx_usart.o(.text)
    USART_ClearITPendingBit                  0x080010df   Thumb Code    30  stm32f4xx_usart.o(.text)
    TIM_DeInit                               0x080010fd   Thumb Code   346  stm32f4xx_tim.o(.text)
    TIM_TimeBaseInit                         0x08001257   Thumb Code   104  stm32f4xx_tim.o(.text)
    TIM_TimeBaseStructInit                   0x080012bf   Thumb Code    18  stm32f4xx_tim.o(.text)
    TIM_PrescalerConfig                      0x080012d1   Thumb Code     6  stm32f4xx_tim.o(.text)
    TIM_CounterModeConfig                    0x080012d7   Thumb Code    18  stm32f4xx_tim.o(.text)
    TIM_SetCounter                           0x080012e9   Thumb Code     4  stm32f4xx_tim.o(.text)
    TIM_SetAutoreload                        0x080012ed   Thumb Code     4  stm32f4xx_tim.o(.text)
    TIM_GetCounter                           0x080012f1   Thumb Code     6  stm32f4xx_tim.o(.text)
    TIM_GetPrescaler                         0x080012f7   Thumb Code     6  stm32f4xx_tim.o(.text)
    TIM_UpdateDisableConfig                  0x080012fd   Thumb Code    24  stm32f4xx_tim.o(.text)
    TIM_UpdateRequestConfig                  0x08001315   Thumb Code    24  stm32f4xx_tim.o(.text)
    TIM_ARRPreloadConfig                     0x0800132d   Thumb Code    24  stm32f4xx_tim.o(.text)
    TIM_SelectOnePulseMode                   0x08001345   Thumb Code    18  stm32f4xx_tim.o(.text)
    TIM_SetClockDivision                     0x08001357   Thumb Code    18  stm32f4xx_tim.o(.text)
    TIM_Cmd                                  0x08001369   Thumb Code    24  stm32f4xx_tim.o(.text)
    TIM_OC1Init                              0x08001381   Thumb Code   114  stm32f4xx_tim.o(.text)
    TIM_OC2Init                              0x080013f3   Thumb Code   154  stm32f4xx_tim.o(.text)
    TIM_OC3Init                              0x0800148d   Thumb Code   204  stm32f4xx_tim.o(.text)
    TIM_OC4Init                              0x08001559   Thumb Code   112  stm32f4xx_tim.o(.text)
    TIM_OCStructInit                         0x080015c9   Thumb Code    20  stm32f4xx_tim.o(.text)
    TIM_SelectOCxM                           0x080015dd   Thumb Code    86  stm32f4xx_tim.o(.text)
    TIM_SetCompare1                          0x08001633   Thumb Code     4  stm32f4xx_tim.o(.text)
    TIM_SetCompare2                          0x08001637   Thumb Code     4  stm32f4xx_tim.o(.text)
    TIM_SetCompare3                          0x0800163b   Thumb Code     4  stm32f4xx_tim.o(.text)
    TIM_SetCompare4                          0x0800163f   Thumb Code     4  stm32f4xx_tim.o(.text)
    TIM_ForcedOC1Config                      0x08001643   Thumb Code    18  stm32f4xx_tim.o(.text)
    TIM_ForcedOC2Config                      0x08001655   Thumb Code    26  stm32f4xx_tim.o(.text)
    TIM_ForcedOC3Config                      0x0800166f   Thumb Code    18  stm32f4xx_tim.o(.text)
    TIM_ForcedOC4Config                      0x08001681   Thumb Code    26  stm32f4xx_tim.o(.text)
    TIM_OC1PreloadConfig                     0x0800169b   Thumb Code    18  stm32f4xx_tim.o(.text)
    TIM_OC2PreloadConfig                     0x080016ad   Thumb Code    26  stm32f4xx_tim.o(.text)
    TIM_OC3PreloadConfig                     0x080016c7   Thumb Code    18  stm32f4xx_tim.o(.text)
    TIM_OC4PreloadConfig                     0x080016d9   Thumb Code    26  stm32f4xx_tim.o(.text)
    TIM_OC1FastConfig                        0x080016f3   Thumb Code    18  stm32f4xx_tim.o(.text)
    TIM_OC2FastConfig                        0x08001705   Thumb Code    26  stm32f4xx_tim.o(.text)
    TIM_OC3FastConfig                        0x0800171f   Thumb Code    18  stm32f4xx_tim.o(.text)
    TIM_OC4FastConfig                        0x08001731   Thumb Code    26  stm32f4xx_tim.o(.text)
    TIM_ClearOC1Ref                          0x0800174b   Thumb Code    18  stm32f4xx_tim.o(.text)
    TIM_ClearOC2Ref                          0x0800175d   Thumb Code    24  stm32f4xx_tim.o(.text)
    TIM_ClearOC3Ref                          0x08001775   Thumb Code    18  stm32f4xx_tim.o(.text)
    TIM_ClearOC4Ref                          0x08001787   Thumb Code    24  stm32f4xx_tim.o(.text)
    TIM_OC1PolarityConfig                    0x0800179f   Thumb Code    18  stm32f4xx_tim.o(.text)
    TIM_OC1NPolarityConfig                   0x080017b1   Thumb Code    18  stm32f4xx_tim.o(.text)
    TIM_OC2PolarityConfig                    0x080017c3   Thumb Code    26  stm32f4xx_tim.o(.text)
    TIM_OC2NPolarityConfig                   0x080017dd   Thumb Code    26  stm32f4xx_tim.o(.text)
    TIM_OC3PolarityConfig                    0x080017f7   Thumb Code    26  stm32f4xx_tim.o(.text)
    TIM_OC3NPolarityConfig                   0x08001811   Thumb Code    26  stm32f4xx_tim.o(.text)
    TIM_OC4PolarityConfig                    0x0800182b   Thumb Code    26  stm32f4xx_tim.o(.text)
    TIM_CCxCmd                               0x08001845   Thumb Code    30  stm32f4xx_tim.o(.text)
    TIM_CCxNCmd                              0x08001863   Thumb Code    30  stm32f4xx_tim.o(.text)
    TIM_SetIC4Prescaler                      0x08001881   Thumb Code    26  stm32f4xx_tim.o(.text)
    TIM_SetIC3Prescaler                      0x080018eb   Thumb Code    18  stm32f4xx_tim.o(.text)
    TIM_SetIC2Prescaler                      0x08001945   Thumb Code    26  stm32f4xx_tim.o(.text)
    TIM_SetIC1Prescaler                      0x080019b9   Thumb Code    18  stm32f4xx_tim.o(.text)
    TIM_ICInit                               0x08001a05   Thumb Code   110  stm32f4xx_tim.o(.text)
    TIM_ICStructInit                         0x08001a73   Thumb Code    18  stm32f4xx_tim.o(.text)
    TIM_PWMIConfig                           0x08001a85   Thumb Code   124  stm32f4xx_tim.o(.text)
    TIM_GetCapture1                          0x08001b01   Thumb Code     6  stm32f4xx_tim.o(.text)
    TIM_GetCapture2                          0x08001b07   Thumb Code     6  stm32f4xx_tim.o(.text)
    TIM_GetCapture3                          0x08001b0d   Thumb Code     6  stm32f4xx_tim.o(.text)
    TIM_GetCapture4                          0x08001b13   Thumb Code     6  stm32f4xx_tim.o(.text)
    TIM_BDTRConfig                           0x08001b19   Thumb Code    32  stm32f4xx_tim.o(.text)
    TIM_BDTRStructInit                       0x08001b39   Thumb Code    18  stm32f4xx_tim.o(.text)
    TIM_CtrlPWMOutputs                       0x08001b4b   Thumb Code    30  stm32f4xx_tim.o(.text)
    TIM_SelectCOM                            0x08001b69   Thumb Code    24  stm32f4xx_tim.o(.text)
    TIM_CCPreloadControl                     0x08001b81   Thumb Code    24  stm32f4xx_tim.o(.text)
    TIM_ITConfig                             0x08001b99   Thumb Code    18  stm32f4xx_tim.o(.text)
    TIM_GenerateEvent                        0x08001bab   Thumb Code     4  stm32f4xx_tim.o(.text)
    TIM_GetFlagStatus                        0x08001baf   Thumb Code    18  stm32f4xx_tim.o(.text)
    TIM_ClearFlag                            0x08001bc1   Thumb Code     6  stm32f4xx_tim.o(.text)
    TIM_GetITStatus                          0x08001bc7   Thumb Code    34  stm32f4xx_tim.o(.text)
    TIM_ClearITPendingBit                    0x08001be9   Thumb Code     6  stm32f4xx_tim.o(.text)
    TIM_DMAConfig                            0x08001bef   Thumb Code    10  stm32f4xx_tim.o(.text)
    TIM_DMACmd                               0x08001bf9   Thumb Code    18  stm32f4xx_tim.o(.text)
    TIM_SelectCCDMA                          0x08001c0b   Thumb Code    24  stm32f4xx_tim.o(.text)
    TIM_InternalClockConfig                  0x08001c23   Thumb Code    12  stm32f4xx_tim.o(.text)
    TIM_SelectInputTrigger                   0x08001c2f   Thumb Code    18  stm32f4xx_tim.o(.text)
    TIM_ITRxExternalClockConfig              0x08001c41   Thumb Code    24  stm32f4xx_tim.o(.text)
    TIM_TIxExternalClockConfig               0x08001c59   Thumb Code    62  stm32f4xx_tim.o(.text)
    TIM_ETRConfig                            0x08001c97   Thumb Code    28  stm32f4xx_tim.o(.text)
    TIM_ETRClockMode1Config                  0x08001cb3   Thumb Code    54  stm32f4xx_tim.o(.text)
    TIM_ETRClockMode2Config                  0x08001ce9   Thumb Code    32  stm32f4xx_tim.o(.text)
    TIM_SelectOutputTrigger                  0x08001d09   Thumb Code    18  stm32f4xx_tim.o(.text)
    TIM_SelectSlaveMode                      0x08001d1b   Thumb Code    18  stm32f4xx_tim.o(.text)
    TIM_SelectMasterSlaveMode                0x08001d2d   Thumb Code    18  stm32f4xx_tim.o(.text)
    TIM_EncoderInterfaceConfig               0x08001d3f   Thumb Code    66  stm32f4xx_tim.o(.text)
    TIM_SelectHallSensor                     0x08001d81   Thumb Code    24  stm32f4xx_tim.o(.text)
    TIM_RemapConfig                          0x08001d99   Thumb Code     6  stm32f4xx_tim.o(.text)
    EXTI_DeInit                              0x08001da1   Thumb Code    28  stm32f4xx_exti.o(.text)
    EXTI_Init                                0x08001dbd   Thumb Code   142  stm32f4xx_exti.o(.text)
    EXTI_StructInit                          0x08001e4b   Thumb Code    16  stm32f4xx_exti.o(.text)
    EXTI_GenerateSWInterrupt                 0x08001e5b   Thumb Code    16  stm32f4xx_exti.o(.text)
    EXTI_GetFlagStatus                       0x08001e6b   Thumb Code    22  stm32f4xx_exti.o(.text)
    EXTI_ClearFlag                           0x08001e81   Thumb Code     8  stm32f4xx_exti.o(.text)
    EXTI_GetITStatus                         0x08001e89   Thumb Code    22  stm32f4xx_exti.o(.text)
    EXTI_ClearITPendingBit                   0x08001e9f   Thumb Code     8  stm32f4xx_exti.o(.text)
    SYSCFG_DeInit                            0x08001eb1   Thumb Code    22  stm32f4xx_syscfg.o(.text)
    SYSCFG_MemoryRemapConfig                 0x08001ec7   Thumb Code     6  stm32f4xx_syscfg.o(.text)
    SYSCFG_MemorySwappingBank                0x08001ecd   Thumb Code     6  stm32f4xx_syscfg.o(.text)
    SYSCFG_EXTILineConfig                    0x08001ed3   Thumb Code    66  stm32f4xx_syscfg.o(.text)
    SYSCFG_ETH_MediaInterfaceConfig          0x08001f15   Thumb Code     8  stm32f4xx_syscfg.o(.text)
    SYSCFG_CompensationCellCmd               0x08001f1d   Thumb Code     6  stm32f4xx_syscfg.o(.text)
    SYSCFG_GetCompensationCellStatus         0x08001f23   Thumb Code    22  stm32f4xx_syscfg.o(.text)
    DAC_DeInit                               0x08001f45   Thumb Code    22  stm32f4xx_dac.o(.text)
    DAC_Init                                 0x08001f5b   Thumb Code    46  stm32f4xx_dac.o(.text)
    DAC_StructInit                           0x08001f89   Thumb Code    12  stm32f4xx_dac.o(.text)
    DAC_Cmd                                  0x08001f95   Thumb Code    34  stm32f4xx_dac.o(.text)
    DAC_SoftwareTriggerCmd                   0x08001fb7   Thumb Code    48  stm32f4xx_dac.o(.text)
    DAC_DualSoftwareTriggerCmd               0x08001fe7   Thumb Code    38  stm32f4xx_dac.o(.text)
    DAC_WaveGenerationCmd                    0x0800200d   Thumb Code    36  stm32f4xx_dac.o(.text)
    DAC_SetChannel1Data                      0x08002031   Thumb Code    26  stm32f4xx_dac.o(.text)
    DAC_SetChannel2Data                      0x0800204b   Thumb Code    26  stm32f4xx_dac.o(.text)
    DAC_SetDualChannelData                   0x08002065   Thumb Code    32  stm32f4xx_dac.o(.text)
    DAC_GetDataOutputValue                   0x08002085   Thumb Code    32  stm32f4xx_dac.o(.text)
    DAC_DMACmd                               0x080020a5   Thumb Code    38  stm32f4xx_dac.o(.text)
    DAC_ITConfig                             0x080020cb   Thumb Code    36  stm32f4xx_dac.o(.text)
    DAC_GetFlagStatus                        0x080020ef   Thumb Code    28  stm32f4xx_dac.o(.text)
    DAC_ClearFlag                            0x0800210b   Thumb Code    12  stm32f4xx_dac.o(.text)
    DAC_GetITStatus                          0x08002117   Thumb Code    44  stm32f4xx_dac.o(.text)
    DAC_ClearITPendingBit                    0x08002143   Thumb Code    12  stm32f4xx_dac.o(.text)
    DMA_DeInit                               0x08002155   Thumb Code   324  stm32f4xx_dma.o(.text)
    DMA_Init                                 0x08002299   Thumb Code    82  stm32f4xx_dma.o(.text)
    DMA_StructInit                           0x080022eb   Thumb Code    34  stm32f4xx_dma.o(.text)
    DMA_Cmd                                  0x0800230d   Thumb Code    22  stm32f4xx_dma.o(.text)
    DMA_PeriphIncOffsetSizeConfig            0x08002323   Thumb Code    22  stm32f4xx_dma.o(.text)
    DMA_FlowControllerConfig                 0x08002339   Thumb Code    22  stm32f4xx_dma.o(.text)
    DMA_SetCurrDataCounter                   0x0800234f   Thumb Code     4  stm32f4xx_dma.o(.text)
    DMA_GetCurrDataCounter                   0x08002353   Thumb Code     8  stm32f4xx_dma.o(.text)
    DMA_DoubleBufferModeConfig               0x0800235b   Thumb Code    24  stm32f4xx_dma.o(.text)
    DMA_DoubleBufferModeCmd                  0x08002373   Thumb Code    22  stm32f4xx_dma.o(.text)
    DMA_MemoryTargetConfig                   0x08002389   Thumb Code    10  stm32f4xx_dma.o(.text)
    DMA_GetCurrentMemoryTarget               0x08002393   Thumb Code    20  stm32f4xx_dma.o(.text)
    DMA_GetCmdStatus                         0x080023a7   Thumb Code    20  stm32f4xx_dma.o(.text)
    DMA_GetFIFOStatus                        0x080023bb   Thumb Code    12  stm32f4xx_dma.o(.text)
    DMA_GetFlagStatus                        0x080023c7   Thumb Code    56  stm32f4xx_dma.o(.text)
    DMA_ClearFlag                            0x080023ff   Thumb Code    40  stm32f4xx_dma.o(.text)
    DMA_ITConfig                             0x08002427   Thumb Code    58  stm32f4xx_dma.o(.text)
    DMA_GetITStatus                          0x08002461   Thumb Code    84  stm32f4xx_dma.o(.text)
    DMA_ClearITPendingBit                    0x080024b5   Thumb Code    40  stm32f4xx_dma.o(.text)
    autorange_init                           0x080024fd   Thumb Code    48  adc.o(.text)
    read_ADC1_raw                            0x0800252d   Thumb Code    48  adc.o(.text)
    calibrate_ADC1                           0x0800255d   Thumb Code    56  adc.o(.text)
    ADC1_init                                0x08002595   Thumb Code   146  adc.o(.text)
    runningAverage                           0x08002627   Thumb Code    70  adc.o(.text)
    autoRange                                0x0800266d   Thumb Code   214  adc.o(.text)
    read_ADC1                                0x08002743   Thumb Code   904  adc.o(.text)
    set_cont_ADC1                            0x08002acb   Thumb Code    24  adc.o(.text)
    read_ADC1_NOAVERAGE                      0x08002ae3   Thumb Code   242  adc.o(.text)
    dac_initialise                           0x08002cc9   Thumb Code    64  dac.o(.text)
    generateSignal                           0x08002d09   Thumb Code   252  dac.o(.text)
    stopGenerating                           0x08002e05   Thumb Code    36  dac.o(.text)
    peakToPeak                               0x08002e29   Thumb Code   172  dac.o(.text)
    frequencyResponse                        0x08002ed5   Thumb Code   180  dac.o(.text)
    mode_switch_init                         0x08003019   Thumb Code    92  dmm.o(.text)
    stageAlpha                               0x08003075   Thumb Code   108  dmm.o(.text)
    initialise_Peripherals                   0x080030e1   Thumb Code    50  dmm.o(.text)
    stageBeta                                0x08003113   Thumb Code   110  dmm.o(.text)
    stageGamma                               0x08003181   Thumb Code    84  dmm.o(.text)
    signalGenerationMenu                     0x080031d5   Thumb Code   100  dmm.o(.text)
    frequencyResponseMenu                    0x08003239   Thumb Code    38  dmm.o(.text)
    menu                                     0x0800325f   Thumb Code  1360  dmm.o(.text)
    main                                     0x080037af   Thumb Code   116  dmm.o(.text)
    buffer_init                              0x08003931   Thumb Code    16  lcd_buffer.o(.text)
    buffer_destroy                           0x08003941   Thumb Code    12  lcd_buffer.o(.text)
    buffer_full                              0x0800394d   Thumb Code    30  lcd_buffer.o(.text)
    buffer_empty                             0x0800396b   Thumb Code    18  lcd_buffer.o(.text)
    buffer_put                               0x0800397d   Thumb Code    44  lcd_buffer.o(.text)
    buffer_get                               0x080039a9   Thumb Code    44  lcd_buffer.o(.text)
    lcd_write                                0x080039d9   Thumb Code    62  lcd_driver.o(.text)
    lcd_move_cursor                          0x08003a17   Thumb Code    36  lcd_driver.o(.text)
    lcd_clear_display                        0x08003a3b   Thumb Code    32  lcd_driver.o(.text)
    lcd_change_settings                      0x08003a5b   Thumb Code    34  lcd_driver.o(.text)
    lcd_setup_timer                          0x08003a7d   Thumb Code    54  lcd_driver.o(.text)
    lcd_setup_GPIO                           0x08003ab3   Thumb Code   150  lcd_driver.o(.text)
    lcd_init                                 0x08003b49   Thumb Code   130  lcd_driver.o(.text)
    lcd_write_string                         0x08003bcb   Thumb Code    58  lcd_driver.o(.text)
    lcd_scrolling                            0x08003c05   Thumb Code    48  lcd_driver.o(.text)
    TIM6_DAC_IRQHandler                      0x08003c35   Thumb Code   492  lcd_driver.o(.text)
    sendPacket                               0x08003e2d   Thumb Code    58  packet.o(.text)
    NodeConstructor                          0x08003e7d   Thumb Code    26  queue.o(.text)
    QueueConstructor                         0x08003e97   Thumb Code    32  queue.o(.text)
    Enqueue                                  0x08003eb7   Thumb Code    30  queue.o(.text)
    EnqueueString                            0x08003ed5   Thumb Code    26  queue.o(.text)
    Dequeue                                  0x08003eef   Thumb Code    50  queue.o(.text)
    DequeueString                            0x08003f21   Thumb Code    28  queue.o(.text)
    displayQueue                             0x08003f3d   Thumb Code    56  queue.o(.text)
    serial_init                              0x08003fc1   Thumb Code   190  serial.o(.text)
    bluetooth_init                           0x0800407f   Thumb Code   196  serial.o(.text)
    bt_send_str                              0x08004143   Thumb Code    56  serial.o(.text)
    uart_rec                                 0x0800417b   Thumb Code    26  serial.o(.text)
    bt_rec                                   0x08004195   Thumb Code    26  serial.o(.text)
    USART2_IRQHandler                        0x080041af   Thumb Code   104  serial.o(.text)
    USART3_IRQHandler                        0x08004217   Thumb Code   122  serial.o(.text)
    printBus                                 0x08004291   Thumb Code    30  serial.o(.text)
    sendchar                                 0x080042af   Thumb Code    26  serial.o(.text)
    fputc                                    0x080042c9   Thumb Code    28  serial.o(.text)
    ferror                                   0x080042e5   Thumb Code     8  serial.o(.text)
    _ttywrch                                 0x080042ed   Thumb Code    12  serial.o(.text)
    _sys_exit                                0x080042f9   Thumb Code     4  serial.o(.text)
    switch_init                              0x08004365   Thumb Code   230  switches.o(.text)
    EXTI9_5_IRQHandler                       0x0800444b   Thumb Code    60  switches.o(.text)
    EXTI15_10_IRQHandler                     0x08004487   Thumb Code   164  switches.o(.text)
    map                                      0x0800456d   Thumb Code   186  utils.o(.text)
    int2bin                                  0x08004627   Thumb Code    34  utils.o(.text)
    SysTick_Handler                          0x08004649   Thumb Code    12  utils.o(.text)
    Delay                                    0x08004655   Thumb Code    18  utils.o(.text)
    compare_float                            0x08004667   Thumb Code    44  utils.o(.text)
    rand_between                             0x08004693   Thumb Code    98  utils.o(.text)
    LED_Init                                 0x0800470d   Thumb Code    96  led.o(.text)
    LED_On                                   0x0800476d   Thumb Code    18  led.o(.text)
    LED_Off                                  0x0800477f   Thumb Code    26  led.o(.text)
    LED_Out                                  0x08004799   Thumb Code    38  led.o(.text)
    LED_Init1                                0x080047d5   Thumb Code    82  capacitance.o(.text)
    processResults                           0x08004827   Thumb Code    76  capacitance.o(.text)
    TIM2_IRQHandler                          0x08004873   Thumb Code    70  capacitance.o(.text)
    Timer_Init                               0x080048b9   Thumb Code    92  capacitance.o(.text)
    measureCapacitance                       0x08004915   Thumb Code    28  capacitance.o(.text)
    Reset_Handler                            0x08004979   Thumb Code     8  startup_stm32f407xx.o(.text)
    NMI_Handler                              0x08004981   Thumb Code     2  startup_stm32f407xx.o(.text)
    HardFault_Handler                        0x08004983   Thumb Code     2  startup_stm32f407xx.o(.text)
    MemManage_Handler                        0x08004985   Thumb Code     2  startup_stm32f407xx.o(.text)
    BusFault_Handler                         0x08004987   Thumb Code     2  startup_stm32f407xx.o(.text)
    UsageFault_Handler                       0x08004989   Thumb Code     2  startup_stm32f407xx.o(.text)
    SVC_Handler                              0x0800498b   Thumb Code     2  startup_stm32f407xx.o(.text)
    DebugMon_Handler                         0x0800498d   Thumb Code     2  startup_stm32f407xx.o(.text)
    PendSV_Handler                           0x0800498f   Thumb Code     2  startup_stm32f407xx.o(.text)
    ADC_IRQHandler                           0x08004993   Thumb Code     0  startup_stm32f407xx.o(.text)
    CAN1_RX0_IRQHandler                      0x08004993   Thumb Code     0  startup_stm32f407xx.o(.text)
    CAN1_RX1_IRQHandler                      0x08004993   Thumb Code     0  startup_stm32f407xx.o(.text)
    CAN1_SCE_IRQHandler                      0x08004993   Thumb Code     0  startup_stm32f407xx.o(.text)
    CAN1_TX_IRQHandler                       0x08004993   Thumb Code     0  startup_stm32f407xx.o(.text)
    CAN2_RX0_IRQHandler                      0x08004993   Thumb Code     0  startup_stm32f407xx.o(.text)
    CAN2_RX1_IRQHandler                      0x08004993   Thumb Code     0  startup_stm32f407xx.o(.text)
    CAN2_SCE_IRQHandler                      0x08004993   Thumb Code     0  startup_stm32f407xx.o(.text)
    CAN2_TX_IRQHandler                       0x08004993   Thumb Code     0  startup_stm32f407xx.o(.text)
    DCMI_IRQHandler                          0x08004993   Thumb Code     0  startup_stm32f407xx.o(.text)
    DMA1_Stream0_IRQHandler                  0x08004993   Thumb Code     0  startup_stm32f407xx.o(.text)
    DMA1_Stream1_IRQHandler                  0x08004993   Thumb Code     0  startup_stm32f407xx.o(.text)
    DMA1_Stream2_IRQHandler                  0x08004993   Thumb Code     0  startup_stm32f407xx.o(.text)
    DMA1_Stream3_IRQHandler                  0x08004993   Thumb Code     0  startup_stm32f407xx.o(.text)
    DMA1_Stream4_IRQHandler                  0x08004993   Thumb Code     0  startup_stm32f407xx.o(.text)
    DMA1_Stream5_IRQHandler                  0x08004993   Thumb Code     0  startup_stm32f407xx.o(.text)
    DMA1_Stream6_IRQHandler                  0x08004993   Thumb Code     0  startup_stm32f407xx.o(.text)
    DMA1_Stream7_IRQHandler                  0x08004993   Thumb Code     0  startup_stm32f407xx.o(.text)
    DMA2_Stream0_IRQHandler                  0x08004993   Thumb Code     0  startup_stm32f407xx.o(.text)
    DMA2_Stream1_IRQHandler                  0x08004993   Thumb Code     0  startup_stm32f407xx.o(.text)
    DMA2_Stream2_IRQHandler                  0x08004993   Thumb Code     0  startup_stm32f407xx.o(.text)
    DMA2_Stream3_IRQHandler                  0x08004993   Thumb Code     0  startup_stm32f407xx.o(.text)
    DMA2_Stream4_IRQHandler                  0x08004993   Thumb Code     0  startup_stm32f407xx.o(.text)
    DMA2_Stream5_IRQHandler                  0x08004993   Thumb Code     0  startup_stm32f407xx.o(.text)
    DMA2_Stream6_IRQHandler                  0x08004993   Thumb Code     0  startup_stm32f407xx.o(.text)
    DMA2_Stream7_IRQHandler                  0x08004993   Thumb Code     0  startup_stm32f407xx.o(.text)
    ETH_IRQHandler                           0x08004993   Thumb Code     0  startup_stm32f407xx.o(.text)
    ETH_WKUP_IRQHandler                      0x08004993   Thumb Code     0  startup_stm32f407xx.o(.text)
    EXTI0_IRQHandler                         0x08004993   Thumb Code     0  startup_stm32f407xx.o(.text)
    EXTI1_IRQHandler                         0x08004993   Thumb Code     0  startup_stm32f407xx.o(.text)
    EXTI2_IRQHandler                         0x08004993   Thumb Code     0  startup_stm32f407xx.o(.text)
    EXTI3_IRQHandler                         0x08004993   Thumb Code     0  startup_stm32f407xx.o(.text)
    EXTI4_IRQHandler                         0x08004993   Thumb Code     0  startup_stm32f407xx.o(.text)
    FLASH_IRQHandler                         0x08004993   Thumb Code     0  startup_stm32f407xx.o(.text)
    FMC_IRQHandler                           0x08004993   Thumb Code     0  startup_stm32f407xx.o(.text)
    FPU_IRQHandler                           0x08004993   Thumb Code     0  startup_stm32f407xx.o(.text)
    HASH_RNG_IRQHandler                      0x08004993   Thumb Code     0  startup_stm32f407xx.o(.text)
    I2C1_ER_IRQHandler                       0x08004993   Thumb Code     0  startup_stm32f407xx.o(.text)
    I2C1_EV_IRQHandler                       0x08004993   Thumb Code     0  startup_stm32f407xx.o(.text)
    I2C2_ER_IRQHandler                       0x08004993   Thumb Code     0  startup_stm32f407xx.o(.text)
    I2C2_EV_IRQHandler                       0x08004993   Thumb Code     0  startup_stm32f407xx.o(.text)
    I2C3_ER_IRQHandler                       0x08004993   Thumb Code     0  startup_stm32f407xx.o(.text)
    I2C3_EV_IRQHandler                       0x08004993   Thumb Code     0  startup_stm32f407xx.o(.text)
    OTG_FS_IRQHandler                        0x08004993   Thumb Code     0  startup_stm32f407xx.o(.text)
    OTG_FS_WKUP_IRQHandler                   0x08004993   Thumb Code     0  startup_stm32f407xx.o(.text)
    OTG_HS_EP1_IN_IRQHandler                 0x08004993   Thumb Code     0  startup_stm32f407xx.o(.text)
    OTG_HS_EP1_OUT_IRQHandler                0x08004993   Thumb Code     0  startup_stm32f407xx.o(.text)
    OTG_HS_IRQHandler                        0x08004993   Thumb Code     0  startup_stm32f407xx.o(.text)
    OTG_HS_WKUP_IRQHandler                   0x08004993   Thumb Code     0  startup_stm32f407xx.o(.text)
    PVD_IRQHandler                           0x08004993   Thumb Code     0  startup_stm32f407xx.o(.text)
    RCC_IRQHandler                           0x08004993   Thumb Code     0  startup_stm32f407xx.o(.text)
    RTC_Alarm_IRQHandler                     0x08004993   Thumb Code     0  startup_stm32f407xx.o(.text)
    RTC_WKUP_IRQHandler                      0x08004993   Thumb Code     0  startup_stm32f407xx.o(.text)
    SDIO_IRQHandler                          0x08004993   Thumb Code     0  startup_stm32f407xx.o(.text)
    SPI1_IRQHandler                          0x08004993   Thumb Code     0  startup_stm32f407xx.o(.text)
    SPI2_IRQHandler                          0x08004993   Thumb Code     0  startup_stm32f407xx.o(.text)
    SPI3_IRQHandler                          0x08004993   Thumb Code     0  startup_stm32f407xx.o(.text)
    TAMP_STAMP_IRQHandler                    0x08004993   Thumb Code     0  startup_stm32f407xx.o(.text)
    TIM1_BRK_TIM9_IRQHandler                 0x08004993   Thumb Code     0  startup_stm32f407xx.o(.text)
    TIM1_CC_IRQHandler                       0x08004993   Thumb Code     0  startup_stm32f407xx.o(.text)
    TIM1_TRG_COM_TIM11_IRQHandler            0x08004993   Thumb Code     0  startup_stm32f407xx.o(.text)
    TIM1_UP_TIM10_IRQHandler                 0x08004993   Thumb Code     0  startup_stm32f407xx.o(.text)
    TIM3_IRQHandler                          0x08004993   Thumb Code     0  startup_stm32f407xx.o(.text)
    TIM4_IRQHandler                          0x08004993   Thumb Code     0  startup_stm32f407xx.o(.text)
    TIM5_IRQHandler                          0x08004993   Thumb Code     0  startup_stm32f407xx.o(.text)
    TIM7_IRQHandler                          0x08004993   Thumb Code     0  startup_stm32f407xx.o(.text)
    TIM8_BRK_TIM12_IRQHandler                0x08004993   Thumb Code     0  startup_stm32f407xx.o(.text)
    TIM8_CC_IRQHandler                       0x08004993   Thumb Code     0  startup_stm32f407xx.o(.text)
    TIM8_TRG_COM_TIM14_IRQHandler            0x08004993   Thumb Code     0  startup_stm32f407xx.o(.text)
    TIM8_UP_TIM13_IRQHandler                 0x08004993   Thumb Code     0  startup_stm32f407xx.o(.text)
    UART4_IRQHandler                         0x08004993   Thumb Code     0  startup_stm32f407xx.o(.text)
    UART5_IRQHandler                         0x08004993   Thumb Code     0  startup_stm32f407xx.o(.text)
    USART1_IRQHandler                        0x08004993   Thumb Code     0  startup_stm32f407xx.o(.text)
    USART6_IRQHandler                        0x08004993   Thumb Code     0  startup_stm32f407xx.o(.text)
    WWDG_IRQHandler                          0x08004993   Thumb Code     0  startup_stm32f407xx.o(.text)
    __user_initial_stackheap                 0x08004995   Thumb Code     0  startup_stm32f407xx.o(.text)
    SystemInit                               0x08004a95   Thumb Code    88  system_stm32f4xx.o(.text)
    SystemCoreClockUpdate                    0x08004aed   Thumb Code   174  system_stm32f4xx.o(.text)
    __I$use$semihosting                      0x08004bc9   Thumb Code     0  use_no_semi.o(.text)
    __use_no_semihosting_swi                 0x08004bc9   Thumb Code     2  use_no_semi.o(.text)
    calloc                                   0x08004bcb   Thumb Code    40  calloc.o(.text)
    malloc                                   0x08004bf3   Thumb Code    94  h1_alloc.o(.text)
    free                                     0x08004c51   Thumb Code    78  h1_free.o(.text)
    __2printf                                0x08004ca1   Thumb Code    20  noretval__2printf.o(.text)
    __2sprintf                               0x08004cb9   Thumb Code    34  noretval__2sprintf.o(.text)
    _printf_str                              0x08004ce1   Thumb Code    82  _printf_str.o(.text)
    _printf_int_dec                          0x08004d35   Thumb Code   104  _printf_dec.o(.text)
    __printf                                 0x08004dad   Thumb Code   352  __printf_ss_wp.o(.text)
    __0sscanf                                0x08004f0d   Thumb Code    52  __0sscanf.o(.text)
    _scanf_int                               0x08004f49   Thumb Code   332  _scanf_int.o(.text)
    _scanf_string                            0x08005095   Thumb Code   224  _scanf_str.o(.text)
    srand                                    0x08005175   Thumb Code    42  rand.o(.text)
    _rand_init                               0x0800519f   Thumb Code     4  rand.o(.text)
    __aeabi_memcpy                           0x080051b1   Thumb Code     0  rt_memcpy_v6.o(.text)
    __rt_memcpy                              0x080051b1   Thumb Code   138  rt_memcpy_v6.o(.text)
    _memcpy_lastbytes                        0x08005217   Thumb Code     0  rt_memcpy_v6.o(.text)
    strcmp                                   0x0800523d   Thumb Code   128  strcmpv7m.o(.text)
    __use_two_region_memory                  0x080052bd   Thumb Code     2  heapauxi.o(.text)
    __rt_heap_escrow                         0x080052bf   Thumb Code     2  heapauxi.o(.text)
    __rt_heap_expand                         0x080052c1   Thumb Code     2  heapauxi.o(.text)
    __rt_heap_descriptor                     0x080052c5   Thumb Code     8  rt_heap_descriptor_intlibspace.o(.text)
    __use_no_heap                            0x080052cd   Thumb Code     2  hguard.o(.text)
    __heap$guard                             0x080052cf   Thumb Code     2  hguard.o(.text)
    _terminate_user_alloc                    0x080052d1   Thumb Code     2  init_alloc.o(.text)
    _init_user_alloc                         0x080052d3   Thumb Code     2  init_alloc.o(.text)
    __Heap_Full                              0x080052d5   Thumb Code    34  init_alloc.o(.text)
    __Heap_Broken                            0x080052f7   Thumb Code     6  init_alloc.o(.text)
    _init_alloc                              0x080052fd   Thumb Code    94  init_alloc.o(.text)
    __Heap_Initialize                        0x0800535b   Thumb Code    10  h1_init.o(.text)
    __Heap_DescSize                          0x08005365   Thumb Code     4  h1_init.o(.text)
    __read_errno                             0x08005369   Thumb Code    10  _rserrno.o(.text)
    __set_errno                              0x08005373   Thumb Code    12  _rserrno.o(.text)
    _printf_int_common                       0x0800537f   Thumb Code   178  _printf_intcommon.o(.text)
    __lib_sel_fp_printf                      0x08005431   Thumb Code     2  _printf_fp_dec.o(.text)
    _printf_fp_dec_real                      0x080055df   Thumb Code   620  _printf_fp_dec.o(.text)
    _printf_char_common                      0x08005857   Thumb Code    32  _printf_char_common.o(.text)
    _sputc                                   0x0800587d   Thumb Code    10  _sputc.o(.text)
    _printf_cs_common                        0x08005887   Thumb Code    20  _printf_char.o(.text)
    _printf_char                             0x0800589b   Thumb Code    16  _printf_char.o(.text)
    _printf_string                           0x080058ab   Thumb Code     8  _printf_char.o(.text)
    _printf_char_file                        0x080058b5   Thumb Code    32  _printf_char_file.o(.text)
    _chval                                   0x080058d9   Thumb Code    28  _chval.o(.text)
    _scanf_really_real                       0x08005af1   Thumb Code   668  scanf_fp.o(.text)
    __vfscanf_char                           0x08005da5   Thumb Code    24  scanf_char.o(.text)
    _sgetc                                   0x08005dc5   Thumb Code    30  _sgetc.o(.text)
    _sbackspace                              0x08005de3   Thumb Code    34  _sgetc.o(.text)
    __aeabi_memcpy4                          0x08005e05   Thumb Code     0  rt_memcpy_w.o(.text)
    __aeabi_memcpy8                          0x08005e05   Thumb Code     0  rt_memcpy_w.o(.text)
    __rt_memcpy_w                            0x08005e05   Thumb Code   100  rt_memcpy_w.o(.text)
    _memcpy_lastbytes_aligned                0x08005e4d   Thumb Code     0  rt_memcpy_w.o(.text)
    __aeabi_memclr                           0x08005e69   Thumb Code     0  rt_memclr.o(.text)
    __rt_memclr                              0x08005e69   Thumb Code    68  rt_memclr.o(.text)
    _memset                                  0x08005e6d   Thumb Code     0  rt_memclr.o(.text)
    __user_libspace                          0x08005ead   Thumb Code     8  libspace.o(.text)
    __user_perproc_libspace                  0x08005ead   Thumb Code     0  libspace.o(.text)
    __user_perthread_libspace                0x08005ead   Thumb Code     0  libspace.o(.text)
    __rt_locale                              0x08005eb5   Thumb Code     8  rt_locale_intlibspace.o(.text)
    __aeabi_errno_addr                       0x08005ebd   Thumb Code     8  rt_errno_addr_intlibspace.o(.text)
    __errno$intlibspace                      0x08005ebd   Thumb Code     0  rt_errno_addr_intlibspace.o(.text)
    __rt_errno_addr$intlibspace              0x08005ebd   Thumb Code     0  rt_errno_addr_intlibspace.o(.text)
    __Heap_ProvideMemory                     0x08005ec5   Thumb Code    52  h1_extend.o(.text)
    _ll_udiv10                               0x08005ef9   Thumb Code   138  lludiv10.o(.text)
    isspace                                  0x08005f83   Thumb Code    18  isspace.o(.text)
    _printf_fp_infnan                        0x08005f95   Thumb Code   112  _printf_fp_infnan.o(.text)
    __vfscanf                                0x08006015   Thumb Code   878  _scanf.o(.text)
    _btod_etento                             0x08006389   Thumb Code   216  bigflt0.o(.text)
    __rt_SIGRTMEM                            0x08006465   Thumb Code    14  defsig_rtmem_outer.o(.text)
    __aeabi_memclr4                          0x08006473   Thumb Code     0  rt_memclr_w.o(.text)
    __aeabi_memclr8                          0x08006473   Thumb Code     0  rt_memclr_w.o(.text)
    __rt_memclr_w                            0x08006473   Thumb Code    78  rt_memclr_w.o(.text)
    _memset_w                                0x08006477   Thumb Code     0  rt_memclr_w.o(.text)
    __user_setup_stackheap                   0x080064c1   Thumb Code    74  sys_stackheap_outer.o(.text)
    __rt_ctype_table                         0x0800650d   Thumb Code    16  rt_ctype_table.o(.text)
    _scanf_really_hex_real                   0x0800651d   Thumb Code   786  scanf_hexfp.o(.text)
    _scanf_really_infnan                     0x0800683d   Thumb Code   292  scanf_infnan.o(.text)
    exit                                     0x08006971   Thumb Code    18  exit.o(.text)
    __sig_exit                               0x08006983   Thumb Code    10  defsig_exit.o(.text)
    __rt_SIGRTMEM_inner                      0x0800698d   Thumb Code    22  defsig_rtmem_inner.o(.text)
    __aeabi_llsl                             0x080069dd   Thumb Code     0  llshl.o(.text)
    _ll_shift_l                              0x080069dd   Thumb Code    38  llshl.o(.text)
    __default_signal_display                 0x08006a03   Thumb Code    50  defsig_general.o(.text)
    _btod_d2e                                0x08006a35   Thumb Code    62  btod.o(CL$$btod_d2e)
    _d2e_denorm_low                          0x08006a73   Thumb Code    70  btod.o(CL$$btod_d2e_denorm_low)
    _d2e_norm_op1                            0x08006ab9   Thumb Code    96  btod.o(CL$$btod_d2e_norm_op1)
    __btod_div_common                        0x08006b19   Thumb Code   696  btod.o(CL$$btod_div_common)
    _e2d                                     0x08006e51   Thumb Code    80  btod.o(CL$$btod_e2d)
    _e2e                                     0x08006ea5   Thumb Code   198  btod.o(CL$$btod_e2e)
    _btod_ediv                               0x08006f6b   Thumb Code    40  btod.o(CL$$btod_ediv)
    _btod_edivd                              0x08006f93   Thumb Code    40  btod.o(CL$$btod_edivd)
    _btod_emul                               0x08006fbb   Thumb Code    40  btod.o(CL$$btod_emul)
    _btod_emuld                              0x08006fe3   Thumb Code    40  btod.o(CL$$btod_emuld)
    __btod_mult_common                       0x0800700b   Thumb Code   580  btod.o(CL$$btod_mult_common)
    __ARM_fpclassify                         0x0800724f   Thumb Code    48  fpclassify.o(i.__ARM_fpclassify)
    __hardfp_fabs                            0x0800727f   Thumb Code    20  fabs.o(i.__hardfp_fabs)
    __hardfp_ldexp                           0x08007299   Thumb Code   200  ldexp.o(i.__hardfp_ldexp)
    __hardfp_pow                             0x08007369   Thumb Code  3072  pow.o(i.__hardfp_pow)
    __kernel_poly                            0x08007fb9   Thumb Code   248  poly.o(i.__kernel_poly)
    __mathlib_dbl_divzero                    0x080080b1   Thumb Code    28  dunder.o(i.__mathlib_dbl_divzero)
    __mathlib_dbl_infnan2                    0x080080e1   Thumb Code    20  dunder.o(i.__mathlib_dbl_infnan2)
    __mathlib_dbl_invalid                    0x080080f9   Thumb Code    24  dunder.o(i.__mathlib_dbl_invalid)
    __mathlib_dbl_overflow                   0x08008119   Thumb Code    24  dunder.o(i.__mathlib_dbl_overflow)
    __mathlib_dbl_underflow                  0x08008139   Thumb Code    24  dunder.o(i.__mathlib_dbl_underflow)
    __mathlib_narrow                         0x08008159   Thumb Code   166  narrow.o(i.__mathlib_narrow)
    __support_ldexp                          0x08008211   Thumb Code    20  ldexp.o(i.__support_ldexp)
    _is_digit                                0x08008225   Thumb Code    14  __printf_wp.o(i._is_digit)
    fabs                                     0x08008233   Thumb Code    24  fabs.o(i.fabs)
    frexp                                    0x08008251   Thumb Code   118  frexp.o(i.frexp)
    sqrt                                     0x080082dd   Thumb Code   110  sqrt.o(i.sqrt)
    _get_lc_numeric                          0x0800834d   Thumb Code    44  lc_numeric_c.o(locale$$code)
    _get_lc_ctype                            0x08008379   Thumb Code    44  lc_ctype_c.o(locale$$code)
    __aeabi_dneg                             0x080083a5   Thumb Code     0  basic.o(x$fpl$basic)
    _dneg                                    0x080083a5   Thumb Code     6  basic.o(x$fpl$basic)
    __aeabi_fneg                             0x080083ab   Thumb Code     0  basic.o(x$fpl$basic)
    _fneg                                    0x080083ab   Thumb Code     6  basic.o(x$fpl$basic)
    _dabs                                    0x080083b1   Thumb Code     6  basic.o(x$fpl$basic)
    _fabs                                    0x080083b7   Thumb Code     6  basic.o(x$fpl$basic)
    __aeabi_d2f                              0x080083bd   Thumb Code     0  d2f.o(x$fpl$d2f)
    _d2f                                     0x080083bd   Thumb Code    98  d2f.o(x$fpl$d2f)
    __aeabi_dadd                             0x08008421   Thumb Code     0  daddsub_clz.o(x$fpl$dadd)
    _dadd                                    0x08008421   Thumb Code   332  daddsub_clz.o(x$fpl$dadd)
    __fpl_dcheck_NaN1                        0x08008571   Thumb Code    10  dcheck1.o(x$fpl$dcheck1)
    __fpl_dcmp_Inf                           0x08008581   Thumb Code    24  dcmpi.o(x$fpl$dcmpinf)
    __aeabi_ddiv                             0x08008599   Thumb Code     0  ddiv.o(x$fpl$ddiv)
    _ddiv                                    0x08008599   Thumb Code   552  ddiv.o(x$fpl$ddiv)
    __aeabi_cdcmpeq                          0x08008849   Thumb Code     0  deqf.o(x$fpl$deqf)
    _dcmpeq                                  0x08008849   Thumb Code   120  deqf.o(x$fpl$deqf)
    __aeabi_d2iz                             0x080088c1   Thumb Code     0  dfix.o(x$fpl$dfix)
    _dfix                                    0x080088c1   Thumb Code    94  dfix.o(x$fpl$dfix)
    __aeabi_d2uiz                            0x08008921   Thumb Code     0  dfixu.o(x$fpl$dfixu)
    _dfixu                                   0x08008921   Thumb Code    90  dfixu.o(x$fpl$dfixu)
    __aeabi_i2d                              0x0800897b   Thumb Code     0  dflt_clz.o(x$fpl$dflt)
    _dflt                                    0x0800897b   Thumb Code    46  dflt_clz.o(x$fpl$dflt)
    __aeabi_ui2d                             0x080089a9   Thumb Code     0  dflt_clz.o(x$fpl$dfltu)
    _dfltu                                   0x080089a9   Thumb Code    38  dflt_clz.o(x$fpl$dfltu)
    __aeabi_cdcmple                          0x080089d1   Thumb Code     0  dleqf.o(x$fpl$dleqf)
    _dcmple                                  0x080089d1   Thumb Code   120  dleqf.o(x$fpl$dleqf)
    __fpl_dcmple_InfNaN                      0x08008a33   Thumb Code     0  dleqf.o(x$fpl$dleqf)
    __aeabi_dmul                             0x08008a49   Thumb Code     0  dmul.o(x$fpl$dmul)
    _dmul                                    0x08008a49   Thumb Code   332  dmul.o(x$fpl$dmul)
    __fpl_dnaninf                            0x08008b9d   Thumb Code   156  dnaninf.o(x$fpl$dnaninf)
    __fpl_dretinf                            0x08008c39   Thumb Code    12  dretinf.o(x$fpl$dretinf)
    __aeabi_cdrcmple                         0x08008c45   Thumb Code     0  drleqf.o(x$fpl$drleqf)
    _drcmple                                 0x08008c45   Thumb Code   108  drleqf.o(x$fpl$drleqf)
    __aeabi_drsub                            0x08008cb1   Thumb Code     0  daddsub_clz.o(x$fpl$drsb)
    _drsb                                    0x08008cb1   Thumb Code    22  daddsub_clz.o(x$fpl$drsb)
    _dsqrt                                   0x08008cc9   Thumb Code   404  dsqrt_umaal.o(x$fpl$dsqrt)
    __aeabi_dsub                             0x08008e61   Thumb Code     0  daddsub_clz.o(x$fpl$dsub)
    _dsub                                    0x08008e61   Thumb Code   464  daddsub_clz.o(x$fpl$dsub)
    __aeabi_f2d                              0x08009035   Thumb Code     0  f2d.o(x$fpl$f2d)
    _f2d                                     0x08009035   Thumb Code    86  f2d.o(x$fpl$f2d)
    __fpl_fnaninf                            0x0800908b   Thumb Code   140  fnaninf.o(x$fpl$fnaninf)
    _fp_init                                 0x08009117   Thumb Code    10  fpinit.o(x$fpl$fpinit)
    __fplib_config_fpu_vfp                   0x0800911f   Thumb Code     0  fpinit.o(x$fpl$fpinit)
    __fplib_config_pureend_doubles           0x0800911f   Thumb Code     0  fpinit.o(x$fpl$fpinit)
    __fpl_fretinf                            0x08009121   Thumb Code    10  fretinf.o(x$fpl$fretinf)
    _printf_fp_dec                           0x0800912b   Thumb Code     4  printf1.o(x$fpl$printf1)
    __fpl_return_NaN                         0x0800912f   Thumb Code   100  retnan.o(x$fpl$retnan)
    __ARM_scalbn                             0x08009193   Thumb Code    92  scalbn.o(x$fpl$scalbn)
    _scanf_real                              0x080091ef   Thumb Code     4  scanf1.o(x$fpl$scanf1)
    _scanf_hex_real                          0x080091f3   Thumb Code     4  scanf2.o(x$fpl$scanf2)
    _scanf_infnan                            0x080091f7   Thumb Code     4  scanf2.o(x$fpl$scanf2)
    __fpl_cmpreturn                          0x080091fb   Thumb Code    48  trapv.o(x$fpl$trapveneer)
    __I$use$fp                               0x0800922a   Number         0  usenofp.o(x$fpl$usenofp)
    led_mask                                 0x0800924c   Data          16  led.o(.constdata)
    AHBPrescTable                            0x0800925c   Data          16  system_stm32f4xx.o(.constdata)
    __mathlib_zero                           0x080092f8   Data           8  qnan.o(.constdata)
    Region$$Table$$Base                      0x08009620   Number         0  anon$$obj.o(Region$$Table)
    Region$$Table$$Limit                     0x08009640   Number         0  anon$$obj.o(Region$$Table)
    __aeabi_HUGE_VAL                         0x08009640   Data           0  fpconst.o(c$$dinf)
    __aeabi_HUGE_VALL                        0x08009640   Data           0  fpconst.o(c$$dinf)
    __aeabi_INFINITY                         0x08009640   Data           0  fpconst.o(c$$dinf)
    __dInf                                   0x08009640   Data           0  fpconst.o(c$$dinf)
    __huge_val                               0x08009640   Data           0  fpconst.o(c$$dinf)
    __ctype                                  0x08009671   Data           0  lc_ctype_c.o(locale$$data)
    calibrationValue                         0x20000010   Data           2  adc.o(.data)
    isInitialised                            0x20000012   Data           1  adc.o(.data)
    ADC1_currentRange                        0x20000013   Data           1  adc.o(.data)
    sine                                     0x20000018   Data         256  dac.o(.data)
    square                                   0x20000118   Data         256  dac.o(.data)
    generatedSignal                          0x20000218   Data           4  dac.o(.data)
    OUT_FREQ                                 0x2000021c   Data           4  dac.o(.data)
    TIM_PERIOD                               0x20000220   Data           2  dac.o(.data)
    alphaInit                                0x20000228   Data           1  dmm.o(.data)
    betaInit                                 0x20000229   Data           1  dmm.o(.data)
    gammaInit                                0x2000022a   Data           1  dmm.o(.data)
    bluetoothQueue                           0x20000248   Data           4  serial.o(.data)
    debugQueue                               0x2000024c   Data           4  serial.o(.data)
    isPacket                                 0x20000250   Data           1  serial.o(.data)
    bluetoothConnected                       0x20000251   Data           1  serial.o(.data)
    bluetoothInitialised                     0x20000252   Data           1  serial.o(.data)
    debugInitialised                         0x20000253   Data           1  serial.o(.data)
    iU                                       0x20000254   Data           4  serial.o(.data)
    jU                                       0x20000258   Data           4  serial.o(.data)
    iB                                       0x2000025c   Data           4  serial.o(.data)
    jB                                       0x20000260   Data           4  serial.o(.data)
    __stdout                                 0x20000264   Data           4  serial.o(.data)
    localMenuPosition                        0x20000268   Data           1  switches.o(.data)
    msTicks                                  0x2000026c   Data           4  utils.o(.data)
    numHighTicks                             0x20000270   Data           4  capacitance.o(.data)
    timeHigh                                 0x20000278   Data           8  capacitance.o(.data)
    timerDone                                0x20000280   Data           1  capacitance.o(.data)
    SystemCoreClock                          0x20000284   Data           4  system_stm32f4xx.o(.data)
    TIM5_TimeBase                            0x20000288   Data          12  dac.o(.bss)
    unmalloc_buffer                          0x20000294   Data         512  lcd_buffer.o(.bss)
    lcd_commandBuffer                        0x20000494   Data          16  lcd_driver.o(.bss)
    debugBuf                                 0x200004a4   Data          17  serial.o(.bss)
    bluetoothBuf                             0x200004b5   Data          17  serial.o(.bss)
    _random_number_data                      0x200004c8   Data         228  rand.o(.bss)
    __libspace_start                         0x200005ac   Data          96  libspace.o(.bss)
    __temporary_stack_top$libspace           0x2000060c   Data           0  libspace.o(.bss)



==============================================================================

Memory Map of the image

  Image Entry point : 0x08000189

  Load Region LR_IROM1 (Base: 0x08000000, Size: 0x000099fc, Max: 0x00100000, ABSOLUTE, COMPRESSED[0x000098a0])

    Execution Region ER_IROM1 (Base: 0x08000000, Size: 0x00009774, Max: 0x00100000, ABSOLUTE)

    Base Addr    Size         Type   Attr      Idx    E Section Name        Object

    0x08000000   0x00000188   Data   RO          776    RESET               startup_stm32f407xx.o
    0x08000188   0x00000008   Code   RO          935  * !!!main             c_w.l(__main.o)
    0x08000190   0x00000034   Code   RO         1375    !!!scatter          c_w.l(__scatter.o)
    0x080001c4   0x0000005a   Code   RO         1373    !!dczerorl2         c_w.l(__dczerorl2.o)
    0x0800021e   0x00000002   PAD
    0x08000220   0x0000001c   Code   RO         1377    !!handler_zi        c_w.l(__scatter_zi.o)
    0x0800023c   0x00000000   Code   RO          917    .ARM.Collect$$_printf_percent$$00000000  c_w.l(_printf_percent.o)
    0x0800023c   0x00000006   Code   RO          916    .ARM.Collect$$_printf_percent$$00000003  c_w.l(_printf_f.o)
    0x08000242   0x00000006   Code   RO          915    .ARM.Collect$$_printf_percent$$00000009  c_w.l(_printf_d.o)
    0x08000248   0x00000006   Code   RO          914    .ARM.Collect$$_printf_percent$$00000014  c_w.l(_printf_s.o)
    0x0800024e   0x00000004   Code   RO         1037    .ARM.Collect$$_printf_percent$$00000017  c_w.l(_printf_percent_end.o)
    0x08000252   0x00000002   Code   RO         1283    .ARM.Collect$$libinit$$00000000  c_w.l(libinit.o)
    0x08000254   0x00000004   Code   RO         1052    .ARM.Collect$$libinit$$00000001  c_w.l(libinit2.o)
    0x08000258   0x00000000   Code   RO         1055    .ARM.Collect$$libinit$$00000004  c_w.l(libinit2.o)
    0x08000258   0x00000008   Code   RO         1056    .ARM.Collect$$libinit$$00000005  c_w.l(libinit2.o)
    0x08000260   0x00000000   Code   RO         1058    .ARM.Collect$$libinit$$0000000A  c_w.l(libinit2.o)
    0x08000260   0x00000000   Code   RO         1060    .ARM.Collect$$libinit$$0000000C  c_w.l(libinit2.o)
    0x08000260   0x00000004   Code   RO         1061    .ARM.Collect$$libinit$$0000000D  c_w.l(libinit2.o)
    0x08000264   0x00000000   Code   RO         1062    .ARM.Collect$$libinit$$0000000E  c_w.l(libinit2.o)
    0x08000264   0x00000006   Code   RO         1063    .ARM.Collect$$libinit$$0000000F  c_w.l(libinit2.o)
    0x0800026a   0x00000000   Code   RO         1065    .ARM.Collect$$libinit$$00000011  c_w.l(libinit2.o)
    0x0800026a   0x0000000c   Code   RO         1066    .ARM.Collect$$libinit$$00000012  c_w.l(libinit2.o)
    0x08000276   0x00000000   Code   RO         1067    .ARM.Collect$$libinit$$00000013  c_w.l(libinit2.o)
    0x08000276   0x00000000   Code   RO         1069    .ARM.Collect$$libinit$$00000015  c_w.l(libinit2.o)
    0x08000276   0x0000000a   Code   RO         1070    .ARM.Collect$$libinit$$00000016  c_w.l(libinit2.o)
    0x08000280   0x00000000   Code   RO         1071    .ARM.Collect$$libinit$$00000017  c_w.l(libinit2.o)
    0x08000280   0x00000000   Code   RO         1073    .ARM.Collect$$libinit$$00000019  c_w.l(libinit2.o)
    0x08000280   0x00000000   Code   RO         1075    .ARM.Collect$$libinit$$0000001B  c_w.l(libinit2.o)
    0x08000280   0x00000000   Code   RO         1077    .ARM.Collect$$libinit$$0000001D  c_w.l(libinit2.o)
    0x08000280   0x00000000   Code   RO         1079    .ARM.Collect$$libinit$$0000001F  c_w.l(libinit2.o)
    0x08000280   0x00000000   Code   RO         1081    .ARM.Collect$$libinit$$00000021  c_w.l(libinit2.o)
    0x08000280   0x00000000   Code   RO         1083    .ARM.Collect$$libinit$$00000023  c_w.l(libinit2.o)
    0x08000280   0x00000000   Code   RO         1085    .ARM.Collect$$libinit$$00000025  c_w.l(libinit2.o)
    0x08000280   0x00000000   Code   RO         1089    .ARM.Collect$$libinit$$0000002C  c_w.l(libinit2.o)
    0x08000280   0x00000000   Code   RO         1091    .ARM.Collect$$libinit$$0000002E  c_w.l(libinit2.o)
    0x08000280   0x00000000   Code   RO         1093    .ARM.Collect$$libinit$$00000030  c_w.l(libinit2.o)
    0x08000280   0x00000000   Code   RO         1095    .ARM.Collect$$libinit$$00000032  c_w.l(libinit2.o)
    0x08000280   0x00000002   Code   RO         1096    .ARM.Collect$$libinit$$00000033  c_w.l(libinit2.o)
    0x08000282   0x00000002   Code   RO         1370    .ARM.Collect$$libshutdown$$00000000  c_w.l(libshutdown.o)
    0x08000284   0x00000000   Code   RO         1310    .ARM.Collect$$libshutdown$$00000002  c_w.l(libshutdown2.o)
    0x08000284   0x00000000   Code   RO         1312    .ARM.Collect$$libshutdown$$00000004  c_w.l(libshutdown2.o)
    0x08000284   0x00000000   Code   RO         1315    .ARM.Collect$$libshutdown$$00000007  c_w.l(libshutdown2.o)
    0x08000284   0x00000000   Code   RO         1318    .ARM.Collect$$libshutdown$$0000000A  c_w.l(libshutdown2.o)
    0x08000284   0x00000000   Code   RO         1320    .ARM.Collect$$libshutdown$$0000000C  c_w.l(libshutdown2.o)
    0x08000284   0x00000000   Code   RO         1323    .ARM.Collect$$libshutdown$$0000000F  c_w.l(libshutdown2.o)
    0x08000284   0x00000002   Code   RO         1324    .ARM.Collect$$libshutdown$$00000010  c_w.l(libshutdown2.o)
    0x08000286   0x00000000   Code   RO          997    .ARM.Collect$$rtentry$$00000000  c_w.l(__rtentry.o)
    0x08000286   0x00000000   Code   RO         1149    .ARM.Collect$$rtentry$$00000002  c_w.l(__rtentry2.o)
    0x08000286   0x00000006   Code   RO         1161    .ARM.Collect$$rtentry$$00000004  c_w.l(__rtentry4.o)
    0x0800028c   0x00000000   Code   RO         1151    .ARM.Collect$$rtentry$$00000009  c_w.l(__rtentry2.o)
    0x0800028c   0x00000004   Code   RO         1152    .ARM.Collect$$rtentry$$0000000A  c_w.l(__rtentry2.o)
    0x08000290   0x00000000   Code   RO         1154    .ARM.Collect$$rtentry$$0000000C  c_w.l(__rtentry2.o)
    0x08000290   0x00000008   Code   RO         1155    .ARM.Collect$$rtentry$$0000000D  c_w.l(__rtentry2.o)
    0x08000298   0x00000002   Code   RO         1294    .ARM.Collect$$rtexit$$00000000  c_w.l(rtexit.o)
    0x0800029a   0x00000000   Code   RO         1344    .ARM.Collect$$rtexit$$00000002  c_w.l(rtexit2.o)
    0x0800029a   0x00000004   Code   RO         1345    .ARM.Collect$$rtexit$$00000003  c_w.l(rtexit2.o)
    0x0800029e   0x00000006   Code   RO         1346    .ARM.Collect$$rtexit$$00000004  c_w.l(rtexit2.o)
    0x080002a4   0x00000034   Code   RO          924    .emb_text           c_w.l(rand.o)
    0x080002d8   0x00000000   Code   RO         1175    .emb_text           c_w.l(maybetermalloc1.o)
    0x080002d8   0x00000294   Code   RO            4    .text               stm32f4xx_gpio.o
    0x0800056c   0x000000e0   Code   RO          135    .text               misc.o
    0x0800064c   0x0000065c   Code   RO          159    .text               stm32f4xx_rcc.o
    0x08000ca8   0x00000454   Code   RO          185    .text               stm32f4xx_usart.o
    0x080010fc   0x00000ca2   Code   RO          209    .text               stm32f4xx_tim.o
    0x08001d9e   0x00000002   PAD
    0x08001da0   0x00000110   Code   RO          233    .text               stm32f4xx_exti.o
    0x08001eb0   0x00000094   Code   RO          257    .text               stm32f4xx_syscfg.o
    0x08001f44   0x00000210   Code   RO          305    .text               stm32f4xx_dac.o
    0x08002154   0x000003a8   Code   RO          329    .text               stm32f4xx_dma.o
    0x080024fc   0x00000708   Code   RO          353    .text               adc.o
    0x08002c04   0x00000414   Code   RO          460    .text               dac.o
    0x08003018   0x00000918   Code   RO          503    .text               dmm.o
    0x08003930   0x000000a8   Code   RO          536    .text               lcd_buffer.o
    0x080039d8   0x00000454   Code   RO          554    .text               lcd_driver.o
    0x08003e2c   0x00000050   Code   RO          589    .text               packet.o
    0x08003e7c   0x00000144   Code   RO          613    .text               queue.o
    0x08003fc0   0x000003a4   Code   RO          628    .text               serial.o
    0x08004364   0x00000208   Code   RO          663    .text               switches.o
    0x0800456c   0x000001a0   Code   RO          693    .text               utils.o
    0x0800470c   0x000000c8   Code   RO          720    .text               led.o
    0x080047d4   0x000001a4   Code   RO          747    .text               capacitance.o
    0x08004978   0x00000040   Code   RO          777    .text               startup_stm32f407xx.o
    0x080049b8   0x00000210   Code   RO          784    .text               system_stm32f4xx.o
    0x08004bc8   0x00000002   Code   RO          814    .text               c_w.l(use_no_semi.o)
    0x08004bca   0x00000028   Code   RO          820    .text               c_w.l(calloc.o)
    0x08004bf2   0x0000005e   Code   RO          822    .text               c_w.l(h1_alloc.o)
    0x08004c50   0x0000004e   Code   RO          824    .text               c_w.l(h1_free.o)
    0x08004c9e   0x00000002   PAD
    0x08004ca0   0x00000018   Code   RO          884    .text               c_w.l(noretval__2printf.o)
    0x08004cb8   0x00000028   Code   RO          886    .text               c_w.l(noretval__2sprintf.o)
    0x08004ce0   0x00000052   Code   RO          890    .text               c_w.l(_printf_str.o)
    0x08004d32   0x00000002   PAD
    0x08004d34   0x00000078   Code   RO          892    .text               c_w.l(_printf_dec.o)
    0x08004dac   0x00000160   Code   RO          909    .text               c_w.l(__printf_ss_wp.o)
    0x08004f0c   0x0000003c   Code   RO          918    .text               c_w.l(__0sscanf.o)
    0x08004f48   0x0000014c   Code   RO          920    .text               c_w.l(_scanf_int.o)
    0x08005094   0x000000e0   Code   RO          922    .text               c_w.l(_scanf_str.o)
    0x08005174   0x0000003c   Code   RO          925    .text               c_w.l(rand.o)
    0x080051b0   0x0000008a   Code   RO          929    .text               c_w.l(rt_memcpy_v6.o)
    0x0800523a   0x00000002   PAD
    0x0800523c   0x00000080   Code   RO          931    .text               c_w.l(strcmpv7m.o)
    0x080052bc   0x00000006   Code   RO          933    .text               c_w.l(heapauxi.o)
    0x080052c2   0x00000002   PAD
    0x080052c4   0x00000008   Code   RO         1001    .text               c_w.l(rt_heap_descriptor_intlibspace.o)
    0x080052cc   0x00000004   Code   RO         1003    .text               c_w.l(hguard.o)
    0x080052d0   0x0000008a   Code   RO         1005    .text               c_w.l(init_alloc.o)
    0x0800535a   0x0000000e   Code   RO         1009    .text               c_w.l(h1_init.o)
    0x08005368   0x00000016   Code   RO         1023    .text               c_w.l(_rserrno.o)
    0x0800537e   0x000000b2   Code   RO         1025    .text               c_w.l(_printf_intcommon.o)
    0x08005430   0x0000041a   Code   RO         1027    .text               c_w.l(_printf_fp_dec.o)
    0x0800584a   0x00000002   PAD
    0x0800584c   0x00000030   Code   RO         1029    .text               c_w.l(_printf_char_common.o)
    0x0800587c   0x0000000a   Code   RO         1031    .text               c_w.l(_sputc.o)
    0x08005886   0x0000002c   Code   RO         1033    .text               c_w.l(_printf_char.o)
    0x080058b2   0x00000002   PAD
    0x080058b4   0x00000024   Code   RO         1035    .text               c_w.l(_printf_char_file.o)
    0x080058d8   0x0000001c   Code   RO         1038    .text               c_w.l(_chval.o)
    0x080058f4   0x000004a4   Code   RO         1040    .text               c_w.l(scanf_fp.o)
    0x08005d98   0x0000002c   Code   RO         1042    .text               c_w.l(scanf_char.o)
    0x08005dc4   0x00000040   Code   RO         1044    .text               c_w.l(_sgetc.o)
    0x08005e04   0x00000064   Code   RO         1046    .text               c_w.l(rt_memcpy_w.o)
    0x08005e68   0x00000044   Code   RO         1048    .text               c_w.l(rt_memclr.o)
    0x08005eac   0x00000008   Code   RO         1145    .text               c_w.l(libspace.o)
    0x08005eb4   0x00000008   Code   RO         1166    .text               c_w.l(rt_locale_intlibspace.o)
    0x08005ebc   0x00000008   Code   RO         1171    .text               c_w.l(rt_errno_addr_intlibspace.o)
    0x08005ec4   0x00000034   Code   RO         1177    .text               c_w.l(h1_extend.o)
    0x08005ef8   0x0000008a   Code   RO         1181    .text               c_w.l(lludiv10.o)
    0x08005f82   0x00000012   Code   RO         1183    .text               c_w.l(isspace.o)
    0x08005f94   0x00000080   Code   RO         1185    .text               c_w.l(_printf_fp_infnan.o)
    0x08006014   0x00000374   Code   RO         1189    .text               c_w.l(_scanf.o)
    0x08006388   0x000000dc   Code   RO         1191    .text               c_w.l(bigflt0.o)
    0x08006464   0x0000000e   Code   RO         1219    .text               c_w.l(defsig_rtmem_outer.o)
    0x08006472   0x0000004e   Code   RO         1223    .text               c_w.l(rt_memclr_w.o)
    0x080064c0   0x0000004a   Code   RO         1256    .text               c_w.l(sys_stackheap_outer.o)
    0x0800650a   0x00000002   PAD
    0x0800650c   0x00000010   Code   RO         1258    .text               c_w.l(rt_ctype_table.o)
    0x0800651c   0x00000320   Code   RO         1264    .text               c_w.l(scanf_hexfp.o)
    0x0800683c   0x00000134   Code   RO         1266    .text               c_w.l(scanf_infnan.o)
    0x08006970   0x00000012   Code   RO         1268    .text               c_w.l(exit.o)
    0x08006982   0x0000000a   Code   RO         1270    .text               c_w.l(defsig_exit.o)
    0x0800698c   0x00000050   Code   RO         1272    .text               c_w.l(defsig_rtmem_inner.o)
    0x080069dc   0x00000026   Code   RO         1300    .text               c_w.l(llshl.o)
    0x08006a02   0x00000032   Code   RO         1307    .text               c_w.l(defsig_general.o)
    0x08006a34   0x0000003e   Code   RO         1194    CL$$btod_d2e        c_w.l(btod.o)
    0x08006a72   0x00000046   Code   RO         1196    CL$$btod_d2e_denorm_low  c_w.l(btod.o)
    0x08006ab8   0x00000060   Code   RO         1195    CL$$btod_d2e_norm_op1  c_w.l(btod.o)
    0x08006b18   0x00000338   Code   RO         1204    CL$$btod_div_common  c_w.l(btod.o)
    0x08006e50   0x00000054   Code   RO         1202    CL$$btod_e2d        c_w.l(btod.o)
    0x08006ea4   0x000000c6   Code   RO         1201    CL$$btod_e2e        c_w.l(btod.o)
    0x08006f6a   0x00000028   Code   RO         1198    CL$$btod_ediv       c_w.l(btod.o)
    0x08006f92   0x00000028   Code   RO         1200    CL$$btod_edivd      c_w.l(btod.o)
    0x08006fba   0x00000028   Code   RO         1197    CL$$btod_emul       c_w.l(btod.o)
    0x08006fe2   0x00000028   Code   RO         1199    CL$$btod_emuld      c_w.l(btod.o)
    0x0800700a   0x00000244   Code   RO         1203    CL$$btod_mult_common  c_w.l(btod.o)
    0x0800724e   0x00000030   Code   RO         1126    i.__ARM_fpclassify  m_wm.l(fpclassify.o)
    0x0800727e   0x00000014   Code   RO          975    i.__hardfp_fabs     m_wm.l(fabs.o)
    0x08007292   0x00000006   PAD
    0x08007298   0x000000d0   Code   RO         1327    i.__hardfp_ldexp    m_wm.l(ldexp.o)
    0x08007368   0x00000c50   Code   RO          981    i.__hardfp_pow      m_wm.l(pow.o)
    0x08007fb8   0x000000f8   Code   RO         1128    i.__kernel_poly     m_wm.l(poly.o)
    0x080080b0   0x00000030   Code   RO         1112    i.__mathlib_dbl_divzero  m_wm.l(dunder.o)
    0x080080e0   0x00000014   Code   RO         1114    i.__mathlib_dbl_infnan2  m_wm.l(dunder.o)
    0x080080f4   0x00000004   PAD
    0x080080f8   0x00000020   Code   RO         1115    i.__mathlib_dbl_invalid  m_wm.l(dunder.o)
    0x08008118   0x00000020   Code   RO         1116    i.__mathlib_dbl_overflow  m_wm.l(dunder.o)
    0x08008138   0x00000020   Code   RO         1118    i.__mathlib_dbl_underflow  m_wm.l(dunder.o)
    0x08008158   0x000000b8   Code   RO         1248    i.__mathlib_narrow  m_wm.l(narrow.o)
    0x08008210   0x00000014   Code   RO         1329    i.__support_ldexp   m_wm.l(ldexp.o)
    0x08008224   0x0000000e   Code   RO          904    i._is_digit         c_w.l(__printf_wp.o)
    0x08008232   0x00000018   Code   RO          977    i.fabs              m_wm.l(fabs.o)
    0x0800824a   0x00000006   PAD
    0x08008250   0x0000008c   Code   RO         1290    i.frexp             m_wm.l(frexp.o)
    0x080082dc   0x0000006e   Code   RO         1133    i.sqrt              m_wm.l(sqrt.o)
    0x0800834a   0x00000002   PAD
    0x0800834c   0x0000002c   Code   RO         1217    locale$$code        c_w.l(lc_numeric_c.o)
    0x08008378   0x0000002c   Code   RO         1303    locale$$code        c_w.l(lc_ctype_c.o)
    0x080083a4   0x00000018   Code   RO         1097    x$fpl$basic         fz_wm.l(basic.o)
    0x080083bc   0x00000062   Code   RO          937    x$fpl$d2f           fz_wm.l(d2f.o)
    0x0800841e   0x00000002   PAD
    0x08008420   0x00000150   Code   RO          939    x$fpl$dadd          fz_wm.l(daddsub_clz.o)
    0x08008570   0x00000010   Code   RO         1230    x$fpl$dcheck1       fz_wm.l(dcheck1.o)
    0x08008580   0x00000018   Code   RO         1099    x$fpl$dcmpinf       fz_wm.l(dcmpi.o)
    0x08008598   0x000002b0   Code   RO          946    x$fpl$ddiv          fz_wm.l(ddiv.o)
    0x08008848   0x00000078   Code   RO         1284    x$fpl$deqf          fz_wm.l(deqf.o)
    0x080088c0   0x0000005e   Code   RO          949    x$fpl$dfix          fz_wm.l(dfix.o)
    0x0800891e   0x00000002   PAD
    0x08008920   0x0000005a   Code   RO          953    x$fpl$dfixu         fz_wm.l(dfixu.o)
    0x0800897a   0x0000002e   Code   RO          958    x$fpl$dflt          fz_wm.l(dflt_clz.o)
    0x080089a8   0x00000026   Code   RO          957    x$fpl$dfltu         fz_wm.l(dflt_clz.o)
    0x080089ce   0x00000002   PAD
    0x080089d0   0x00000078   Code   RO          963    x$fpl$dleqf         fz_wm.l(dleqf.o)
    0x08008a48   0x00000154   Code   RO          965    x$fpl$dmul          fz_wm.l(dmul.o)
    0x08008b9c   0x0000009c   Code   RO         1101    x$fpl$dnaninf       fz_wm.l(dnaninf.o)
    0x08008c38   0x0000000c   Code   RO         1103    x$fpl$dretinf       fz_wm.l(dretinf.o)
    0x08008c44   0x0000006c   Code   RO          967    x$fpl$drleqf        fz_wm.l(drleqf.o)
    0x08008cb0   0x00000016   Code   RO          940    x$fpl$drsb          fz_wm.l(daddsub_clz.o)
    0x08008cc6   0x00000002   PAD
    0x08008cc8   0x00000198   Code   RO         1232    x$fpl$dsqrt         fz_wm.l(dsqrt_umaal.o)
    0x08008e60   0x000001d4   Code   RO          941    x$fpl$dsub          fz_wm.l(daddsub_clz.o)
    0x08009034   0x00000056   Code   RO          969    x$fpl$f2d           fz_wm.l(f2d.o)
    0x0800908a   0x0000008c   Code   RO         1105    x$fpl$fnaninf       fz_wm.l(fnaninf.o)
    0x08009116   0x0000000a   Code   RO         1237    x$fpl$fpinit        fz_wm.l(fpinit.o)
    0x08009120   0x0000000a   Code   RO         1107    x$fpl$fretinf       fz_wm.l(fretinf.o)
    0x0800912a   0x00000004   Code   RO          971    x$fpl$printf1       fz_wm.l(printf1.o)
    0x0800912e   0x00000064   Code   RO         1286    x$fpl$retnan        fz_wm.l(retnan.o)
    0x08009192   0x0000005c   Code   RO         1109    x$fpl$scalbn        fz_wm.l(scalbn.o)
    0x080091ee   0x00000004   Code   RO          973    x$fpl$scanf1        fz_wm.l(scanf1.o)
    0x080091f2   0x00000008   Code   RO         1241    x$fpl$scanf2        fz_wm.l(scanf2.o)
    0x080091fa   0x00000030   Code   RO         1325    x$fpl$trapveneer    fz_wm.l(trapv.o)
    0x0800922a   0x00000000   Code   RO         1111    x$fpl$usenofp       fz_wm.l(usenofp.o)
    0x0800922a   0x00000002   PAD
    0x0800922c   0x00000020   Data   RO          504    .constdata          dmm.o
    0x0800924c   0x00000010   Data   RO          721    .constdata          led.o
    0x0800925c   0x00000010   Data   RO          785    .constdata          system_stm32f4xx.o
    0x0800926c   0x00000004   PAD
    0x08009270   0x00000088   Data   RO          984    .constdata          m_wm.l(pow.o)
    0x080092f8   0x00000008   Data   RO         1130    .constdata          m_wm.l(qnan.o)
    0x08009300   0x00000094   Data   RO         1192    .constdata          c_w.l(bigflt0.o)
    0x08009394   0x000000bb   Data   RO          354    .conststring        adc.o
    0x0800944f   0x00000001   PAD
    0x08009450   0x000000cc   Data   RO          462    .conststring        dac.o
    0x0800951c   0x00000103   Data   RO          505    .conststring        dmm.o
    0x0800961f   0x00000001   PAD
    0x08009620   0x00000020   Data   RO         1371    Region$$Table       anon$$obj.o
    0x08009640   0x00000008   Data   RO         1234    c$$dinf             fz_wm.l(fpconst.o)
    0x08009648   0x0000001c   Data   RO         1216    locale$$data        c_w.l(lc_numeric_c.o)
    0x08009664   0x00000110   Data   RO         1302    locale$$data        c_w.l(lc_ctype_c.o)


    Execution Region RW_IRAM1 (Base: 0x20000000, Size: 0x00000c10, Max: 0x00020000, ABSOLUTE, COMPRESSED[0x0000012c])

    Base Addr    Size         Type   Attr      Idx    E Section Name        Object

    0x20000000   0x00000010   Data   RW          160    .data               stm32f4xx_rcc.o
    0x20000010   0x00000005   Data   RW          355    .data               adc.o
    0x20000015   0x00000003   PAD
    0x20000018   0x00000210   Data   RW          463    .data               dac.o
    0x20000228   0x00000014   Data   RW          506    .data               dmm.o
    0x2000023c   0x00000009   Data   RW          556    .data               lcd_driver.o
    0x20000245   0x00000003   PAD
    0x20000248   0x00000020   Data   RW          630    .data               serial.o
    0x20000268   0x00000001   Data   RW          664    .data               switches.o
    0x20000269   0x00000003   PAD
    0x2000026c   0x00000004   Data   RW          694    .data               utils.o
    0x20000270   0x00000011   Data   RW          748    .data               capacitance.o
    0x20000281   0x00000003   PAD
    0x20000284   0x00000004   Data   RW          786    .data               system_stm32f4xx.o
    0x20000288   0x0000000c   Zero   RW          461    .bss                dac.o
    0x20000294   0x00000200   Zero   RW          537    .bss                lcd_buffer.o
    0x20000494   0x00000010   Zero   RW          555    .bss                lcd_driver.o
    0x200004a4   0x00000022   Zero   RW          629    .bss                serial.o
    0x200004c6   0x00000002   PAD
    0x200004c8   0x000000e4   Zero   RW          926    .bss                c_w.l(rand.o)
    0x200005ac   0x00000060   Zero   RW         1146    .bss                c_w.l(libspace.o)
    0x2000060c   0x00000004   PAD
    0x20000610   0x00000200   Zero   RW          775    HEAP                startup_stm32f407xx.o
    0x20000810   0x00000400   Zero   RW          774    STACK               startup_stm32f407xx.o


==============================================================================

Image component sizes


      Code (inc. data)   RO Data    RW Data    ZI Data      Debug   Object Name

      1800        250        187          5          0     240600   adc.o
       420         72          0         17          0       1471   capacitance.o
      1044        144        204        528         12       3284   dac.o
      2328        588        291         20          0      29977   dmm.o
       168          4          0          0        512       2246   lcd_buffer.o
      1108         58          0          9         16      29480   lcd_driver.o
       200         22         16          0          0       1529   led.o
       224         20          0          0          0       1893   misc.o
        80         22          0          0          0        973   packet.o
       324         76          0          0          0       2396   queue.o
       932        104          0         32         34       5475   serial.o
        64         26        392          0       1536        828   startup_stm32f407xx.o
       528          6          0          0          0       5121   stm32f4xx_dac.o
       936         32          0          0          0       6469   stm32f4xx_dma.o
       272         10          0          0          0       2363   stm32f4xx_exti.o
       660         44          0          0          0     315385   stm32f4xx_gpio.o
      1628         52          0         16          0      13160   stm32f4xx_rcc.o
       148         12          0          0          0       1865   stm32f4xx_syscfg.o
      3234         60          0          0          0      23092   stm32f4xx_tim.o
      1108         34          0          0          0       7960   stm32f4xx_usart.o
       520         66          0          1          0       1290   switches.o
       528         46         16          4          0       1767   system_stm32f4xx.o
       416         24          0          4          0       2733   utils.o

    ----------------------------------------------------------------------
     18672       1772       1144        648       2112     701357   Object Totals
         0          0         32          0          0          0   (incl. Generated)
         2          0          6         12          2          0   (incl. Padding)

    ----------------------------------------------------------------------

      Code (inc. data)   RO Data    RW Data    ZI Data      Debug   Library Member Name

        60          8          0          0          0         84   __0sscanf.o
        90          0          0          0          0          0   __dczerorl2.o
         8          0          0          0          0         68   __main.o
       352          0          0          0          0         88   __printf_ss_wp.o
        14          0          0          0          0         68   __printf_wp.o
         0          0          0          0          0          0   __rtentry.o
        12          0          0          0          0          0   __rtentry2.o
         6          0          0          0          0          0   __rtentry4.o
        52          8          0          0          0          0   __scatter.o
        28          0          0          0          0          0   __scatter_zi.o
        28          0          0          0          0         68   _chval.o
        44          0          0          0          0        108   _printf_char.o
        48          6          0          0          0         96   _printf_char_common.o
        36          4          0          0          0         80   _printf_char_file.o
         6          0          0          0          0          0   _printf_d.o
       120         16          0          0          0         92   _printf_dec.o
         6          0          0          0          0          0   _printf_f.o
      1050          0          0          0          0        216   _printf_fp_dec.o
       128         16          0          0          0         84   _printf_fp_infnan.o
       178          0          0          0          0         88   _printf_intcommon.o
         0          0          0          0          0          0   _printf_percent.o
         4          0          0          0          0          0   _printf_percent_end.o
         6          0          0          0          0          0   _printf_s.o
        82          0          0          0          0         80   _printf_str.o
        22          0          0          0          0        100   _rserrno.o
       884          6          0          0          0        100   _scanf.o
       332          0          0          0          0         96   _scanf_int.o
       224          0          0          0          0         96   _scanf_str.o
        64          0          0          0          0         84   _sgetc.o
        10          0          0          0          0         68   _sputc.o
       220          4        148          0          0         96   bigflt0.o
      2074        132          0          0          0        940   btod.o
        40          0          0          0          0         80   calloc.o
        10          0          0          0          0         68   defsig_exit.o
        50          0          0          0          0         88   defsig_general.o
        80         58          0          0          0         76   defsig_rtmem_inner.o
        14          0          0          0          0         80   defsig_rtmem_outer.o
        18          0          0          0          0         80   exit.o
        94          0          0          0          0         80   h1_alloc.o
        52          0          0          0          0         68   h1_extend.o
        78          0          0          0          0         80   h1_free.o
        14          0          0          0          0         84   h1_init.o
         6          0          0          0          0        152   heapauxi.o
         4          0          0          0          0        136   hguard.o
       138          0          0          0          0        168   init_alloc.o
        18          0          0          0          0         76   isspace.o
        44         10        272          0          0         76   lc_ctype_c.o
        44         10         28          0          0         76   lc_numeric_c.o
         2          0          0          0          0          0   libinit.o
        46          0          0          0          0          0   libinit2.o
         2          0          0          0          0          0   libshutdown.o
         2          0          0          0          0          0   libshutdown2.o
         8          4          0          0         96         68   libspace.o
        38          0          0          0          0         68   llshl.o
       138          0          0          0          0         80   lludiv10.o
         0          0          0          0          0          0   maybetermalloc1.o
        24          4          0          0          0         84   noretval__2printf.o
        40          6          0          0          0         84   noretval__2sprintf.o
       112         18          0          0        228        160   rand.o
        16          4          0          0          0         76   rt_ctype_table.o
         8          4          0          0          0         68   rt_errno_addr_intlibspace.o
         8          4          0          0          0         68   rt_heap_descriptor_intlibspace.o
         8          4          0          0          0         68   rt_locale_intlibspace.o
        68          0          0          0          0         68   rt_memclr.o
        78          0          0          0          0         80   rt_memclr_w.o
       138          0          0          0          0         68   rt_memcpy_v6.o
       100          0          0          0          0         80   rt_memcpy_w.o
         2          0          0          0          0          0   rtexit.o
        10          0          0          0          0          0   rtexit2.o
        44          8          0          0          0         84   scanf_char.o
      1188         12          0          0          0        148   scanf_fp.o
       800         14          0          0          0        100   scanf_hexfp.o
       308         16          0          0          0        100   scanf_infnan.o
       128          0          0          0          0         68   strcmpv7m.o
        74          0          0          0          0         80   sys_stackheap_outer.o
         2          0          0          0          0         68   use_no_semi.o
        24          0          0          0          0        164   basic.o
        98          4          0          0          0        140   d2f.o
       826         16          0          0          0        492   daddsub_clz.o
        16          4          0          0          0        116   dcheck1.o
        24          0          0          0          0        116   dcmpi.o
       688        140          0          0          0        256   ddiv.o
       120          4          0          0          0        140   deqf.o
        94          4          0          0          0        140   dfix.o
        90          4          0          0          0        140   dfixu.o
        84          0          0          0          0        232   dflt_clz.o
       120          4          0          0          0        140   dleqf.o
       340         12          0          0          0        152   dmul.o
       156          4          0          0          0        140   dnaninf.o
        12          0          0          0          0        116   dretinf.o
       108          0          0          0          0        128   drleqf.o
       408         56          0          0          0        168   dsqrt_umaal.o
        86          4          0          0          0        132   f2d.o
       140          4          0          0          0        132   fnaninf.o
         0          0          8          0          0          0   fpconst.o
        10          0          0          0          0        116   fpinit.o
        10          0          0          0          0        116   fretinf.o
         4          0          0          0          0        116   printf1.o
       100          0          0          0          0        116   retnan.o
        92          0          0          0          0        116   scalbn.o
         4          0          0          0          0        116   scanf1.o
         8          0          0          0          0        132   scanf2.o
        48          0          0          0          0        116   trapv.o
         0          0          0          0          0          0   usenofp.o
       164         44          0          0          0        620   dunder.o
        44          0          0          0          0        248   fabs.o
        48          0          0          0          0        124   fpclassify.o
       140         22          0          0          0        132   frexp.o
       228          8          0          0          0        308   ldexp.o
       184         18          0          0          0        152   narrow.o
       248          0          0          0          0        152   poly.o
      3152        296        136          0          0        352   pow.o
         0          0          8          0          0          0   qnan.o
       110          0          0          0          0        148   sqrt.o

    ----------------------------------------------------------------------
     18356       1024        600          0        328      12260   Library Totals
        44          0          0          0          4          0   (incl. Padding)

    ----------------------------------------------------------------------

      Code (inc. data)   RO Data    RW Data    ZI Data      Debug   Library Name

     10284        376        448          0        324       6036   c_w.l
      3710        260          8          0          0       3988   fz_wm.l
      4318        388        144          0          0       2236   m_wm.l

    ----------------------------------------------------------------------
     18356       1024        600          0        328      12260   Library Totals

    ----------------------------------------------------------------------

==============================================================================


      Code (inc. data)   RO Data    RW Data    ZI Data      Debug   

     37028       2796       1744        648       2440     700333   Grand Totals
     37028       2796       1744        300       2440     700333   ELF Image Totals (compressed)
     37028       2796       1744        300          0          0   ROM Totals

==============================================================================

    Total RO  Size (Code + RO Data)                38772 (  37.86kB)
    Total RW  Size (RW Data + ZI Data)              3088 (   3.02kB)
    Total ROM Size (Code + RO Data + RW Data)      39072 (  38.16kB)

==============================================================================

