<html>
<body>
<pre>
<h1>µVision Build Log</h1>
<h2>Project:</h2>
C:\D_and_c\ADC_LEDs\ADC_LEDs.uvproj
Project File Date:  02/07/2013

<h2>Output:</h2>
Build target 'STM32F407 FLASH'
assembling startup_stm32f4xx.s...
compiling system_stm32f4xx.c...
compiling LED.c...
LED.c(17): error:  #5: cannot open source input file "LED.h": No such file or directory
compiling ADC_LEDs.c...
ADC_LEDs.c(9): error:  #5: cannot open source input file "LED.h": No such file or directory
Target not created
Rebuild target 'STM32F407 FLASH'
assembling startup_stm32f4xx.s...
compiling system_stm32f4xx.c...
compiling LED.c...
LED.c(17): error:  #5: cannot open source input file "LED.h": No such file or directory
compiling ADC_LEDs.c...
ADC_LEDs.c(9): error:  #5: cannot open source input file "LED.h": No such file or directory
Target not created
Build target 'STM32F407 FLASH'
compiling LED.c...
compiling ADC_LEDs.c...
linking...
Program Size: Code=1456 RO-data=440 RW-data=24 ZI-data=1632  
"ADC_LEDs.axf" - 0 Error(s), 0 Warning(s).
Load "C:\\D_and_c\\ADC_LEDs\\ADC_LEDs.AXF" 
Internal DLL Error
Build target 'STM32F407 FLASH'
linking...
Program Size: Code=1456 RO-data=440 RW-data=24 ZI-data=1632  
"ADC_LEDs.axf" - 0 Error(s), 0 Warning(s).
Load "C:\\D_and_c\\ADC_LEDs\\ADC_LEDs.AXF" 
Internal DLL Error
Build target 'STM32F407 FLASH'
linking...
Program Size: Code=1456 RO-data=440 RW-data=24 ZI-data=1632  
"ADC_LEDs.axf" - 0 Error(s), 0 Warning(s).
Load "C:\\D_and_c\\ADC_LEDs\\ADC_LEDs.AXF" 
Erase Done.
Programming Done.
Verify OK.
